Component: ARM Compiler 5.06 update 4 (build 422) Tool: armlink [4d35d2]

==============================================================================

Section Cross References

    app.o(i.MainTask) refers to os_time.o(i.OSTimeDlyHMSM) for OSTimeDlyHMSM
    app.o(i.ModbusTask) refers to os_sem.o(i.OSSemPend) for OSSemPend
    app.o(i.ModbusTask) refers to os_time.o(i.OSTimeDlyHMSM) for OSTimeDlyHMSM
    app.o(i.SignalTask) refers to os_time.o(i.OSTimeDlyHMSM) for OSTimeDlyHMSM
    app.o(i.main) refers to cpu_a.o(.text) for CPU_IntDis
    app.o(i.main) refers to os_core.o(i.OSInit) for OSInit
    app.o(i.main) refers to bsp.o(i.BSP_Init) for BSP_Init
    app.o(i.main) refers to os_core.o(i.OSStatInit) for OSStatInit
    app.o(i.main) refers to os_task.o(i.OSTaskCreateExt) for OSTaskCreateExt
    app.o(i.main) refers to os_task.o(i.OSTaskNameSet) for OSTaskNameSet
    app.o(i.main) refers to os_time.o(i.OSTimeSet) for OSTimeSet
    app.o(i.main) refers to os_core.o(i.OSStart) for OSStart
    app.o(i.main) refers to app.o(.bss) for SignalTaskStk
    app.o(i.main) refers to app.o(i.SignalTask) for SignalTask
    app.o(i.main) refers to app.o(i.ModbusTask) for ModbusTask
    app.o(i.main) refers to app.o(i.MainTask) for MainTask
    stm32f10x_it.o(i.SysTick_Handler) refers to os_cpu_a.o(.text) for OS_CPU_SR_Save
    stm32f10x_it.o(i.SysTick_Handler) refers to os_core.o(i.OSTimeTick) for OSTimeTick
    stm32f10x_it.o(i.SysTick_Handler) refers to os_core.o(i.OSIntExit) for OSIntExit
    stm32f10x_it.o(i.SysTick_Handler) refers to os_core.o(.data) for OSIntNesting
    system_stm32f10x.o(i.SetSysClock) refers to system_stm32f10x.o(i.SetSysClockTo72) for SetSysClockTo72
    system_stm32f10x.o(i.SystemCoreClockUpdate) refers to system_stm32f10x.o(.data) for SystemCoreClock
    system_stm32f10x.o(i.SystemInit) refers to system_stm32f10x.o(i.SetSysClock) for SetSysClock
    bsp.o(i.BSP_CPU_ClkFreq) refers to stm32f10x_rcc.o(i.RCC_GetClocksFreq) for RCC_GetClocksFreq
    bsp.o(i.BSP_Init) refers to bsp.o(i.RCC_Configuration) for RCC_Configuration
    bsp.o(i.BSP_Init) refers to bsp.o(i.SysTick_Init) for SysTick_Init
    bsp.o(i.BSP_Init) refers to gpio.o(i.GpioCfg) for GpioCfg
    bsp.o(i.OS_CPU_SysTickClkFreq) refers to bsp.o(i.BSP_CPU_ClkFreq) for BSP_CPU_ClkFreq
    bsp.o(i.RCC_Configuration) refers to system_stm32f10x.o(i.SystemInit) for SystemInit
    bsp.o(i.SysTick_Init) refers to stm32f10x_rcc.o(i.RCC_GetClocksFreq) for RCC_GetClocksFreq
    gpio.o(i.GpioCfg) refers to stm32f10x_rcc.o(i.RCC_APB2PeriphClockCmd) for RCC_APB2PeriphClockCmd
    gpio.o(i.GpioCfg) refers to stm32f10x_gpio.o(i.GPIO_Init) for GPIO_Init
    stm32f10x_rcc.o(i.RCC_GetClocksFreq) refers to stm32f10x_rcc.o(.data) for APBAHBPrescTable
    stm32f10x_rcc.o(i.RCC_WaitForHSEStartUp) refers to stm32f10x_rcc.o(i.RCC_GetFlagStatus) for RCC_GetFlagStatus
    stm32f10x_gpio.o(i.GPIO_AFIODeInit) refers to stm32f10x_rcc.o(i.RCC_APB2PeriphResetCmd) for RCC_APB2PeriphResetCmd
    stm32f10x_gpio.o(i.GPIO_DeInit) refers to stm32f10x_rcc.o(i.RCC_APB2PeriphResetCmd) for RCC_APB2PeriphResetCmd
    startup_stm32f10x_hd.o(STACK) refers (Special) to heapauxi.o(.text) for __use_two_region_memory
    startup_stm32f10x_hd.o(HEAP) refers (Special) to heapauxi.o(.text) for __use_two_region_memory
    startup_stm32f10x_hd.o(RESET) refers (Special) to heapauxi.o(.text) for __use_two_region_memory
    startup_stm32f10x_hd.o(RESET) refers to startup_stm32f10x_hd.o(STACK) for __initial_sp
    startup_stm32f10x_hd.o(RESET) refers to startup_stm32f10x_hd.o(.text) for Reset_Handler
    startup_stm32f10x_hd.o(RESET) refers to stm32f10x_it.o(i.NMI_Handler) for NMI_Handler
    startup_stm32f10x_hd.o(RESET) refers to stm32f10x_it.o(i.HardFault_Handler) for HardFault_Handler
    startup_stm32f10x_hd.o(RESET) refers to stm32f10x_it.o(i.MemManage_Handler) for MemManage_Handler
    startup_stm32f10x_hd.o(RESET) refers to stm32f10x_it.o(i.BusFault_Handler) for BusFault_Handler
    startup_stm32f10x_hd.o(RESET) refers to stm32f10x_it.o(i.UsageFault_Handler) for UsageFault_Handler
    startup_stm32f10x_hd.o(RESET) refers to stm32f10x_it.o(i.SVC_Handler) for SVC_Handler
    startup_stm32f10x_hd.o(RESET) refers to stm32f10x_it.o(i.DebugMon_Handler) for DebugMon_Handler
    startup_stm32f10x_hd.o(RESET) refers to os_cpu_a.o(.text) for OS_CPU_PendSVHandler
    startup_stm32f10x_hd.o(RESET) refers to stm32f10x_it.o(i.SysTick_Handler) for SysTick_Handler
    startup_stm32f10x_hd.o(.text) refers (Special) to heapauxi.o(.text) for __use_two_region_memory
    startup_stm32f10x_hd.o(.text) refers to system_stm32f10x.o(i.SystemInit) for SystemInit
    startup_stm32f10x_hd.o(.text) refers to __main.o(!!!main) for __main
    startup_stm32f10x_hd.o(.text) refers to startup_stm32f10x_hd.o(HEAP) for Heap_Mem
    startup_stm32f10x_hd.o(.text) refers to startup_stm32f10x_hd.o(STACK) for Stack_Mem
    cpu_c.o(i.CPU_IntSrcDis) refers to cpu_a.o(.text) for CPU_SR_Save
[...]
    rtexit2.o(.ARM.Collect$$rtexit$$00000003) refers to libshutdown.o(.ARM.Collect$$libshutdown$$00000000) for __rt_lib_shutdown
    rtexit2.o(.ARM.Collect$$rtexit$$00000004) refers to sys_exit.o(.text) for _sys_exit
    rtexit2.o(.ARM.exidx) refers to rtexit2.o(.ARM.Collect$$rtexit$$00000001) for .ARM.Collect$$rtexit$$00000001
    rtexit2.o(.ARM.exidx) refers to rtexit2.o(.ARM.Collect$$rtexit$$00000003) for .ARM.Collect$$rtexit$$00000003
    rtexit2.o(.ARM.exidx) refers to rtexit2.o(.ARM.Collect$$rtexit$$00000004) for .ARM.Collect$$rtexit$$00000004
    argv_veneer.o(.emb_text) refers to no_argv.o(.text) for __ARM_get_argv
    sys_exit.o(.text) refers (Special) to use_no_semi.o(.text) for __I$use$semihosting
    sys_exit.o(.text) refers (Special) to indicate_semi.o(.text) for __semihosting_library_function
    _get_argv_nomalloc.o(.text) refers (Special) to hrguard.o(.text) for __heap_region$guard
    _get_argv_nomalloc.o(.text) refers to defsig_rtmem_outer.o(.text) for __rt_SIGRTMEM
    _get_argv_nomalloc.o(.text) refers to sys_command.o(.text) for _sys_command_string
    libshutdown.o(.ARM.Collect$$libshutdown$$00000000) refers (Special) to libshutdown2.o(.ARM.Collect$$libshutdown$$00000002) for __rt_lib_shutdown_cpp_1
    libshutdown.o(.ARM.Collect$$libshutdown$$00000000) refers (Special) to libshutdown2.o(.ARM.Collect$$libshutdown$$00000007) for __rt_lib_shutdown_fp_trap_1
    libshutdown.o(.ARM.Collect$$libshutdown$$00000000) refers (Special) to libshutdown2.o(.ARM.Collect$$libshutdown$$0000000F) for __rt_lib_shutdown_heap_1
    libshutdown.o(.ARM.Collect$$libshutdown$$00000000) refers (Special) to libshutdown2.o(.ARM.Collect$$libshutdown$$00000010) for __rt_lib_shutdown_return
    libshutdown.o(.ARM.Collect$$libshutdown$$00000000) refers (Special) to libshutdown2.o(.ARM.Collect$$libshutdown$$0000000A) for __rt_lib_shutdown_signal_1
    libshutdown.o(.ARM.Collect$$libshutdown$$00000000) refers (Special) to libshutdown2.o(.ARM.Collect$$libshutdown$$00000004) for __rt_lib_shutdown_stdio_1
    libshutdown.o(.ARM.Collect$$libshutdown$$00000000) refers (Special) to libshutdown2.o(.ARM.Collect$$libshutdown$$0000000C) for __rt_lib_shutdown_user_alloc_1
    sys_command.o(.text) refers (Special) to use_no_semi.o(.text) for __I$use$semihosting
    sys_command.o(.text) refers (Special) to indicate_semi.o(.text) for __semihosting_library_function
    defsig_rtmem_outer.o(.text) refers to defsig_rtmem_inner.o(.text) for __rt_SIGRTMEM_inner
    defsig_rtmem_outer.o(.text) refers to defsig_exit.o(.text) for __sig_exit
    defsig_rtmem_formal.o(.text) refers to rt_raise.o(.text) for __rt_raise
    rt_raise.o(.text) refers to __raise.o(.text) for __raise
    rt_raise.o(.text) refers to sys_exit.o(.text) for _sys_exit
    defsig_exit.o(.text) refers to sys_exit.o(.text) for _sys_exit
    defsig_rtmem_inner.o(.text) refers to defsig_general.o(.text) for __default_signal_display
    __raise.o(.text) refers to defsig.o(CL$$defsig) for __default_signal_handler
    defsig_general.o(.text) refers to sys_wrch.o(.text) for _ttywrch
    sys_wrch.o(.text) refers (Special) to use_no_semi.o(.text) for __I$use$semihosting
    sys_wrch.o(.text) refers (Special) to indicate_semi.o(.text) for __semihosting_library_function
    defsig.o(CL$$defsig) refers to defsig_rtmem_inner.o(.text) for __rt_SIGRTMEM_inner
    defsig_abrt_inner.o(.text) refers to defsig_general.o(.text) for __default_signal_display
    defsig_fpe_inner.o(.text) refers to defsig_general.o(.text) for __default_signal_display
    defsig_rtred_inner.o(.text) refers to defsig_general.o(.text) for __default_signal_display
    defsig_stak_inner.o(.text) refers to defsig_general.o(.text) for __default_signal_display
    defsig_pvfn_inner.o(.text) refers to defsig_general.o(.text) for __default_signal_display
    defsig_cppl_inner.o(.text) refers to defsig_general.o(.text) for __default_signal_display
    defsig_segv_inner.o(.text) refers to defsig_general.o(.text) for __default_signal_display
    defsig_other.o(.text) refers to defsig_general.o(.text) for __default_signal_display


==============================================================================

Removing Unused input sections from the image.

    Removing app.o(.rev16_text), (4 bytes).
    Removing app.o(.revsh_text), (4 bytes).
    Removing app.o(.rrx_text), (6 bytes).
    Removing stm32f10x_it.o(.rev16_text), (4 bytes).
    Removing stm32f10x_it.o(.revsh_text), (4 bytes).
    Removing stm32f10x_it.o(.rrx_text), (6 bytes).
    Removing stm32f10x_it.o(i.PendSV_Handler), (2 bytes).
    Removing system_stm32f10x.o(.rev16_text), (4 bytes).
    Removing system_stm32f10x.o(.revsh_text), (4 bytes).
    Removing system_stm32f10x.o(.rrx_text), (6 bytes).
    Removing system_stm32f10x.o(i.SystemCoreClockUpdate), (164 bytes).
    Removing system_stm32f10x.o(.data), (20 bytes).
    Removing bsp.o(.rev16_text), (4 bytes).
    Removing bsp.o(.revsh_text), (4 bytes).
    Removing bsp.o(.rrx_text), (6 bytes).
    Removing bsp.o(i.BSP_CPU_ClkFreq), (16 bytes).
    Removing bsp.o(i.OS_CPU_SysTickClkFreq), (12 bytes).
    Removing gpio.o(.rev16_text), (4 bytes).
    Removing gpio.o(.revsh_text), (4 bytes).
    Removing gpio.o(.rrx_text), (6 bytes).
    Removing stm32f10x_rcc.o(.rev16_text), (4 bytes).
    Removing stm32f10x_rcc.o(.revsh_text), (4 bytes).
    Removing stm32f10x_rcc.o(.rrx_text), (6 bytes).
    Removing stm32f10x_rcc.o(i.RCC_ADCCLKConfig), (24 bytes).
    Removing stm32f10x_rcc.o(i.RCC_AHBPeriphClockCmd), (32 bytes).
    Removing stm32f10x_rcc.o(i.RCC_APB1PeriphClockCmd), (32 bytes).
    Removing stm32f10x_rcc.o(i.RCC_APB1PeriphResetCmd), (32 bytes).
    Removing stm32f10x_rcc.o(i.RCC_APB2PeriphResetCmd), (32 bytes).
    Removing stm32f10x_rcc.o(i.RCC_AdjustHSICalibrationValue), (24 bytes).
    Removing stm32f10x_rcc.o(i.RCC_BackupResetCmd), (12 bytes).
    Removing stm32f10x_rcc.o(i.RCC_ClearFlag), (20 bytes).
    Removing stm32f10x_rcc.o(i.RCC_ClearITPendingBit), (12 bytes).
    Removing stm32f10x_rcc.o(i.RCC_ClockSecuritySystemCmd), (12 bytes).
    Removing stm32f10x_rcc.o(i.RCC_DeInit), (76 bytes).
    Removing stm32f10x_rcc.o(i.RCC_GetFlagStatus), (60 bytes).
    Removing stm32f10x_rcc.o(i.RCC_GetITStatus), (24 bytes).
    Removing stm32f10x_rcc.o(i.RCC_GetSYSCLKSource), (16 bytes).
    Removing stm32f10x_rcc.o(i.RCC_HCLKConfig), (24 bytes).
    Removing stm32f10x_rcc.o(i.RCC_HSEConfig), (76 bytes).
    Removing stm32f10x_rcc.o(i.RCC_HSICmd), (12 bytes).
    Removing stm32f10x_rcc.o(i.RCC_ITConfig), (32 bytes).
    Removing stm32f10x_rcc.o(i.RCC_LSEConfig), (52 bytes).
    Removing stm32f10x_rcc.o(i.RCC_LSICmd), (12 bytes).
    Removing stm32f10x_rcc.o(i.RCC_MCOConfig), (12 bytes).
    Removing stm32f10x_rcc.o(i.RCC_PCLK1Config), (24 bytes).
    Removing stm32f10x_rcc.o(i.RCC_PCLK2Config), (24 bytes).
    Removing stm32f10x_rcc.o(i.RCC_PLLCmd), (12 bytes).
    Removing stm32f10x_rcc.o(i.RCC_PLLConfig), (28 bytes).
    Removing stm32f10x_rcc.o(i.RCC_RTCCLKCmd), (12 bytes).
    Removing stm32f10x_rcc.o(i.RCC_RTCCLKConfig), (16 bytes).
    Removing stm32f10x_rcc.o(i.RCC_SYSCLKConfig), (24 bytes).
    Removing stm32f10x_rcc.o(i.RCC_USBCLKConfig), (12 bytes).
    Removing stm32f10x_rcc.o(i.RCC_WaitForHSEStartUp), (56 bytes).
    Removing stm32f10x_gpio.o(.rev16_text), (4 bytes).
    Removing stm32f10x_gpio.o(.revsh_text), (4 bytes).
    Removing stm32f10x_gpio.o(.rrx_text), (6 bytes).
    Removing stm32f10x_gpio.o(i.GPIO_AFIODeInit), (20 bytes).
    Removing stm32f10x_gpio.o(i.GPIO_DeInit), (200 bytes).
    Removing stm32f10x_gpio.o(i.GPIO_ETH_MediaInterfaceConfig), (12 bytes).
    Removing stm32f10x_gpio.o(i.GPIO_EXTILineConfig), (64 bytes).
    Removing stm32f10x_gpio.o(i.GPIO_EventOutputCmd), (12 bytes).
    Removing stm32f10x_gpio.o(i.GPIO_EventOutputConfig), (32 bytes).
    Removing stm32f10x_gpio.o(i.GPIO_PinLockConfig), (18 bytes).
    Removing stm32f10x_gpio.o(i.GPIO_PinRemapConfig), (144 bytes).
    Removing stm32f10x_gpio.o(i.GPIO_ReadInputData), (8 bytes).
    Removing stm32f10x_gpio.o(i.GPIO_ReadInputDataBit), (18 bytes).
    Removing stm32f10x_gpio.o(i.GPIO_ReadOutputData), (8 bytes).
    Removing stm32f10x_gpio.o(i.GPIO_ReadOutputDataBit), (18 bytes).
    Removing stm32f10x_gpio.o(i.GPIO_ResetBits), (4 bytes).
    Removing stm32f10x_gpio.o(i.GPIO_SetBits), (4 bytes).
    Removing stm32f10x_gpio.o(i.GPIO_StructInit), (16 bytes).
    Removing stm32f10x_gpio.o(i.GPIO_Write), (4 bytes).
    Removing stm32f10x_gpio.o(i.GPIO_WriteBit), (10 bytes).
    Removing cpu_c.o(i.CPU_BitBandClr), (68 bytes).
    Removing cpu_c.o(i.CPU_BitBandSet), (68 bytes).
    Removing cpu_c.o(i.CPU_IntSrcDis), (248 bytes).
    Removing cpu_c.o(i.CPU_IntSrcEn), (248 bytes).
    Removing cpu_c.o(i.CPU_IntSrcPrioGet), (332 bytes).
    Removing cpu_c.o(i.CPU_IntSrcPrioSet), (380 bytes).
    Removing os_cpu_c.o(.rev16_text), (4 bytes).
    Removing os_cpu_c.o(.revsh_text), (4 bytes).
    Removing os_cpu_c.o(.rrx_text), (6 bytes).
    Removing os_cpu_c.o(i.OSTaskDelHook), (2 bytes).
    Removing os_cpu_c.o(i.OS_CPU_SysTickHandler), (40 bytes).
    Removing os_cpu_c.o(i.OS_CPU_SysTickInit), (44 bytes).
    Removing os_dbg.o(.rev16_text), (4 bytes).
    Removing os_dbg.o(.revsh_text), (4 bytes).
    Removing os_dbg.o(.rrx_text), (6 bytes).
    Removing os_core.o(.rev16_text), (4 bytes).
    Removing os_core.o(.revsh_text), (4 bytes).
    Removing os_core.o(.rrx_text), (6 bytes).
    Removing os_core.o(i.OSEventNameGet), (104 bytes).
    Removing os_core.o(i.OSEventPendMulti), (688 bytes).
    Removing os_core.o(i.OSIntEnter), (36 bytes).
    Removing os_core.o(i.OSSchedLock), (64 bytes).
    Removing os_core.o(i.OSSchedUnlock), (96 bytes).
    Removing os_core.o(i.OSVersion), (6 bytes).
    Removing os_core.o(i.OS_Dummy), (2 bytes).
    Removing os_core.o(i.OS_EventTaskWaitMulti), (148 bytes).
    Removing os_core.o(i.OS_MemCopy), (20 bytes).
    Removing os_flag.o(.rev16_text), (4 bytes).
    Removing os_flag.o(.revsh_text), (4 bytes).
    Removing os_flag.o(.rrx_text), (6 bytes).
    Removing os_flag.o(i.OSFlagAccept), (252 bytes).
    Removing os_flag.o(i.OSFlagCreate), (100 bytes).
    Removing os_flag.o(i.OSFlagDel), (232 bytes).
    Removing os_flag.o(i.OSFlagNameGet), (88 bytes).
    Removing os_flag.o(i.OSFlagNameSet), (108 bytes).
    Removing os_flag.o(i.OSFlagPend), (600 bytes).
    Removing os_flag.o(i.OSFlagPendGetFlagsRdy), (32 bytes).
    Removing os_flag.o(i.OSFlagPost), (312 bytes).
    Removing os_flag.o(i.OSFlagQuery), (48 bytes).
    Removing os_flag.o(i.OS_FlagBlock), (164 bytes).
    Removing os_flag.o(i.OS_FlagTaskRdy), (92 bytes).
    Removing os_flag.o(i.OS_FlagUnlink), (36 bytes).
    Removing os_mbox.o(.rev16_text), (4 bytes).
    Removing os_mbox.o(.revsh_text), (4 bytes).
    Removing os_mbox.o(.rrx_text), (6 bytes).
    Removing os_mbox.o(i.OSMboxAccept), (38 bytes).
    Removing os_mbox.o(i.OSMboxCreate), (88 bytes).
    Removing os_mbox.o(i.OSMboxDel), (228 bytes).
    Removing os_mbox.o(i.OSMboxPend), (268 bytes).
    Removing os_mbox.o(i.OSMboxPendAbort), (128 bytes).
    Removing os_mbox.o(i.OSMboxPost), (80 bytes).
    Removing os_mbox.o(i.OSMboxPostOpt), (120 bytes).
    Removing os_mbox.o(i.OSMboxQuery), (76 bytes).
    Removing os_mem.o(.rev16_text), (4 bytes).
    Removing os_mem.o(.revsh_text), (4 bytes).
    Removing os_mem.o(.rrx_text), (6 bytes).
    Removing os_mem.o(i.OSMemCreate), (120 bytes).
    Removing os_mem.o(i.OSMemGet), (62 bytes).
    Removing os_mem.o(i.OSMemNameGet), (68 bytes).
    Removing os_mem.o(i.OSMemNameSet), (88 bytes).
    Removing os_mem.o(i.OSMemPut), (54 bytes).
    Removing os_mem.o(i.OSMemQuery), (52 bytes).
    Removing os_mutex.o(.rev16_text), (4 bytes).
    Removing os_mutex.o(.revsh_text), (4 bytes).
    Removing os_mutex.o(.rrx_text), (6 bytes).
    Removing os_mutex.o(i.OSMutexAccept), (148 bytes).
    Removing os_mutex.o(i.OSMutexCreate), (156 bytes).
    Removing os_mutex.o(i.OSMutexDel), (296 bytes).
    Removing os_mutex.o(i.OSMutexPend), (568 bytes).
    Removing os_mutex.o(i.OSMutexPost), (200 bytes).
    Removing os_mutex.o(i.OSMutexQuery), (112 bytes).
    Removing os_mutex.o(i.OSMutex_RdyAtPrio), (124 bytes).
    Removing os_q.o(.rev16_text), (4 bytes).
    Removing os_q.o(.revsh_text), (4 bytes).
    Removing os_q.o(.rrx_text), (6 bytes).
    Removing os_q.o(i.OSQAccept), (90 bytes).
    Removing os_q.o(i.OSQCreate), (164 bytes).
    Removing os_q.o(i.OSQDel), (268 bytes).
    Removing os_q.o(i.OSQFlush), (36 bytes).
    Removing os_q.o(i.OSQPend), (296 bytes).
    Removing os_q.o(i.OSQPendAbort), (128 bytes).
    Removing os_q.o(i.OSQPost), (114 bytes).
    Removing os_q.o(i.OSQPostFront), (116 bytes).
    Removing os_q.o(i.OSQPostOpt), (182 bytes).
    Removing os_q.o(i.OSQQuery), (100 bytes).
    Removing os_sem.o(.rev16_text), (4 bytes).
    Removing os_sem.o(.revsh_text), (4 bytes).
    Removing os_sem.o(.rrx_text), (6 bytes).
    Removing os_sem.o(i.OSSemAccept), (44 bytes).
    Removing os_sem.o(i.OSSemDel), (228 bytes).
    Removing os_sem.o(i.OSSemPendAbort), (128 bytes).
    Removing os_sem.o(i.OSSemQuery), (82 bytes).
    Removing os_sem.o(i.OSSemSet), (68 bytes).
    Removing os_task.o(.rev16_text), (4 bytes).
    Removing os_task.o(.revsh_text), (4 bytes).
    Removing os_task.o(.rrx_text), (6 bytes).
    Removing os_task.o(i.OSTaskChangePrio), (416 bytes).
    Removing os_task.o(i.OSTaskCreate), (164 bytes).
    Removing os_task.o(i.OSTaskDel), (360 bytes).
    Removing os_task.o(i.OSTaskDelReq), (108 bytes).
    Removing os_task.o(i.OSTaskNameGet), (128 bytes).
    Removing os_task.o(i.OSTaskQuery), (92 bytes).
    Removing os_task.o(i.OSTaskResume), (172 bytes).
    Removing os_time.o(.rev16_text), (4 bytes).
    Removing os_time.o(.revsh_text), (4 bytes).
    Removing os_time.o(.rrx_text), (6 bytes).
    Removing os_time.o(i.OSTimeDlyResume), (180 bytes).
    Removing os_time.o(i.OSTimeGet), (28 bytes).
    Removing os_tmr.o(.rev16_text), (4 bytes).
    Removing os_tmr.o(.revsh_text), (4 bytes).
    Removing os_tmr.o(.rrx_text), (6 bytes).
    Removing os_tmr.o(i.OSTmrCreate), (152 bytes).
    Removing os_tmr.o(i.OSTmrDel), (132 bytes).
    Removing os_tmr.o(i.OSTmrNameGet), (120 bytes).
    Removing os_tmr.o(i.OSTmrRemainGet), (172 bytes).
    Removing os_tmr.o(i.OSTmrStart), (136 bytes).
    Removing os_tmr.o(i.OSTmrStateGet), (92 bytes).
    Removing os_tmr.o(i.OSTmrStop), (188 bytes).
    Removing os_tmr.o(i.OSTmr_Alloc), (64 bytes).
    Removing os_tmr.o(i.OSTmr_Free), (80 bytes).

193 unused section(s) (total 14468 bytes) removed from the image.

==============================================================================

Image Symbol Table

    Local Symbols

    Symbol Name                              Value     Ov Type        Size  Object(Section)

    ../clib/angel/boardlib.s                 0x00000000   Number         0  boardshut.o ABSOLUTE
    ../clib/angel/boardlib.s                 0x00000000   Number         0  boardinit2.o ABSOLUTE
    ../clib/angel/boardlib.s                 0x00000000   Number         0  boardinit3.o ABSOLUTE
    ../clib/angel/boardlib.s                 0x00000000   Number         0  boardinit1.o ABSOLUTE
    ../clib/angel/handlers.s                 0x00000000   Number         0  __scatter_copy.o ABSOLUTE
    ../clib/angel/handlers.s                 0x00000000   Number         0  __scatter_zi.o ABSOLUTE
    ../clib/angel/kernel.s                   0x00000000   Number         0  __rtentry.o ABSOLUTE
    ../clib/angel/kernel.s                   0x00000000   Number         0  rtexit2.o ABSOLUTE
    ../clib/angel/kernel.s                   0x00000000   Number         0  rtexit.o ABSOLUTE
    ../clib/angel/kernel.s                   0x00000000   Number         0  __rtentry2.o ABSOLUTE
    ../clib/angel/kernel.s                   0x00000000   Number         0  __rtentry4.o ABSOLUTE
    ../clib/angel/rt.s                       0x00000000   Number         0  rt_raise.o ABSOLUTE
    ../clib/angel/scatter.s                  0x00000000   Number         0  __scatter.o ABSOLUTE
    ../clib/angel/startup.s                  0x00000000   Number         0  __main.o ABSOLUTE
    ../clib/angel/sys.s                      0x00000000   Number         0  sys_stackheap_outer.o ABSOLUTE
    ../clib/angel/sys.s                      0x00000000   Number         0  use_no_semi.o ABSOLUTE
    ../clib/angel/sys.s                      0x00000000   Number         0  indicate_semi.o ABSOLUTE
    ../clib/angel/sys.s                      0x00000000   Number         0  libspace.o ABSOLUTE
    ../clib/angel/sysapp.c                   0x00000000   Number         0  sys_command.o ABSOLUTE
    ../clib/angel/sysapp.c                   0x00000000   Number         0  sys_wrch.o ABSOLUTE
    ../clib/angel/sysapp.c                   0x00000000   Number         0  sys_exit.o ABSOLUTE
    ../clib/armsys.c                         0x00000000   Number         0  no_argv.o ABSOLUTE
    ../clib/armsys.c                         0x00000000   Number         0  _get_argv_nomalloc.o ABSOLUTE
    ../clib/armsys.c                         0x00000000   Number         0  argv_veneer.o ABSOLUTE
    ../clib/armsys.c                         0x00000000   Number         0  argv_veneer.o ABSOLUTE
    ../clib/heapalloc.c                      0x00000000   Number         0  hrguard.o ABSOLUTE
    ../clib/heapaux.c                        0x00000000   Number         0  heapauxi.o ABSOLUTE
    ../clib/libinit.s                        0x00000000   Number         0  libinit.o ABSOLUTE
    ../clib/libinit.s                        0x00000000   Number         0  libshutdown2.o ABSOLUTE
    ../clib/libinit.s                        0x00000000   Number         0  libshutdown.o ABSOLUTE
    ../clib/libinit.s                        0x00000000   Number         0  libinit2.o ABSOLUTE
    ../clib/signal.c                         0x00000000   Number         0  defsig_rtred_inner.o ABSOLUTE
    ../clib/signal.c                         0x00000000   Number         0  defsig_general.o ABSOLUTE
    ../clib/signal.c                         0x00000000   Number         0  defsig_rtmem_outer.o ABSOLUTE
    ../clib/signal.c                         0x00000000   Number         0  __raise.o ABSOLUTE
    ../clib/signal.c                         0x00000000   Number         0  defsig_rtmem_inner.o ABSOLUTE
    ../clib/signal.c                         0x00000000   Number         0  defsig_other.o ABSOLUTE
    ../clib/signal.c                         0x00000000   Number         0  defsig_segv_inner.o ABSOLUTE
    ../clib/signal.c                         0x00000000   Number         0  defsig_cppl_inner.o ABSOLUTE
    ../clib/signal.c                         0x00000000   Number         0  defsig_pvfn_inner.o ABSOLUTE
    ../clib/signal.c                         0x00000000   Number         0  defsig_stak_inner.o ABSOLUTE
    ../clib/signal.c                         0x00000000   Number         0  defsig_fpe_inner.o ABSOLUTE
    ../clib/signal.c                         0x00000000   Number         0  defsig_abrt_inner.o ABSOLUTE
    ../clib/signal.c                         0x00000000   Number         0  defsig_exit.o ABSOLUTE
    ../clib/signal.c                         0x00000000   Number         0  defsig_rtmem_formal.o ABSOLUTE
    ../clib/signal.s                         0x00000000   Number         0  defsig.o ABSOLUTE
    ../clib/stdlib.c                         0x00000000   Number         0  exit.o ABSOLUTE
    ../fplib/fpinit.s                        0x00000000   Number         0  fpinit.o ABSOLUTE
    ..\App\app.c                             0x00000000   Number         0  app.o ABSOLUTE
    ..\App\stm32f10x_it.c                    0x00000000   Number         0  stm32f10x_it.o ABSOLUTE
    ..\Bsp\bsp.c                             0x00000000   Number         0  bsp.o ABSOLUTE
    ..\Bsp\gpio.c                            0x00000000   Number         0  gpio.o ABSOLUTE
    ..\Fwlib\startup\arm\startup_stm32f10x_hd.s 0x00000000   Number         0  startup_stm32f10x_hd.o ABSOLUTE
    ..\Fwlib\stdlib\src\stm32f10x_gpio.c     0x00000000   Number         0  stm32f10x_gpio.o ABSOLUTE
    ..\Fwlib\stdlib\src\stm32f10x_rcc.c      0x00000000   Number         0  stm32f10x_rcc.o ABSOLUTE
    ..\Fwlib\system_stm32f10x.c              0x00000000   Number         0  system_stm32f10x.o ABSOLUTE
    ..\\App\\app.c                           0x00000000   Number         0  app.o ABSOLUTE
    ..\\App\\stm32f10x_it.c                  0x00000000   Number         0  stm32f10x_it.o ABSOLUTE
    ..\\Bsp\\bsp.c                           0x00000000   Number         0  bsp.o ABSOLUTE
    ..\\Bsp\\gpio.c                          0x00000000   Number         0  gpio.o ABSOLUTE
    ..\\Fwlib\\stdlib\\src\\stm32f10x_gpio.c 0x00000000   Number         0  stm32f10x_gpio.o ABSOLUTE
    ..\\Fwlib\\stdlib\\src\\stm32f10x_rcc.c  0x00000000   Number         0  stm32f10x_rcc.o ABSOLUTE
    ..\\Fwlib\\system_stm32f10x.c            0x00000000   Number         0  system_stm32f10x.o ABSOLUTE
    ..\\uCos_ii\\uCPort\\os_cpu_c.c          0x00000000   Number         0  os_cpu_c.o ABSOLUTE
    ..\\uCos_ii\\uCPort\\os_dbg.c            0x00000000   Number         0  os_dbg.o ABSOLUTE
    ..\\uCos_ii\\uCSource\\os_core.c         0x00000000   Number         0  os_core.o ABSOLUTE
    ..\\uCos_ii\\uCSource\\os_flag.c         0x00000000   Number         0  os_flag.o ABSOLUTE
    ..\\uCos_ii\\uCSource\\os_mbox.c         0x00000000   Number         0  os_mbox.o ABSOLUTE
    ..\\uCos_ii\\uCSource\\os_mem.c          0x00000000   Number         0  os_mem.o ABSOLUTE
    ..\\uCos_ii\\uCSource\\os_mutex.c        0x00000000   Number         0  os_mutex.o ABSOLUTE
    ..\\uCos_ii\\uCSource\\os_q.c            0x00000000   Number         0  os_q.o ABSOLUTE
    ..\\uCos_ii\\uCSource\\os_sem.c          0x00000000   Number         0  os_sem.o ABSOLUTE
    ..\\uCos_ii\\uCSource\\os_task.c         0x00000000   Number         0  os_task.o ABSOLUTE
    ..\\uCos_ii\\uCSource\\os_time.c         0x00000000   Number         0  os_time.o ABSOLUTE
    ..\\uCos_ii\\uCSource\\os_tmr.c          0x00000000   Number         0  os_tmr.o ABSOLUTE
    ..\uCos_ii\uCCPU\cpu_a.asm               0x00000000   Number         0  cpu_a.o ABSOLUTE
    ..\uCos_ii\uCCPU\cpu_c.c                 0x00000000   Number         0  cpu_c.o ABSOLUTE
    ..\uCos_ii\uCPort\os_cpu_a.asm           0x00000000   Number         0  os_cpu_a.o ABSOLUTE
    ..\uCos_ii\uCPort\os_cpu_c.c             0x00000000   Number         0  os_cpu_c.o ABSOLUTE
    ..\uCos_ii\uCPort\os_dbg.c               0x00000000   Number         0  os_dbg.o ABSOLUTE
    ..\uCos_ii\uCSource\os_core.c            0x00000000   Number         0  os_core.o ABSOLUTE
    ..\uCos_ii\uCSource\os_flag.c            0x00000000   Number         0  os_flag.o ABSOLUTE
    ..\uCos_ii\uCSource\os_mbox.c            0x00000000   Number         0  os_mbox.o ABSOLUTE
    ..\uCos_ii\uCSource\os_mem.c             0x00000000   Number         0  os_mem.o ABSOLUTE
    ..\uCos_ii\uCSource\os_mutex.c           0x00000000   Number         0  os_mutex.o ABSOLUTE
    ..\uCos_ii\uCSource\os_q.c               0x00000000   Number         0  os_q.o ABSOLUTE
    ..\uCos_ii\uCSource\os_sem.c             0x00000000   Number         0  os_sem.o ABSOLUTE
    ..\uCos_ii\uCSource\os_task.c            0x00000000   Number         0  os_task.o ABSOLUTE
    ..\uCos_ii\uCSource\os_time.c            0x00000000   Number         0  os_time.o ABSOLUTE
    ..\uCos_ii\uCSource\os_tmr.c             0x00000000   Number         0  os_tmr.o ABSOLUTE
    dc.s                                     0x00000000   Number         0  dc.o ABSOLUTE
    RESET                                    0x08000000   Section      304  startup_stm32f10x_hd.o(RESET)
    !!!main                                  0x08000130   Section        8  __main.o(!!!main)
    !!!scatter                               0x08000138   Section       52  __scatter.o(!!!scatter)
    !!handler_copy                           0x0800016c   Section       26  __scatter_copy.o(!!handler_copy)
    !!handler_zi                             0x08000188   Section       28  __scatter_zi.o(!!handler_zi)
    .ARM.Collect$$libinit$$00000000          0x080001a4   Section        2  libinit.o(.ARM.Collect$$libinit$$00000000)
    .ARM.Collect$$libinit$$00000002          0x080001a6   Section        0  libinit2.o(.ARM.Collect$$libinit$$00000002)
    .ARM.Collect$$libinit$$00000004          0x080001a6   Section        0  libinit2.o(.ARM.Collect$$libinit$$00000004)
    .ARM.Collect$$libinit$$0000000A          0x080001a6   Section        0  libinit2.o(.ARM.Collect$$libinit$$0000000A)
    .ARM.Collect$$libinit$$0000000C          0x080001a6   Section        0  libinit2.o(.ARM.Collect$$libinit$$0000000C)
    .ARM.Collect$$libinit$$0000000E          0x080001a6   Section        0  libinit2.o(.ARM.Collect$$libinit$$0000000E)
    .ARM.Collect$$libinit$$00000011          0x080001a6   Section        0  libinit2.o(.ARM.Collect$$libinit$$00000011)
    .ARM.Collect$$libinit$$00000013          0x080001a6   Section        0  libinit2.o(.ARM.Collect$$libinit$$00000013)
    .ARM.Collect$$libinit$$00000015          0x080001a6   Section        0  libinit2.o(.ARM.Collect$$libinit$$00000015)
    .ARM.Collect$$libinit$$00000017          0x080001a6   Section        0  libinit2.o(.ARM.Collect$$libinit$$00000017)
    .ARM.Collect$$libinit$$00000019          0x080001a6   Section        0  libinit2.o(.ARM.Collect$$libinit$$00000019)
    .ARM.Collect$$libinit$$0000001B          0x080001a6   Section        0  libinit2.o(.ARM.Collect$$libinit$$0000001B)
    .ARM.Collect$$libinit$$0000001D          0x080001a6   Section        0  libinit2.o(.ARM.Collect$$libinit$$0000001D)
    .ARM.Collect$$libinit$$0000001F          0x080001a6   Section        0  libinit2.o(.ARM.Collect$$libinit$$0000001F)
    .ARM.Collect$$libinit$$00000021          0x080001a6   Section        0  libinit2.o(.ARM.Collect$$libinit$$00000021)
    .ARM.Collect$$libinit$$00000023          0x080001a6   Section        0  libinit2.o(.ARM.Collect$$libinit$$00000023)
    .ARM.Collect$$libinit$$00000025          0x080001a6   Section        0  libinit2.o(.ARM.Collect$$libinit$$00000025)
    .ARM.Collect$$libinit$$0000002C          0x080001a6   Section        0  libinit2.o(.ARM.Collect$$libinit$$0000002C)
    .ARM.Collect$$libinit$$0000002E          0x080001a6   Section        0  libinit2.o(.ARM.Collect$$libinit$$0000002E)
    .ARM.Collect$$libinit$$00000030          0x080001a6   Section        0  libinit2.o(.ARM.Collect$$libinit$$00000030)
    .ARM.Collect$$libinit$$00000032          0x080001a6   Section        0  libinit2.o(.ARM.Collect$$libinit$$00000032)
    .ARM.Collect$$libinit$$00000033          0x080001a6   Section        2  libinit2.o(.ARM.Collect$$libinit$$00000033)
    .ARM.Collect$$libshutdown$$00000000      0x080001a8   Section        2  libshutdown.o(.ARM.Collect$$libshutdown$$00000000)
    .ARM.Collect$$libshutdown$$00000002      0x080001aa   Section        0  libshutdown2.o(.ARM.Collect$$libshutdown$$00000002)
    .ARM.Collect$$libshutdown$$00000004      0x080001aa   Section        0  libshutdown2.o(.ARM.Collect$$libshutdown$$00000004)
    .ARM.Collect$$libshutdown$$00000007      0x080001aa   Section        0  libshutdown2.o(.ARM.Collect$$libshutdown$$00000007)
    .ARM.Collect$$libshutdown$$0000000A      0x080001aa   Section        0  libshutdown2.o(.ARM.Collect$$libshutdown$$0000000A)
    .ARM.Collect$$libshutdown$$0000000C      0x080001aa   Section        0  libshutdown2.o(.ARM.Collect$$libshutdown$$0000000C)
    .ARM.Collect$$libshutdown$$0000000F      0x080001aa   Section        0  libshutdown2.o(.ARM.Collect$$libshutdown$$0000000F)
    .ARM.Collect$$libshutdown$$00000010      0x080001aa   Section        2  libshutdown2.o(.ARM.Collect$$libshutdown$$00000010)
    .ARM.Collect$$rtentry$$00000000          0x080001ac   Section        0  __rtentry.o(.ARM.Collect$$rtentry$$00000000)
    .ARM.Collect$$rtentry$$00000002          0x080001ac   Section        0  __rtentry2.o(.ARM.Collect$$rtentry$$00000002)
    .ARM.Collect$$rtentry$$00000004          0x080001ac   Section        6  __rtentry4.o(.ARM.Collect$$rtentry$$00000004)
    .ARM.Collect$$rtentry$$00000009          0x080001b2   Section        0  __rtentry2.o(.ARM.Collect$$rtentry$$00000009)
    .ARM.Collect$$rtentry$$0000000A          0x080001b2   Section        4  __rtentry2.o(.ARM.Collect$$rtentry$$0000000A)
    .ARM.Collect$$rtentry$$0000000C          0x080001b6   Section        0  __rtentry2.o(.ARM.Collect$$rtentry$$0000000C)
    .ARM.Collect$$rtentry$$0000000D          0x080001b6   Section        8  __rtentry2.o(.ARM.Collect$$rtentry$$0000000D)
    .ARM.Collect$$rtexit$$00000000           0x080001be   Section        2  rtexit.o(.ARM.Collect$$rtexit$$00000000)
    .ARM.Collect$$rtexit$$00000002           0x080001c0   Section        0  rtexit2.o(.ARM.Collect$$rtexit$$00000002)
    .ARM.Collect$$rtexit$$00000003           0x080001c0   Section        4  rtexit2.o(.ARM.Collect$$rtexit$$00000003)
    .ARM.Collect$$rtexit$$00000004           0x080001c4   Section        6  rtexit2.o(.ARM.Collect$$rtexit$$00000004)
    .text                                    0x080001cc   Section       64  startup_stm32f10x_hd.o(.text)
    .text                                    0x0800020c   Section       42  cpu_a.o(.text)
    .text                                    0x08000238   Section      164  os_cpu_a.o(.text)
    .text                                    0x080002dc   Section        0  heapauxi.o(.text)
    .text                                    0x080002e2   Section       74  sys_stackheap_outer.o(.text)
    .text                                    0x0800032c   Section        0  exit.o(.text)
    .text                                    0x08000340   Section        8  libspace.o(.text)
    .text                                    0x08000348   Section        0  sys_exit.o(.text)
    .text                                    0x08000354   Section        2  use_no_semi.o(.text)
    .text                                    0x08000356   Section        0  indicate_semi.o(.text)
    i.BSP_Init                               0x08000356   Section        0  bsp.o(i.BSP_Init)
    i.BusFault_Handler                       0x08000366   Section        0  stm32f10x_it.o(i.BusFault_Handler)
    i.DebugMon_Handler                       0x0800036a   Section        0  stm32f10x_it.o(i.DebugMon_Handler)
    i.GPIO_Init                              0x0800036c   Section        0  stm32f10x_gpio.o(i.GPIO_Init)
    i.GpioCfg                                0x08000484   Section        0  gpio.o(i.GpioCfg)
    i.HardFault_Handler                      0x080005b4   Section        0  stm32f10x_it.o(i.HardFault_Handler)
    i.MainTask                               0x080005b8   Section        0  app.o(i.MainTask)
    MainTask                                 0x080005b9   Thumb Code    16  app.o(i.MainTask)
    i.MemManage_Handler                      0x080005c8   Section        0  stm32f10x_it.o(i.MemManage_Handler)
    i.ModbusTask                             0x080005cc   Section        0  app.o(i.ModbusTask)
    ModbusTask                               0x080005cd   Thumb Code    28  app.o(i.ModbusTask)
    i.NMI_Handler                            0x080005e8   Section        0  stm32f10x_it.o(i.NMI_Handler)
    i.OSDebugInit                            0x080005ec   Section        0  os_dbg.o(i.OSDebugInit)
    i.OSEventNameSet                         0x08000700   Section        0  os_core.o(i.OSEventNameSet)
    i.OSInit                                 0x0800077c   Section        0  os_core.o(i.OSInit)
    i.OSInitHookBegin                        0x080007b4   Section        0  os_cpu_c.o(i.OSInitHookBegin)
    i.OSInitHookEnd                          0x080007c0   Section        0  os_cpu_c.o(i.OSInitHookEnd)
    i.OSIntExit                              0x080007c4   Section        0  os_core.o(i.OSIntExit)
    i.OSSemCreate                            0x08000854   Section        0  os_sem.o(i.OSSemCreate)
    i.OSSemPend                              0x080008ac   Section        0  os_sem.o(i.OSSemPend)
    i.OSSemPost                              0x080009a4   Section        0  os_sem.o(i.OSSemPost)
    i.OSStart                                0x080009fc   Section        0  os_core.o(i.OSStart)
    i.OSStatInit                             0x08000a44   Section        0  os_core.o(i.OSStatInit)
    i.OSTCBInitHook                          0x08000a90   Section        0  os_cpu_c.o(i.OSTCBInitHook)
    i.OSTaskCreateExt                        0x08000a94   Section        0  os_task.o(i.OSTaskCreateExt)
    i.OSTaskCreateHook                       0x08000b4c   Section        0  os_cpu_c.o(i.OSTaskCreateHook)
    i.OSTaskIdleHook                         0x08000b4e   Section        0  os_cpu_c.o(i.OSTaskIdleHook)
    i.OSTaskNameSet                          0x08000b50   Section        0  os_task.o(i.OSTaskNameSet)
    i.OSTaskStatHook                         0x08000be0   Section        0  os_cpu_c.o(i.OSTaskStatHook)
    i.OSTaskStkChk                           0x08000be4   Section        0  os_task.o(i.OSTaskStkChk)
    i.OSTaskStkInit                          0x08000c70   Section        0  os_cpu_c.o(i.OSTaskStkInit)
    i.OSTaskSuspend                          0x08000d0c   Section        0  os_task.o(i.OSTaskSuspend)
    i.OSTaskSwHook                           0x08000db4   Section        0  os_cpu_c.o(i.OSTaskSwHook)
    i.OSTimeDly                              0x08000db8   Section        0  os_time.o(i.OSTimeDly)
    i.OSTimeDlyHMSM                          0x08000e28   Section        0  os_time.o(i.OSTimeDlyHMSM)
    i.OSTimeSet                              0x08000e98   Section        0  os_time.o(i.OSTimeSet)
    i.OSTimeTick                             0x08000eb4   Section        0  os_core.o(i.OSTimeTick)
    i.OSTimeTickHook                         0x08000fa0   Section        0  os_cpu_c.o(i.OSTimeTickHook)
    i.OSTmrSignal                            0x08000fc4   Section        0  os_tmr.o(i.OSTmrSignal)
    i.OSTmr_Init                             0x08000fd8   Section        0  os_tmr.o(i.OSTmr_Init)
    i.OSTmr_InitTask                         0x080010b4   Section        0  os_tmr.o(i.OSTmr_InitTask)
    OSTmr_InitTask                           0x080010b5   Thumb Code    50  os_tmr.o(i.OSTmr_InitTask)
    i.OSTmr_Link                             0x08001104   Section        0  os_tmr.o(i.OSTmr_Link)
    OSTmr_Link                               0x08001105   Thumb Code   100  os_tmr.o(i.OSTmr_Link)
    i.OSTmr_Lock                             0x08001170   Section        0  os_tmr.o(i.OSTmr_Lock)
    OSTmr_Lock                               0x08001171   Thumb Code    16  os_tmr.o(i.OSTmr_Lock)
    i.OSTmr_Task                             0x08001184   Section        0  os_tmr.o(i.OSTmr_Task)
    OSTmr_Task                               0x08001185   Thumb Code   112  os_tmr.o(i.OSTmr_Task)
    i.OSTmr_Unlink                           0x08001200   Section        0  os_tmr.o(i.OSTmr_Unlink)
    OSTmr_Unlink                             0x08001201   Thumb Code    62  os_tmr.o(i.OSTmr_Unlink)
    i.OSTmr_Unlock                           0x08001244   Section        0  os_tmr.o(i.OSTmr_Unlock)
    OSTmr_Unlock                             0x08001245   Thumb Code    12  os_tmr.o(i.OSTmr_Unlock)
    i.OS_EventTaskRdy                        0x08001254   Section        0  os_core.o(i.OS_EventTaskRdy)
    i.OS_EventTaskRemove                     0x080012e4   Section        0  os_core.o(i.OS_EventTaskRemove)
    i.OS_EventTaskRemoveMulti                0x0800130e   Section        0  os_core.o(i.OS_EventTaskRemoveMulti)
    i.OS_EventTaskWait                       0x08001348   Section        0  os_core.o(i.OS_EventTaskWait)
    i.OS_EventWaitListInit                   0x080013c4   Section        0  os_core.o(i.OS_EventWaitListInit)
    i.OS_FlagInit                            0x080013e0   Section        0  os_flag.o(i.OS_FlagInit)
    i.OS_InitEventList                       0x0800142c   Section        0  os_core.o(i.OS_InitEventList)
    OS_InitEventList                         0x0800142d   Thumb Code    70  os_core.o(i.OS_InitEventList)
    i.OS_InitMisc                            0x0800147c   Section        0  os_core.o(i.OS_InitMisc)
    OS_InitMisc                              0x0800147d   Thumb Code    44  os_core.o(i.OS_InitMisc)
    i.OS_InitRdyList                         0x080014d0   Section        0  os_core.o(i.OS_InitRdyList)
    OS_InitRdyList                           0x080014d1   Thumb Code    46  os_core.o(i.OS_InitRdyList)
    i.OS_InitTCBList                         0x08001518   Section        0  os_core.o(i.OS_InitTCBList)
    OS_InitTCBList                           0x08001519   Thumb Code    86  os_core.o(i.OS_InitTCBList)
    i.OS_InitTaskIdle                        0x08001580   Section        0  os_core.o(i.OS_InitTaskIdle)
    OS_InitTaskIdle                          0x08001581   Thumb Code    50  os_core.o(i.OS_InitTaskIdle)
    i.OS_InitTaskStat                        0x080015d0   Section        0  os_core.o(i.OS_InitTaskStat)
    OS_InitTaskStat                          0x080015d1   Thumb Code    50  os_core.o(i.OS_InitTaskStat)
    i.OS_MemClr                              0x08001620   Section        0  os_core.o(i.OS_MemClr)
    i.OS_MemInit                             0x08001634   Section        0  os_mem.o(i.OS_MemInit)
    i.OS_QInit                               0x08001680   Section        0  os_q.o(i.OS_QInit)
    i.OS_Sched                               0x080016b8   Section        0  os_core.o(i.OS_Sched)
    i.OS_SchedNew                            0x0800172c   Section        0  os_core.o(i.OS_SchedNew)
    OS_SchedNew                              0x0800172d   Thumb Code    26  os_core.o(i.OS_SchedNew)
    i.OS_StrCopy                             0x08001758   Section        0  os_core.o(i.OS_StrCopy)
    i.OS_StrLen                              0x08001774   Section        0  os_core.o(i.OS_StrLen)
    i.OS_TCBInit                             0x08001788   Section        0  os_core.o(i.OS_TCBInit)
    i.OS_TaskIdle                            0x080018a8   Section        0  os_core.o(i.OS_TaskIdle)
    i.OS_TaskStat                            0x080018cc   Section        0  os_core.o(i.OS_TaskStat)
    i.OS_TaskStatStkChk                      0x08001954   Section        0  os_core.o(i.OS_TaskStatStkChk)
    i.OS_TaskStkClr                          0x08001990   Section        0  os_task.o(i.OS_TaskStkClr)
    i.RCC_APB2PeriphClockCmd                 0x080019ac   Section        0  stm32f10x_rcc.o(i.RCC_APB2PeriphClockCmd)
    i.RCC_Configuration                      0x080019cc   Section        0  bsp.o(i.RCC_Configuration)
    i.RCC_GetClocksFreq                      0x080019d4   Section        0  stm32f10x_rcc.o(i.RCC_GetClocksFreq)
    i.SVC_Handler                            0x08001aa8   Section        0  stm32f10x_it.o(i.SVC_Handler)
    i.SetSysClock                            0x08001aaa   Section        0  system_stm32f10x.o(i.SetSysClock)
    SetSysClock                              0x08001aab   Thumb Code     8  system_stm32f10x.o(i.SetSysClock)
    i.SetSysClockTo72                        0x08001ab4   Section        0  system_stm32f10x.o(i.SetSysClockTo72)
    SetSysClockTo72                          0x08001ab5   Thumb Code   214  system_stm32f10x.o(i.SetSysClockTo72)
    i.SignalTask                             0x08001b94   Section        0  app.o(i.SignalTask)
    SignalTask                               0x08001b95   Thumb Code    16  app.o(i.SignalTask)
    i.SysTick_Handler                        0x08001ba4   Section        0  stm32f10x_it.o(i.SysTick_Handler)
    i.SysTick_Init                           0x08001bcc   Section        0  bsp.o(i.SysTick_Init)
    i.SystemInit                             0x08001c30   Section        0  system_stm32f10x.o(i.SystemInit)
    i.UsageFault_Handler                     0x08001c90   Section        0  stm32f10x_it.o(i.UsageFault_Handler)
    i.main                                   0x08001c94   Section        0  app.o(i.main)
    .constdata                               0x08001d80   Section       94  os_dbg.o(.constdata)
    .constdata                               0x08001dde   Section      256  os_core.o(.constdata)
    .data                                    0x20000000   Section       20  stm32f10x_rcc.o(.data)
    APBAHBPrescTable                         0x20000000   Data          16  stm32f10x_rcc.o(.data)
    ADCPrescTable                            0x20000010   Data           4  stm32f10x_rcc.o(.data)
    .data                                    0x20000014   Section        2  os_cpu_c.o(.data)
    OSTmrCtr                                 0x20000014   Data           2  os_cpu_c.o(.data)
    .data                                    0x20000018   Section       92  os_core.o(.data)
    .bss                                     0x20000078   Section     3072  app.o(.bss)
    SignalTaskStk                            0x20000078   Data        1024  app.o(.bss)
    ModbusTaskStk                            0x20000478   Data        1024  app.o(.bss)
    MainTaskStk                              0x20000878   Data        1024  app.o(.bss)
    .bss                                     0x20000c78   Section     5320  os_core.o(.bss)
    .bss                                     0x20002140   Section       96  libspace.o(.bss)
    HEAP                                     0x200021a0   Section      512  startup_stm32f10x_hd.o(HEAP)
    Heap_Mem                                 0x200021a0   Data         512  startup_stm32f10x_hd.o(HEAP)
    STACK                                    0x200023a0   Section     1024  startup_stm32f10x_hd.o(STACK)
    Stack_Mem                                0x200023a0   Data        1024  startup_stm32f10x_hd.o(STACK)
    __initial_sp                             0x200027a0   Data           0  startup_stm32f10x_hd.o(STACK)

    Global Symbols

    Symbol Name                              Value     Ov Type        Size  Object(Section)

    BuildAttributes$$THM_ISAv4$P$D$K$B$S$PE$A:L22UL41UL21$X:L11$S22US41US21$IEEE1$IW$USESV6$~STKCKD$USESV7$~SHL$OSPACE$ROPI$EBA8$UX$STANDARDLIB$REQ8$PRES8$EABIv2 0x00000000   Number         0  anon$$obj.o ABSOLUTE
    __ARM_use_no_argv                        0x00000000   Number         0  app.o ABSOLUTE
    __ARM_exceptions_init                     - Undefined Weak Reference
    __alloca_initialize                       - Undefined Weak Reference
    __arm_preinit_                            - Undefined Weak Reference
    __cpp_initialize__aeabi_                  - Undefined Weak Reference
    __cxa_finalize                            - Undefined Weak Reference
    __rt_locale                               - Undefined Weak Reference
    __sigvec_lookup                           - Undefined Weak Reference
    _atexit_init                              - Undefined Weak Reference
    _call_atexit_fns                          - Undefined Weak Reference
    _clock_init                               - Undefined Weak Reference
    _fp_trap_init                             - Undefined Weak Reference
    _fp_trap_shutdown                         - Undefined Weak Reference
    _get_lc_collate                           - Undefined Weak Reference
    _get_lc_ctype                             - Undefined Weak Reference
    _get_lc_monetary                          - Undefined Weak Reference
    _get_lc_numeric                           - Undefined Weak Reference
    _get_lc_time                              - Undefined Weak Reference
    _getenv_init                              - Undefined Weak Reference
    _handle_redirection                       - Undefined Weak Reference
    _init_alloc                               - Undefined Weak Reference
    _init_user_alloc                          - Undefined Weak Reference
    _initio                                   - Undefined Weak Reference
    _rand_init                                - Undefined Weak Reference
    _signal_finish                            - Undefined Weak Reference
    _signal_init                              - Undefined Weak Reference
    _terminate_alloc                          - Undefined Weak Reference
    _terminate_user_alloc                     - Undefined Weak Reference
    _terminateio                              - Undefined Weak Reference
    __Vectors_Size                           0x00000130   Number         0  startup_stm32f10x_hd.o ABSOLUTE
    __Vectors                                0x08000000   Data           4  startup_stm32f10x_hd.o(RESET)
    __Vectors_End                            0x08000130   Data           0  startup_stm32f10x_hd.o(RESET)
    __main                                   0x08000131   Thumb Code     8  __main.o(!!!main)
    __scatterload                            0x08000139   Thumb Code     0  __scatter.o(!!!scatter)
    __scatterload_rt2                        0x08000139   Thumb Code    44  __scatter.o(!!!scatter)
    __scatterload_rt2_thumb_only             0x08000139   Thumb Code     0  __scatter.o(!!!scatter)
    __scatterload_null                       0x08000147   Thumb Code     0  __scatter.o(!!!scatter)
    __scatterload_copy                       0x0800016d   Thumb Code    26  __scatter_copy.o(!!handler_copy)
    __scatterload_zeroinit                   0x08000189   Thumb Code    28  __scatter_zi.o(!!handler_zi)
    __rt_lib_init                            0x080001a5   Thumb Code     0  libinit.o(.ARM.Collect$$libinit$$00000000)
    __rt_lib_init_alloca_1                   0x080001a7   Thumb Code     0  libinit2.o(.ARM.Collect$$libinit$$0000002E)
    __rt_lib_init_argv_1                     0x080001a7   Thumb Code     0  libinit2.o(.ARM.Collect$$libinit$$0000002C)
    __rt_lib_init_atexit_1                   0x080001a7   Thumb Code     0  libinit2.o(.ARM.Collect$$libinit$$0000001B)
    __rt_lib_init_clock_1                    0x080001a7   Thumb Code     0  libinit2.o(.ARM.Collect$$libinit$$00000021)
    __rt_lib_init_cpp_1                      0x080001a7   Thumb Code     0  libinit2.o(.ARM.Collect$$libinit$$00000032)
    __rt_lib_init_exceptions_1               0x080001a7   Thumb Code     0  libinit2.o(.ARM.Collect$$libinit$$00000030)
    __rt_lib_init_fp_1                       0x080001a7   Thumb Code     0  libinit2.o(.ARM.Collect$$libinit$$00000002)
    __rt_lib_init_fp_trap_1                  0x080001a7   Thumb Code     0  libinit2.o(.ARM.Collect$$libinit$$0000001F)
    __rt_lib_init_getenv_1                   0x080001a7   Thumb Code     0  libinit2.o(.ARM.Collect$$libinit$$00000023)
    __rt_lib_init_heap_1                     0x080001a7   Thumb Code     0  libinit2.o(.ARM.Collect$$libinit$$0000000A)
    __rt_lib_init_lc_collate_1               0x080001a7   Thumb Code     0  libinit2.o(.ARM.Collect$$libinit$$00000011)
    __rt_lib_init_lc_ctype_1                 0x080001a7   Thumb Code     0  libinit2.o(.ARM.Collect$$libinit$$00000013)
    __rt_lib_init_lc_monetary_1              0x080001a7   Thumb Code     0  libinit2.o(.ARM.Collect$$libinit$$00000015)
    __rt_lib_init_lc_numeric_1               0x080001a7   Thumb Code     0  libinit2.o(.ARM.Collect$$libinit$$00000017)
    __rt_lib_init_lc_time_1                  0x080001a7   Thumb Code     0  libinit2.o(.ARM.Collect$$libinit$$00000019)
    __rt_lib_init_preinit_1                  0x080001a7   Thumb Code     0  libinit2.o(.ARM.Collect$$libinit$$00000004)
    __rt_lib_init_rand_1                     0x080001a7   Thumb Code     0  libinit2.o(.ARM.Collect$$libinit$$0000000E)
    __rt_lib_init_return                     0x080001a7   Thumb Code     0  libinit2.o(.ARM.Collect$$libinit$$00000033)
    __rt_lib_init_signal_1                   0x080001a7   Thumb Code     0  libinit2.o(.ARM.Collect$$libinit$$0000001D)
    __rt_lib_init_stdio_1                    0x080001a7   Thumb Code     0  libinit2.o(.ARM.Collect$$libinit$$00000025)
    __rt_lib_init_user_alloc_1               0x080001a7   Thumb Code     0  libinit2.o(.ARM.Collect$$libinit$$0000000C)
    __rt_lib_shutdown                        0x080001a9   Thumb Code     0  libshutdown.o(.ARM.Collect$$libshutdown$$00000000)
    __rt_lib_shutdown_cpp_1                  0x080001ab   Thumb Code     0  libshutdown2.o(.ARM.Collect$$libshutdown$$00000002)
    __rt_lib_shutdown_fp_trap_1              0x080001ab   Thumb Code     0  libshutdown2.o(.ARM.Collect$$libshutdown$$00000007)
    __rt_lib_shutdown_heap_1                 0x080001ab   Thumb Code     0  libshutdown2.o(.ARM.Collect$$libshutdown$$0000000F)
    __rt_lib_shutdown_return                 0x080001ab   Thumb Code     0  libshutdown2.o(.ARM.Collect$$libshutdown$$00000010)
    __rt_lib_shutdown_signal_1               0x080001ab   Thumb Code     0  libshutdown2.o(.ARM.Collect$$libshutdown$$0000000A)
    __rt_lib_shutdown_stdio_1                0x080001ab   Thumb Code     0  libshutdown2.o(.ARM.Collect$$libshutdown$$00000004)
    __rt_lib_shutdown_user_alloc_1           0x080001ab   Thumb Code     0  libshutdown2.o(.ARM.Collect$$libshutdown$$0000000C)
    __rt_entry                               0x080001ad   Thumb Code     0  __rtentry.o(.ARM.Collect$$rtentry$$00000000)
    __rt_entry_presh_1                       0x080001ad   Thumb Code     0  __rtentry2.o(.ARM.Collect$$rtentry$$00000002)
    __rt_entry_sh                            0x080001ad   Thumb Code     0  __rtentry4.o(.ARM.Collect$$rtentry$$00000004)
    __rt_entry_li                            0x080001b3   Thumb Code     0  __rtentry2.o(.ARM.Collect$$rtentry$$0000000A)
    __rt_entry_postsh_1                      0x080001b3   Thumb Code     0  __rtentry2.o(.ARM.Collect$$rtentry$$00000009)
    __rt_entry_main                          0x080001b7   Thumb Code     0  __rtentry2.o(.ARM.Collect$$rtentry$$0000000D)
    __rt_entry_postli_1                      0x080001b7   Thumb Code     0  __rtentry2.o(.ARM.Collect$$rtentry$$0000000C)
    __rt_exit                                0x080001bf   Thumb Code     0  rtexit.o(.ARM.Collect$$rtexit$$00000000)
    __rt_exit_ls                             0x080001c1   Thumb Code     0  rtexit2.o(.ARM.Collect$$rtexit$$00000003)
    __rt_exit_prels_1                        0x080001c1   Thumb Code     0  rtexit2.o(.ARM.Collect$$rtexit$$00000002)
    __rt_exit_exit                           0x080001c5   Thumb Code     0  rtexit2.o(.ARM.Collect$$rtexit$$00000004)
    Reset_Handler                            0x080001cd   Thumb Code     8  startup_stm32f10x_hd.o(.text)
    ADC1_2_IRQHandler                        0x080001e7   Thumb Code     0  startup_stm32f10x_hd.o(.text)
    ADC3_IRQHandler                          0x080001e7   Thumb Code     0  startup_stm32f10x_hd.o(.text)
    CAN1_RX1_IRQHandler                      0x080001e7   Thumb Code     0  startup_stm32f10x_hd.o(.text)
    CAN1_SCE_IRQHandler                      0x080001e7   Thumb Code     0  startup_stm32f10x_hd.o(.text)
    DMA1_Channel1_IRQHandler                 0x080001e7   Thumb Code     0  startup_stm32f10x_hd.o(.text)
    DMA1_Channel2_IRQHandler                 0x080001e7   Thumb Code     0  startup_stm32f10x_hd.o(.text)
    DMA1_Channel3_IRQHandler                 0x080001e7   Thumb Code     0  startup_stm32f10x_hd.o(.text)
    DMA1_Channel4_IRQHandler                 0x080001e7   Thumb Code     0  startup_stm32f10x_hd.o(.text)
    DMA1_Channel5_IRQHandler                 0x080001e7   Thumb Code     0  startup_stm32f10x_hd.o(.text)
    DMA1_Channel6_IRQHandler                 0x080001e7   Thumb Code     0  startup_stm32f10x_hd.o(.text)
    DMA1_Channel7_IRQHandler                 0x080001e7   Thumb Code     0  startup_stm32f10x_hd.o(.text)
    DMA2_Channel1_IRQHandler                 0x080001e7   Thumb Code     0  startup_stm32f10x_hd.o(.text)
    DMA2_Channel2_IRQHandler                 0x080001e7   Thumb Code     0  startup_stm32f10x_hd.o(.text)
    DMA2_Channel3_IRQHandler                 0x080001e7   Thumb Code     0  startup_stm32f10x_hd.o(.text)
    DMA2_Channel4_5_IRQHandler               0x080001e7   Thumb Code     0  startup_stm32f10x_hd.o(.text)
    EXTI0_IRQHandler                         0x080001e7   Thumb Code     0  startup_stm32f10x_hd.o(.text)
    EXTI15_10_IRQHandler                     0x080001e7   Thumb Code     0  startup_stm32f10x_hd.o(.text)
    EXTI1_IRQHandler                         0x080001e7   Thumb Code     0  startup_stm32f10x_hd.o(.text)
    EXTI2_IRQHandler                         0x080001e7   Thumb Code     0  startup_stm32f10x_hd.o(.text)
    EXTI3_IRQHandler                         0x080001e7   Thumb Code     0  startup_stm32f10x_hd.o(.text)
    EXTI4_IRQHandler                         0x080001e7   Thumb Code     0  startup_stm32f10x_hd.o(.text)
    EXTI9_5_IRQHandler                       0x080001e7   Thumb Code     0  startup_stm32f10x_hd.o(.text)
    FLASH_IRQHandler                         0x080001e7   Thumb Code     0  startup_stm32f10x_hd.o(.text)
    FSMC_IRQHandler                          0x080001e7   Thumb Code     0  startup_stm32f10x_hd.o(.text)
    I2C1_ER_IRQHandler                       0x080001e7   Thumb Code     0  startup_stm32f10x_hd.o(.text)
    I2C1_EV_IRQHandler                       0x080001e7   Thumb Code     0  startup_stm32f10x_hd.o(.text)
    I2C2_ER_IRQHandler                       0x080001e7   Thumb Code     0  startup_stm32f10x_hd.o(.text)
    I2C2_EV_IRQHandler                       0x080001e7   Thumb Code     0  startup_stm32f10x_hd.o(.text)
    PVD_IRQHandler                           0x080001e7   Thumb Code     0  startup_stm32f10x_hd.o(.text)
    RCC_IRQHandler                           0x080001e7   Thumb Code     0  startup_stm32f10x_hd.o(.text)
    RTCAlarm_IRQHandler                      0x080001e7   Thumb Code     0  startup_stm32f10x_hd.o(.text)
    RTC_IRQHandler                           0x080001e7   Thumb Code     0  startup_stm32f10x_hd.o(.text)
    SDIO_IRQHandler                          0x080001e7   Thumb Code     0  startup_stm32f10x_hd.o(.text)
    SPI1_IRQHandler                          0x080001e7   Thumb Code     0  startup_stm32f10x_hd.o(.text)
    SPI2_IRQHandler                          0x080001e7   Thumb Code     0  startup_stm32f10x_hd.o(.text)
    SPI3_IRQHandler                          0x080001e7   Thumb Code     0  startup_stm32f10x_hd.o(.text)
    TAMPER_IRQHandler                        0x080001e7   Thumb Code     0  startup_stm32f10x_hd.o(.text)
    TIM1_BRK_IRQHandler                      0x080001e7   Thumb Code     0  startup_stm32f10x_hd.o(.text)
    TIM1_CC_IRQHandler                       0x080001e7   Thumb Code     0  startup_stm32f10x_hd.o(.text)
    TIM1_TRG_COM_IRQHandler                  0x080001e7   Thumb Code     0  startup_stm32f10x_hd.o(.text)
    TIM1_UP_IRQHandler                       0x080001e7   Thumb Code     0  startup_stm32f10x_hd.o(.text)
    TIM2_IRQHandler                          0x080001e7   Thumb Code     0  startup_stm32f10x_hd.o(.text)
    TIM3_IRQHandler                          0x080001e7   Thumb Code     0  startup_stm32f10x_hd.o(.text)
    TIM4_IRQHandler                          0x080001e7   Thumb Code     0  startup_stm32f10x_hd.o(.text)
    TIM5_IRQHandler                          0x080001e7   Thumb Code     0  startup_stm32f10x_hd.o(.text)
    TIM6_IRQHandler                          0x080001e7   Thumb Code     0  startup_stm32f10x_hd.o(.text)
    TIM7_IRQHandler                          0x080001e7   Thumb Code     0  startup_stm32f10x_hd.o(.text)
    TIM8_BRK_IRQHandler                      0x080001e7   Thumb Code     0  startup_stm32f10x_hd.o(.text)
    TIM8_CC_IRQHandler                       0x080001e7   Thumb Code     0  startup_stm32f10x_hd.o(.text)
    TIM8_TRG_COM_IRQHandler                  0x080001e7   Thumb Code     0  startup_stm32f10x_hd.o(.text)
    TIM8_UP_IRQHandler                       0x080001e7   Thumb Code     0  startup_stm32f10x_hd.o(.text)
    UART4_IRQHandler                         0x080001e7   Thumb Code     0  startup_stm32f10x_hd.o(.text)
    UART5_IRQHandler                         0x080001e7   Thumb Code     0  startup_stm32f10x_hd.o(.text)
    USART1_IRQHandler                        0x080001e7   Thumb Code     0  startup_stm32f10x_hd.o(.text)
    USART2_IRQHandler                        0x080001e7   Thumb Code     0  startup_stm32f10x_hd.o(.text)
    USART3_IRQHandler                        0x080001e7   Thumb Code     0  startup_stm32f10x_hd.o(.text)
    USBWakeUp_IRQHandler                     0x080001e7   Thumb Code     0  startup_stm32f10x_hd.o(.text)
    USB_HP_CAN1_TX_IRQHandler                0x080001e7   Thumb Code     0  startup_stm32f10x_hd.o(.text)
    USB_LP_CAN1_RX0_IRQHandler               0x080001e7   Thumb Code     0  startup_stm32f10x_hd.o(.text)
    WWDG_IRQHandler                          0x080001e7   Thumb Code     0  startup_stm32f10x_hd.o(.text)
    __user_initial_stackheap                 0x080001e9   Thumb Code     0  startup_stm32f10x_hd.o(.text)
    CPU_IntDis                               0x0800020d   Thumb Code     0  cpu_a.o(.text)
    CPU_IntEn                                0x08000211   Thumb Code     0  cpu_a.o(.text)
    CPU_SR_Save                              0x08000215   Thumb Code     0  cpu_a.o(.text)
    CPU_SR_Restore                           0x0800021d   Thumb Code     0  cpu_a.o(.text)
    CPU_CntLeadZeros                         0x08000223   Thumb Code     0  cpu_a.o(.text)
    CPU_RevBits                              0x08000229   Thumb Code     0  cpu_a.o(.text)
    CPU_WaitForInt                           0x0800022f   Thumb Code     0  cpu_a.o(.text)
    CPU_WaitForExcept                        0x08000233   Thumb Code     0  cpu_a.o(.text)
    OS_CPU_SR_Save                           0x08000239   Thumb Code     0  os_cpu_a.o(.text)
    OS_CPU_SR_Restore                        0x08000241   Thumb Code     0  os_cpu_a.o(.text)
    OSStartHighRdy                           0x08000247   Thumb Code     0  os_cpu_a.o(.text)
    OSCtxSw                                  0x08000267   Thumb Code     0  os_cpu_a.o(.text)
    OSIntCtxSw                               0x08000271   Thumb Code     0  os_cpu_a.o(.text)
    OS_CPU_PendSVHandler                     0x0800027b   Thumb Code     0  os_cpu_a.o(.text)
    __use_two_region_memory                  0x080002dd   Thumb Code     2  heapauxi.o(.text)
    __rt_heap_escrow$2region                 0x080002df   Thumb Code     2  heapauxi.o(.text)
    __rt_heap_expand$2region                 0x080002e1   Thumb Code     2  heapauxi.o(.text)
    __user_setup_stackheap                   0x080002e3   Thumb Code    74  sys_stackheap_outer.o(.text)
    exit                                     0x0800032d   Thumb Code    18  exit.o(.text)
    __user_libspace                          0x08000341   Thumb Code     8  libspace.o(.text)
    __user_perproc_libspace                  0x08000341   Thumb Code     0  libspace.o(.text)
    __user_perthread_libspace                0x08000341   Thumb Code     0  libspace.o(.text)
    _sys_exit                                0x08000349   Thumb Code     8  sys_exit.o(.text)
    __I$use$semihosting                      0x08000355   Thumb Code     0  use_no_semi.o(.text)
    __use_no_semihosting_swi                 0x08000355   Thumb Code     2  use_no_semi.o(.text)
    BSP_Init                                 0x08000357   Thumb Code    16  bsp.o(i.BSP_Init)
    __semihosting_library_function           0x08000357   Thumb Code     0  indicate_semi.o(.text)
    BusFault_Handler                         0x08000367   Thumb Code     4  stm32f10x_it.o(i.BusFault_Handler)
    DebugMon_Handler                         0x0800036b   Thumb Code     2  stm32f10x_it.o(i.DebugMon_Handler)
    GPIO_Init                                0x0800036d   Thumb Code   278  stm32f10x_gpio.o(i.GPIO_Init)
    GpioCfg                                  0x08000485   Thumb Code   284  gpio.o(i.GpioCfg)
    HardFault_Handler                        0x080005b5   Thumb Code     4  stm32f10x_it.o(i.HardFault_Handler)
    MemManage_Handler                        0x080005c9   Thumb Code     4  stm32f10x_it.o(i.MemManage_Handler)
    NMI_Handler                              0x080005e9   Thumb Code     2  stm32f10x_it.o(i.NMI_Handler)
    OSDebugInit                              0x080005ed   Thumb Code    94  os_dbg.o(i.OSDebugInit)
    OSEventNameSet                           0x08000701   Thumb Code   120  os_core.o(i.OSEventNameSet)
    OSInit                                   0x0800077d   Thumb Code    56  os_core.o(i.OSInit)
    OSInitHookBegin                          0x080007b5   Thumb Code     8  os_cpu_c.o(i.OSInitHookBegin)
    OSInitHookEnd                            0x080007c1   Thumb Code     2  os_cpu_c.o(i.OSInitHookEnd)
    OSIntExit                                0x080007c5   Thumb Code   112  os_core.o(i.OSIntExit)
    OSSemCreate                              0x08000855   Thumb Code    78  os_sem.o(i.OSSemCreate)
    OSSemPend                                0x080008ad   Thumb Code   234  os_sem.o(i.OSSemPend)
    OSSemPost                                0x080009a5   Thumb Code    88  os_sem.o(i.OSSemPost)
    OSStart                                  0x080009fd   Thumb Code    48  os_core.o(i.OSStart)
    OSStatInit                               0x08000a45   Thumb Code    62  os_core.o(i.OSStatInit)
    OSTCBInitHook                            0x08000a91   Thumb Code     2  os_cpu_c.o(i.OSTCBInitHook)
    OSTaskCreateExt                          0x08000a95   Thumb Code   172  os_task.o(i.OSTaskCreateExt)
    OSTaskCreateHook                         0x08000b4d   Thumb Code     2  os_cpu_c.o(i.OSTaskCreateHook)
    OSTaskIdleHook                           0x08000b4f   Thumb Code     2  os_cpu_c.o(i.OSTaskIdleHook)
    OSTaskNameSet                            0x08000b51   Thumb Code   132  os_task.o(i.OSTaskNameSet)
    OSTaskStatHook                           0x08000be1   Thumb Code     2  os_cpu_c.o(i.OSTaskStatHook)
    OSTaskStkChk                             0x08000be5   Thumb Code   132  os_task.o(i.OSTaskStkChk)
    OSTaskStkInit                            0x08000c71   Thumb Code   154  os_cpu_c.o(i.OSTaskStkInit)
    OSTaskSuspend                            0x08000d0d   Thumb Code   152  os_task.o(i.OSTaskSuspend)
    OSTaskSwHook                             0x08000db5   Thumb Code     2  os_cpu_c.o(i.OSTaskSwHook)
    OSTimeDly                                0x08000db9   Thumb Code    96  os_time.o(i.OSTimeDly)
    OSTimeDlyHMSM                            0x08000e29   Thumb Code   108  os_time.o(i.OSTimeDlyHMSM)
    OSTimeSet                                0x08000e99   Thumb Code    24  os_time.o(i.OSTimeSet)
    OSTimeTick                               0x08000eb5   Thumb Code   210  os_core.o(i.OSTimeTick)
    OSTimeTickHook                           0x08000fa1   Thumb Code    30  os_cpu_c.o(i.OSTimeTickHook)
    OSTmrSignal                              0x08000fc5   Thumb Code    16  os_tmr.o(i.OSTmrSignal)
    OSTmr_Init                               0x08000fd9   Thumb Code   162  os_tmr.o(i.OSTmr_Init)
    OS_EventTaskRdy                          0x08001255   Thumb Code   128  os_core.o(i.OS_EventTaskRdy)
    OS_EventTaskRemove                       0x080012e5   Thumb Code    42  os_core.o(i.OS_EventTaskRemove)
    OS_EventTaskRemoveMulti                  0x0800130f   Thumb Code    58  os_core.o(i.OS_EventTaskRemoveMulti)
    OS_EventTaskWait                         0x08001349   Thumb Code   112  os_core.o(i.OS_EventTaskWait)
    OS_EventWaitListInit                     0x080013c5   Thumb Code    28  os_core.o(i.OS_EventWaitListInit)
    OS_FlagInit                              0x080013e1   Thumb Code    68  os_flag.o(i.OS_FlagInit)
    OS_MemClr                                0x08001621   Thumb Code    18  os_core.o(i.OS_MemClr)
    OS_MemInit                               0x08001635   Thumb Code    68  os_mem.o(i.OS_MemInit)
    OS_QInit                                 0x08001681   Thumb Code    46  os_q.o(i.OS_QInit)
    OS_Sched                                 0x080016b9   Thumb Code    86  os_core.o(i.OS_Sched)
    OS_StrCopy                               0x08001759   Thumb Code    28  os_core.o(i.OS_StrCopy)
    OS_StrLen                                0x08001775   Thumb Code    20  os_core.o(i.OS_StrLen)
    OS_TCBInit                               0x08001789   Thumb Code   264  os_core.o(i.OS_TCBInit)
    OS_TaskIdle                              0x080018a9   Thumb Code    32  os_core.o(i.OS_TaskIdle)
    OS_TaskStat                              0x080018cd   Thumb Code   114  os_core.o(i.OS_TaskStat)
    OS_TaskStatStkChk                        0x08001955   Thumb Code    54  os_core.o(i.OS_TaskStatStkChk)
    OS_TaskStkClr                            0x08001991   Thumb Code    26  os_task.o(i.OS_TaskStkClr)
    RCC_APB2PeriphClockCmd                   0x080019ad   Thumb Code    26  stm32f10x_rcc.o(i.RCC_APB2PeriphClockCmd)
    RCC_Configuration                        0x080019cd   Thumb Code     8  bsp.o(i.RCC_Configuration)
    RCC_GetClocksFreq                        0x080019d5   Thumb Code   192  stm32f10x_rcc.o(i.RCC_GetClocksFreq)
    SVC_Handler                              0x08001aa9   Thumb Code     2  stm32f10x_it.o(i.SVC_Handler)
    SysTick_Handler                          0x08001ba5   Thumb Code    34  stm32f10x_it.o(i.SysTick_Handler)
    SysTick_Init                             0x08001bcd   Thumb Code    92  bsp.o(i.SysTick_Init)
    SystemInit                               0x08001c31   Thumb Code    78  system_stm32f10x.o(i.SystemInit)
    UsageFault_Handler                       0x08001c91   Thumb Code     4  stm32f10x_it.o(i.UsageFault_Handler)
    main                                     0x08001c95   Thumb Code   162  app.o(i.main)
    OSDebugEn                                0x08001d80   Data           2  os_dbg.o(.constdata)
    OSEndiannessTest                         0x08001d84   Data           4  os_dbg.o(.constdata)
    OSEventMax                               0x08001d88   Data           2  os_dbg.o(.constdata)
    OSEventNameSize                          0x08001d8a   Data           2  os_dbg.o(.constdata)
    OSEventEn                                0x08001d8c   Data           2  os_dbg.o(.constdata)
    OSEventSize                              0x08001d8e   Data           2  os_dbg.o(.constdata)
    OSEventTblSize                           0x08001d90   Data           2  os_dbg.o(.constdata)
    OSFlagEn                                 0x08001d92   Data           2  os_dbg.o(.constdata)
    OSFlagGrpSize                            0x08001d94   Data           2  os_dbg.o(.constdata)
    OSFlagNodeSize                           0x08001d96   Data           2  os_dbg.o(.constdata)
    OSFlagWidth                              0x08001d98   Data           2  os_dbg.o(.constdata)
    OSFlagMax                                0x08001d9a   Data           2  os_dbg.o(.constdata)
    OSFlagNameSize                           0x08001d9c   Data           2  os_dbg.o(.constdata)
    OSLowestPrio                             0x08001d9e   Data           2  os_dbg.o(.constdata)
    OSMboxEn                                 0x08001da0   Data           2  os_dbg.o(.constdata)
    OSMemEn                                  0x08001da2   Data           2  os_dbg.o(.constdata)
    OSMemMax                                 0x08001da4   Data           2  os_dbg.o(.constdata)
    OSMemNameSize                            0x08001da6   Data           2  os_dbg.o(.constdata)
    OSMemSize                                0x08001da8   Data           2  os_dbg.o(.constdata)
    OSMemTblSize                             0x08001daa   Data           2  os_dbg.o(.constdata)
    OSMutexEn                                0x08001dac   Data           2  os_dbg.o(.constdata)
    OSPtrSize                                0x08001dae   Data           2  os_dbg.o(.constdata)
    OSQEn                                    0x08001db0   Data           2  os_dbg.o(.constdata)
    OSQMax                                   0x08001db2   Data           2  os_dbg.o(.constdata)
    OSQSize                                  0x08001db4   Data           2  os_dbg.o(.constdata)
    OSRdyTblSize                             0x08001db6   Data           2  os_dbg.o(.constdata)
    OSSemEn                                  0x08001db8   Data           2  os_dbg.o(.constdata)
    OSStkWidth                               0x08001dba   Data           2  os_dbg.o(.constdata)
    OSTaskCreateEn                           0x08001dbc   Data           2  os_dbg.o(.constdata)
    OSTaskCreateExtEn                        0x08001dbe   Data           2  os_dbg.o(.constdata)
    OSTaskDelEn                              0x08001dc0   Data           2  os_dbg.o(.constdata)
    OSTaskIdleStkSize                        0x08001dc2   Data           2  os_dbg.o(.constdata)
    OSTaskProfileEn                          0x08001dc4   Data           2  os_dbg.o(.constdata)
    OSTaskMax                                0x08001dc6   Data           2  os_dbg.o(.constdata)
    OSTaskNameSize                           0x08001dc8   Data           2  os_dbg.o(.constdata)
    OSTaskStatEn                             0x08001dca   Data           2  os_dbg.o(.constdata)
    OSTaskStatStkSize                        0x08001dcc   Data           2  os_dbg.o(.constdata)
    OSTaskStatStkChkEn                       0x08001dce   Data           2  os_dbg.o(.constdata)
    OSTaskSwHookEn                           0x08001dd0   Data           2  os_dbg.o(.constdata)
    OSTCBPrioTblMax                          0x08001dd2   Data           2  os_dbg.o(.constdata)
    OSTCBSize                                0x08001dd4   Data           2  os_dbg.o(.constdata)
    OSTicksPerSec                            0x08001dd6   Data           2  os_dbg.o(.constdata)
    OSTimeTickHookEn                         0x08001dd8   Data           2  os_dbg.o(.constdata)
    OSVersionNbr                             0x08001dda   Data           2  os_dbg.o(.constdata)
    OSDataSize                               0x08001ddc   Data           2  os_dbg.o(.constdata)
    OSUnMapTbl                               0x08001dde   Data         256  os_core.o(.constdata)
    Region$$Table$$Base                      0x08001ee0   Number         0  anon$$obj.o(Region$$Table)
    Region$$Table$$Limit                     0x08001f00   Number         0  anon$$obj.o(Region$$Table)
    OSCtxSwCtr                               0x20000018   Data           4  os_core.o(.data)
    OSEventFreeList                          0x2000001c   Data           4  os_core.o(.data)
    OSFlagFreeList                           0x20000020   Data           4  os_core.o(.data)
    OSCPUUsage                               0x20000024   Data           1  os_core.o(.data)
    OSIdleCtrMax                             0x20000028   Data           4  os_core.o(.data)
    OSIdleCtrRun                             0x2000002c   Data           4  os_core.o(.data)
    OSStatRdy                                0x20000030   Data           1  os_core.o(.data)
    OSIntNesting                             0x20000031   Data           1  os_core.o(.data)
    OSLockNesting                            0x20000032   Data           1  os_core.o(.data)
    OSPrioCur                                0x20000033   Data           1  os_core.o(.data)
    OSPrioHighRdy                            0x20000034   Data           1  os_core.o(.data)
    OSRdyGrp                                 0x20000035   Data           1  os_core.o(.data)
    OSRdyTbl                                 0x20000036   Data           4  os_core.o(.data)
    OSRunning                                0x2000003a   Data           1  os_core.o(.data)
    OSTaskCtr                                0x2000003b   Data           1  os_core.o(.data)
    OSIdleCtr                                0x2000003c   Data           4  os_core.o(.data)
    OSTCBCur                                 0x20000040   Data           4  os_core.o(.data)
    OSTCBFreeList                            0x20000044   Data           4  os_core.o(.data)
    OSTCBHighRdy                             0x20000048   Data           4  os_core.o(.data)
    OSTCBList                                0x2000004c   Data           4  os_core.o(.data)
    OSTickStepState                          0x20000050   Data           1  os_core.o(.data)
    OSMemFreeList                            0x20000054   Data           4  os_core.o(.data)
    OSQFreeList                              0x20000058   Data           4  os_core.o(.data)
    OSTime                                   0x2000005c   Data           4  os_core.o(.data)
    OSTmrFree                                0x20000060   Data           2  os_core.o(.data)
    OSTmrUsed                                0x20000062   Data           2  os_core.o(.data)
    OSTmrTime                                0x20000064   Data           4  os_core.o(.data)
    OSTmrSem                                 0x20000068   Data           4  os_core.o(.data)
    OSTmrSemSignal                           0x2000006c   Data           4  os_core.o(.data)
    OSTmrFreeList                            0x20000070   Data           4  os_core.o(.data)
    OSEventTbl                               0x20000c78   Data         320  os_core.o(.bss)
    OSFlagTbl                                0x20000db8   Data         140  os_core.o(.bss)
    OSTaskStatStk                            0x20000e44   Data         512  os_core.o(.bss)
    OSTaskIdleStk                            0x20001044   Data         512  os_core.o(.bss)
    OSTCBPrioTbl                             0x20001244   Data         128  os_core.o(.bss)
    OSTCBTbl                                 0x200012c4   Data        2024  os_core.o(.bss)
    OSMemTbl                                 0x20001aac   Data         180  os_core.o(.bss)
    OSQTbl                                   0x20001b60   Data          96  os_core.o(.bss)
    OSTmrTbl                                 0x20001bc0   Data         832  os_core.o(.bss)
    OSTmrTaskStk                             0x20001f00   Data         512  os_core.o(.bss)
    OSTmrWheelTbl                            0x20002100   Data          64  os_core.o(.bss)
    __libspace_start                         0x20002140   Data          96  libspace.o(.bss)
    __temporary_stack_top$libspace           0x200021a0   Data           0  libspace.o(.bss)



==============================================================================

Memory Map of the image

  Image Entry point : 0x08000131

  Load Region LR_IROM1 (Base: 0x08000000, Size: 0x00001f74, Max: 0x00080000, ABSOLUTE)

    Execution Region ER_IROM1 (Base: 0x08000000, Size: 0x00001f00, Max: 0x00080000, ABSOLUTE)

    Base Addr    Size         Type   Attr      Idx    E Section Name        Object

    0x08000000   0x00000130   Data   RO          807    RESET               startup_stm32f10x_hd.o
    0x08000130   0x00000008   Code   RO         1901  * !!!main             c_w.l(__main.o)
    0x08000138   0x00000034   Code   RO         2058    !!!scatter          c_w.l(__scatter.o)
    0x0800016c   0x0000001a   Code   RO         2060    !!handler_copy      c_w.l(__scatter_copy.o)
    0x08000186   0x00000002   PAD
    0x08000188   0x0000001c   Code   RO         2062    !!handler_zi        c_w.l(__scatter_zi.o)
    0x080001a4   0x00000002   Code   RO         1928    .ARM.Collect$$libinit$$00000000  c_w.l(libinit.o)
    0x080001a6   0x00000000   Code   RO         1935    .ARM.Collect$$libinit$$00000002  c_w.l(libinit2.o)
    0x080001a6   0x00000000   Code   RO         1937    .ARM.Collect$$libinit$$00000004  c_w.l(libinit2.o)
    0x080001a6   0x00000000   Code   RO         1940    .ARM.Collect$$libinit$$0000000A  c_w.l(libinit2.o)
    0x080001a6   0x00000000   Code   RO         1942    .ARM.Collect$$libinit$$0000000C  c_w.l(libinit2.o)
    0x080001a6   0x00000000   Code   RO         1944    .ARM.Collect$$libinit$$0000000E  c_w.l(libinit2.o)
    0x080001a6   0x00000000   Code   RO         1947    .ARM.Collect$$libinit$$00000011  c_w.l(libinit2.o)
    0x080001a6   0x00000000   Code   RO         1949    .ARM.Collect$$libinit$$00000013  c_w.l(libinit2.o)
    0x080001a6   0x00000000   Code   RO         1951    .ARM.Collect$$libinit$$00000015  c_w.l(libinit2.o)
    0x080001a6   0x00000000   Code   RO         1953    .ARM.Collect$$libinit$$00000017  c_w.l(libinit2.o)
    0x080001a6   0x00000000   Code   RO         1955    .ARM.Collect$$libinit$$00000019  c_w.l(libinit2.o)
    0x080001a6   0x00000000   Code   RO         1957    .ARM.Collect$$libinit$$0000001B  c_w.l(libinit2.o)
    0x080001a6   0x00000000   Code   RO         1959    .ARM.Collect$$libinit$$0000001D  c_w.l(libinit2.o)
    0x080001a6   0x00000000   Code   RO         1961    .ARM.Collect$$libinit$$0000001F  c_w.l(libinit2.o)
    0x080001a6   0x00000000   Code   RO         1963    .ARM.Collect$$libinit$$00000021  c_w.l(libinit2.o)
    0x080001a6   0x00000000   Code   RO         1965    .ARM.Collect$$libinit$$00000023  c_w.l(libinit2.o)
    0x080001a6   0x00000000   Code   RO         1967    .ARM.Collect$$libinit$$00000025  c_w.l(libinit2.o)
    0x080001a6   0x00000000   Code   RO         1971    .ARM.Collect$$libinit$$0000002C  c_w.l(libinit2.o)
    0x080001a6   0x00000000   Code   RO         1973    .ARM.Collect$$libinit$$0000002E  c_w.l(libinit2.o)
    0x080001a6   0x00000000   Code   RO         1975    .ARM.Collect$$libinit$$00000030  c_w.l(libinit2.o)
    0x080001a6   0x00000000   Code   RO         1977    .ARM.Collect$$libinit$$00000032  c_w.l(libinit2.o)
    0x080001a6   0x00000002   Code   RO         1978    .ARM.Collect$$libinit$$00000033  c_w.l(libinit2.o)
    0x080001a8   0x00000002   Code   RO         1998    .ARM.Collect$$libshutdown$$00000000  c_w.l(libshutdown.o)
    0x080001aa   0x00000000   Code   RO         2011    .ARM.Collect$$libshutdown$$00000002  c_w.l(libshutdown2.o)
    0x080001aa   0x00000000   Code   RO         2013    .ARM.Collect$$libshutdown$$00000004  c_w.l(libshutdown2.o)
    0x080001aa   0x00000000   Code   RO         2016    .ARM.Collect$$libshutdown$$00000007  c_w.l(libshutdown2.o)
    0x080001aa   0x00000000   Code   RO         2019    .ARM.Collect$$libshutdown$$0000000A  c_w.l(libshutdown2.o)
    0x080001aa   0x00000000   Code   RO         2021    .ARM.Collect$$libshutdown$$0000000C  c_w.l(libshutdown2.o)
    0x080001aa   0x00000000   Code   RO         2024    .ARM.Collect$$libshutdown$$0000000F  c_w.l(libshutdown2.o)
    0x080001aa   0x00000002   Code   RO         2025    .ARM.Collect$$libshutdown$$00000010  c_w.l(libshutdown2.o)
    0x080001ac   0x00000000   Code   RO         1903    .ARM.Collect$$rtentry$$00000000  c_w.l(__rtentry.o)
    0x080001ac   0x00000000   Code   RO         1905    .ARM.Collect$$rtentry$$00000002  c_w.l(__rtentry2.o)
    0x080001ac   0x00000006   Code   RO         1917    .ARM.Collect$$rtentry$$00000004  c_w.l(__rtentry4.o)
    0x080001b2   0x00000000   Code   RO         1907    .ARM.Collect$$rtentry$$00000009  c_w.l(__rtentry2.o)
    0x080001b2   0x00000004   Code   RO         1908    .ARM.Collect$$rtentry$$0000000A  c_w.l(__rtentry2.o)
    0x080001b6   0x00000000   Code   RO         1910    .ARM.Collect$$rtentry$$0000000C  c_w.l(__rtentry2.o)
    0x080001b6   0x00000008   Code   RO         1911    .ARM.Collect$$rtentry$$0000000D  c_w.l(__rtentry2.o)
    0x080001be   0x00000002   Code   RO         1932    .ARM.Collect$$rtexit$$00000000  c_w.l(rtexit.o)
    0x080001c0   0x00000000   Code   RO         1980    .ARM.Collect$$rtexit$$00000002  c_w.l(rtexit2.o)
    0x080001c0   0x00000004   Code   RO         1981    .ARM.Collect$$rtexit$$00000003  c_w.l(rtexit2.o)
    0x080001c4   0x00000006   Code   RO         1982    .ARM.Collect$$rtexit$$00000004  c_w.l(rtexit2.o)
    0x080001ca   0x00000002   PAD
    0x080001cc   0x00000040   Code   RO          808    .text               startup_stm32f10x_hd.o
    0x0800020c   0x0000002a   Code   RO          812    .text               cpu_a.o
    0x08000236   0x00000002   PAD
    0x08000238   0x000000a4   Code   RO          860    .text               os_cpu_a.o
    0x080002dc   0x00000006   Code   RO         1899    .text               c_w.l(heapauxi.o)
    0x080002e2   0x0000004a   Code   RO         1919    .text               c_w.l(sys_stackheap_outer.o)
    0x0800032c   0x00000012   Code   RO         1921    .text               c_w.l(exit.o)
    0x0800033e   0x00000002   PAD
    0x08000340   0x00000008   Code   RO         1929    .text               c_w.l(libspace.o)
    0x08000348   0x0000000c   Code   RO         1990    .text               c_w.l(sys_exit.o)
    0x08000354   0x00000002   Code   RO         2001    .text               c_w.l(use_no_semi.o)
    0x08000356   0x00000000   Code   RO         2003    .text               c_w.l(indicate_semi.o)
    0x08000356   0x00000010   Code   RO          317    i.BSP_Init          bsp.o
    0x08000366   0x00000004   Code   RO          185    i.BusFault_Handler  stm32f10x_it.o
    0x0800036a   0x00000002   Code   RO          186    i.DebugMon_Handler  stm32f10x_it.o
    0x0800036c   0x00000116   Code   RO          682    i.GPIO_Init         stm32f10x_gpio.o
    0x08000482   0x00000002   PAD
    0x08000484   0x00000130   Code   RO          371    i.GpioCfg           gpio.o
    0x080005b4   0x00000004   Code   RO          187    i.HardFault_Handler  stm32f10x_it.o
    0x080005b8   0x00000010   Code   RO            4    i.MainTask          app.o
    0x080005c8   0x00000004   Code   RO          188    i.MemManage_Handler  stm32f10x_it.o
    0x080005cc   0x0000001c   Code   RO            5    i.ModbusTask        app.o
    0x080005e8   0x00000002   Code   RO          189    i.NMI_Handler       stm32f10x_it.o
    0x080005ea   0x00000002   PAD
    0x080005ec   0x00000114   Code   RO          965    i.OSDebugInit       os_dbg.o
    0x08000700   0x0000007c   Code   RO          993    i.OSEventNameSet    os_core.o
    0x0800077c   0x00000038   Code   RO          995    i.OSInit            os_core.o
    0x080007b4   0x0000000c   Code   RO          866    i.OSInitHookBegin   os_cpu_c.o
    0x080007c0   0x00000002   Code   RO          867    i.OSInitHookEnd     os_cpu_c.o
    0x080007c2   0x00000002   PAD
    0x080007c4   0x00000090   Code   RO          997    i.OSIntExit         os_core.o
    0x08000854   0x00000058   Code   RO         1585    i.OSSemCreate       os_sem.o
    0x080008ac   0x000000f8   Code   RO         1587    i.OSSemPend         os_sem.o
    0x080009a4   0x00000058   Code   RO         1589    i.OSSemPost         os_sem.o
    0x080009fc   0x00000048   Code   RO         1000    i.OSStart           os_core.o
    0x08000a44   0x0000004c   Code   RO         1001    i.OSStatInit        os_core.o
    0x08000a90   0x00000002   Code   RO          868    i.OSTCBInitHook     os_cpu_c.o
    0x08000a92   0x00000002   PAD
    0x08000a94   0x000000b8   Code   RO         1652    i.OSTaskCreateExt   os_task.o
    0x08000b4c   0x00000002   Code   RO          869    i.OSTaskCreateHook  os_cpu_c.o
    0x08000b4e   0x00000002   Code   RO          871    i.OSTaskIdleHook    os_cpu_c.o
    0x08000b50   0x00000090   Code   RO         1656    i.OSTaskNameSet     os_task.o
    0x08000be0   0x00000002   Code   RO          872    i.OSTaskStatHook    os_cpu_c.o
    0x08000be2   0x00000002   PAD
    0x08000be4   0x0000008c   Code   RO         1659    i.OSTaskStkChk      os_task.o
    0x08000c70   0x0000009a   Code   RO          873    i.OSTaskStkInit     os_cpu_c.o
    0x08000d0a   0x00000002   PAD
    0x08000d0c   0x000000a8   Code   RO         1660    i.OSTaskSuspend     os_task.o
    0x08000db4   0x00000002   Code   RO          874    i.OSTaskSwHook      os_cpu_c.o
    0x08000db6   0x00000002   PAD
    0x08000db8   0x00000070   Code   RO         1740    i.OSTimeDly         os_time.o
    0x08000e28   0x00000070   Code   RO         1741    i.OSTimeDlyHMSM     os_time.o
    0x08000e98   0x0000001c   Code   RO         1744    i.OSTimeSet         os_time.o
    0x08000eb4   0x000000ec   Code   RO         1002    i.OSTimeTick        os_core.o
    0x08000fa0   0x00000024   Code   RO          875    i.OSTimeTickHook    os_cpu_c.o
    0x08000fc4   0x00000014   Code   RO         1792    i.OSTmrSignal       os_tmr.o
    0x08000fd8   0x000000dc   Code   RO         1798    i.OSTmr_Init        os_tmr.o
    0x080010b4   0x00000050   Code   RO         1799    i.OSTmr_InitTask    os_tmr.o
    0x08001104   0x0000006c   Code   RO         1800    i.OSTmr_Link        os_tmr.o
    0x08001170   0x00000014   Code   RO         1801    i.OSTmr_Lock        os_tmr.o
    0x08001184   0x0000007c   Code   RO         1802    i.OSTmr_Task        os_tmr.o
    0x08001200   0x00000044   Code   RO         1803    i.OSTmr_Unlink      os_tmr.o
    0x08001244   0x00000010   Code   RO         1804    i.OSTmr_Unlock      os_tmr.o
    0x08001254   0x00000090   Code   RO         1005    i.OS_EventTaskRdy   os_core.o
    0x080012e4   0x0000002a   Code   RO         1006    i.OS_EventTaskRemove  os_core.o
    0x0800130e   0x0000003a   Code   RO         1007    i.OS_EventTaskRemoveMulti  os_core.o
    0x08001348   0x0000007c   Code   RO         1008    i.OS_EventTaskWait  os_core.o
    0x080013c4   0x0000001c   Code   RO         1010    i.OS_EventWaitListInit  os_core.o
    0x080013e0   0x0000004c   Code   RO         1231    i.OS_FlagInit       os_flag.o
    0x0800142c   0x00000050   Code   RO         1011    i.OS_InitEventList  os_core.o
    0x0800147c   0x00000054   Code   RO         1012    i.OS_InitMisc       os_core.o
    0x080014d0   0x00000048   Code   RO         1013    i.OS_InitRdyList    os_core.o
    0x08001518   0x00000068   Code   RO         1014    i.OS_InitTCBList    os_core.o
    0x08001580   0x00000050   Code   RO         1015    i.OS_InitTaskIdle   os_core.o
    0x080015d0   0x00000050   Code   RO         1016    i.OS_InitTaskStat   os_core.o
    0x08001620   0x00000012   Code   RO         1017    i.OS_MemClr         os_core.o
    0x08001632   0x00000002   PAD
    0x08001634   0x0000004c   Code   RO         1387    i.OS_MemInit        os_mem.o
    0x08001680   0x00000038   Code   RO         1510    i.OS_QInit          os_q.o
    0x080016b8   0x00000074   Code   RO         1019    i.OS_Sched          os_core.o
    0x0800172c   0x0000002c   Code   RO         1020    i.OS_SchedNew       os_core.o
    0x08001758   0x0000001c   Code   RO         1021    i.OS_StrCopy        os_core.o
    0x08001774   0x00000014   Code   RO         1022    i.OS_StrLen         os_core.o
    0x08001788   0x00000120   Code   RO         1023    i.OS_TCBInit        os_core.o
    0x080018a8   0x00000024   Code   RO         1024    i.OS_TaskIdle       os_core.o
    0x080018cc   0x00000088   Code   RO         1025    i.OS_TaskStat       os_core.o
    0x08001954   0x0000003c   Code   RO         1026    i.OS_TaskStatStkChk  os_core.o
    0x08001990   0x0000001a   Code   RO         1661    i.OS_TaskStkClr     os_task.o
    0x080019aa   0x00000002   PAD
    0x080019ac   0x00000020   Code   RO          399    i.RCC_APB2PeriphClockCmd  stm32f10x_rcc.o
    0x080019cc   0x00000008   Code   RO          319    i.RCC_Configuration  bsp.o
    0x080019d4   0x000000d4   Code   RO          407    i.RCC_GetClocksFreq  stm32f10x_rcc.o
    0x08001aa8   0x00000002   Code   RO          191    i.SVC_Handler       stm32f10x_it.o
    0x08001aaa   0x00000008   Code   RO          270    i.SetSysClock       system_stm32f10x.o
    0x08001ab2   0x00000002   PAD
    0x08001ab4   0x000000e0   Code   RO          271    i.SetSysClockTo72   system_stm32f10x.o
    0x08001b94   0x00000010   Code   RO            6    i.SignalTask        app.o
    0x08001ba4   0x00000028   Code   RO          192    i.SysTick_Handler   stm32f10x_it.o
    0x08001bcc   0x00000064   Code   RO          320    i.SysTick_Init      bsp.o
    0x08001c30   0x00000060   Code   RO          273    i.SystemInit        system_stm32f10x.o
    0x08001c90   0x00000004   Code   RO          193    i.UsageFault_Handler  stm32f10x_it.o
    0x08001c94   0x000000ec   Code   RO            7    i.main              app.o
    0x08001d80   0x0000005e   Data   RO          966    .constdata          os_dbg.o
    0x08001dde   0x00000100   Data   RO         1028    .constdata          os_core.o
    0x08001ede   0x00000002   PAD
    0x08001ee0   0x00000020   Data   RO         2056    Region$$Table       anon$$obj.o


    Execution Region RW_IRAM1 (Base: 0x20000000, Size: 0x000027a0, Max: 0x00010000, ABSOLUTE)

    Base Addr    Size         Type   Attr      Idx    E Section Name        Object

    0x20000000   0x00000014   Data   RW          427    .data               stm32f10x_rcc.o
    0x20000014   0x00000002   Data   RW          878    .data               os_cpu_c.o
    0x20000016   0x00000002   PAD
    0x20000018   0x0000005c   Data   RW         1029    .data               os_core.o
    0x20000074   0x00000004   PAD
    0x20000078   0x00000c00   Zero   RW            8    .bss                app.o
    0x20000c78   0x000014c8   Zero   RW         1027    .bss                os_core.o
    0x20002140   0x00000060   Zero   RW         1930    .bss                c_w.l(libspace.o)
    0x200021a0   0x00000200   Zero   RW          806    HEAP                startup_stm32f10x_hd.o
    0x200023a0   0x00000400   Zero   RW          805    STACK               startup_stm32f10x_hd.o


==============================================================================

Image component sizes


      Code (inc. data)   RO Data    RW Data    ZI Data      Debug   Object Name

       296         74          0          0       3072     227395   app.o
       124          8          0          0          0      25797   bsp.o
        42          0          0          0          0        252   cpu_a.o
       304         20          0          0          0        602   gpio.o
      2350        386        256         92       5320      24777   os_core.o
       164         32          0          0          0        292   os_cpu_a.o
       214         10          0          2          0      15694   os_cpu_c.o
       276        182         94          0          0       2789   os_dbg.o
        76          8          0          0          0        526   os_flag.o
        76          8          0          0          0        501   os_mem.o
        56         10          0          0          0        491   os_q.o
       424         24          0          0          0       2294   os_sem.o
       662         48          0          0          0       4341   os_task.o
       252         24          0          0          0       1868   os_time.o
       656        126          0          0          0       4367   os_tmr.o
        64         26        304          0       1536        792   startup_stm32f10x_hd.o
       278          0          0          0          0      10200   stm32f10x_gpio.o
        62          6          0          0          0      13992   stm32f10x_it.o
       244         26          0         20          0      12389   stm32f10x_rcc.o
       328         28          0          0          0       1693   system_stm32f10x.o

    ----------------------------------------------------------------------
      6970       1046        688        116       9932     351052   Object Totals
         0          0         32          0          0          0   (incl. Generated)
        22          0          2          2          4          0   (incl. Padding)

    ----------------------------------------------------------------------

      Code (inc. data)   RO Data    RW Data    ZI Data      Debug   Library Member Name

         8          0          0          0          0         68   __main.o
         0          0          0          0          0          0   __rtentry.o
        12          0          0          0          0          0   __rtentry2.o
         6          0          0          0          0          0   __rtentry4.o
        52          8          0          0          0          0   __scatter.o
        26          0          0          0          0          0   __scatter_copy.o
        28          0          0          0          0          0   __scatter_zi.o
        18          0          0          0          0         80   exit.o
         6          0          0          0          0        152   heapauxi.o
         0          0          0          0          0          0   indicate_semi.o
         2          0          0          0          0          0   libinit.o
         2          0          0          0          0          0   libinit2.o
         2          0          0          0          0          0   libshutdown.o
         2          0          0          0          0          0   libshutdown2.o
         8          4          0          0         96         68   libspace.o
         2          0          0          0          0          0   rtexit.o
        10          0          0          0          0          0   rtexit2.o
        12          4          0          0          0         68   sys_exit.o
        74          0          0          0          0         80   sys_stackheap_outer.o
         2          0          0          0          0         68   use_no_semi.o

    ----------------------------------------------------------------------
       278         16          0          0         96        584   Library Totals
         6          0          0          0          0          0   (incl. Padding)

    ----------------------------------------------------------------------

      Code (inc. data)   RO Data    RW Data    ZI Data      Debug   Library Name

       272         16          0          0         96        584   c_w.l

    ----------------------------------------------------------------------
       278         16          0          0         96        584   Library Totals

    ----------------------------------------------------------------------

==============================================================================


      Code (inc. data)   RO Data    RW Data    ZI Data      Debug   

      7248       1062        688        116      10028     347576   Grand Totals
      7248       1062        688        116      10028     347576   ELF Image Totals
      7248       1062        688        116          0          0   ROM Totals

==============================================================================

    Total RO  Size (Code + RO Data)                 7936 (   7.75kB)
    Total RW  Size (RW Data + ZI Data)             10144 (   9.91kB)
    Total ROM Size (Code + RO Data + RW Data)       8052 (   7.86kB)

==============================================================================

