Component: ARM Compiler 5.06 update 4 (build 422) Tool: armlink [4d35d2]

==============================================================================

Section Cross References

    app.o(i.MainTask) refers to os_time.o(i.OSTimeDlyHMSM) for OSTimeDlyHMSM
    app.o(i.ModbusTask) refers to os_sem.o(i.OSSemPend) for OSSemPend
    app.o(i.ModbusTask) refers to os_time.o(i.OSTimeDlyHMSM) for OSTimeDlyHMSM
    app.o(i.ModbusTask) refers to app.o(.data) for RecF
    app.o(i.SignalTask) refers to dispose.o(i.Dispose) for Dispose
    app.o(i.SignalTask) refers to os_time.o(i.OSTimeDlyHMSM) for OSTimeDlyHMSM
    app.o(i.SignalTask) refers to modbus.o(.data) for disposeFlag
    app.o(i.main) refers to cpu_a.o(.text) for CPU_IntDis
    app.o(i.main) refers to os_core.o(i.OSInit) for OSInit
    app.o(i.main) refers to bsp.o(i.BSP_Init) for BSP_Init
    app.o(i.main) refers to os_core.o(i.OSStatInit) for OSStatInit
    app.o(i.main) refers to os_sem.o(i.OSSemCreate) for OSSemCreate
    app.o(i.main) refers to uart.o(i.SerPrintf) for SerPrintf
    app.o(i.main) refers to os_task.o(i.OSTaskCreateExt) for OSTaskCreateExt
    app.o(i.main) refers to os_task.o(i.OSTaskNameSet) for OSTaskNameSet
    app.o(i.main) refers to os_time.o(i.OSTimeSet) for OSTimeSet
    app.o(i.main) refers to os_core.o(i.OSStart) for OSStart
    app.o(i.main) refers to app.o(.data) for RecF
    app.o(i.main) refers to app.o(.bss) for SignalTaskStk
    app.o(i.main) refers to app.o(i.SignalTask) for SignalTask
    app.o(i.main) refers to app.o(i.ModbusTask) for ModbusTask
    app.o(i.main) refers to app.o(i.MainTask) for MainTask
    stm32f10x_it.o(i.SysTick_Handler) refers to modbus.o(i.ReceiveOver) for ReceiveOver
    stm32f10x_it.o(i.SysTick_Handler) refers to os_cpu_a.o(.text) for OS_CPU_SR_Save
    stm32f10x_it.o(i.SysTick_Handler) refers to os_core.o(i.OSTimeTick) for OSTimeTick
    stm32f10x_it.o(i.SysTick_Handler) refers to os_core.o(i.OSIntExit) for OSIntExit
    stm32f10x_it.o(i.SysTick_Handler) refers to os_core.o(.data) for OSIntNesting
    stm32f10x_it.o(i.UART4_IRQHandler) refers to stm32f10x_usart.o(i.USART_GetITStatus) for USART_GetITStatus
    stm32f10x_it.o(i.UART4_IRQHandler) refers to stm32f10x_usart.o(i.USART_ClearITPendingBit) for USART_ClearITPendingBit
    stm32f10x_it.o(i.USART1_IRQHandler) refers to stm32f10x_usart.o(i.USART_GetITStatus) for USART_GetITStatus
    stm32f10x_it.o(i.USART1_IRQHandler) refers to stm32f10x_usart.o(i.USART_ReceiveData) for USART_ReceiveData
    stm32f10x_it.o(i.USART1_IRQHandler) refers to uart.o(i.FifoWriteOneByte) for FifoWriteOneByte
    stm32f10x_it.o(i.USART1_IRQHandler) refers to stm32f10x_usart.o(i.USART_ClearITPendingBit) for USART_ClearITPendingBit
    stm32f10x_it.o(i.USART1_IRQHandler) refers to modbus.o(.data) for receTimeOut
    stm32f10x_it.o(i.USART1_IRQHandler) refers to stm32f10x_it.o(.data) for TempByte
    stm32f10x_it.o(i.USART1_IRQHandler) refers to uart.o(.data) for receCount
    stm32f10x_it.o(i.USART3_IRQHandler) refers to stm32f10x_usart.o(i.USART_GetITStatus) for USART_GetITStatus
    stm32f10x_it.o(i.USART3_IRQHandler) refers to stm32f10x_usart.o(i.USART_ClearITPendingBit) for USART_ClearITPendingBit
    system_stm32f10x.o(i.SetSysClock) refers to system_stm32f10x.o(i.SetSysClockTo72) for SetSysClockTo72
    system_stm32f10x.o(i.SystemCoreClockUpdate) refers to system_stm32f10x.o(.data) for SystemCoreClock
    system_stm32f10x.o(i.SystemInit) refers to system_stm32f10x.o(i.SetSysClock) for SetSysClock
    modbus.o(i.ForceMultipleCoils) refers to modbus.o(i.SetMultipleCoilVal) for SetMultipleCoilVal
    modbus.o(i.ForceMultipleCoils) refers to modbus.o(i.crc16) for crc16
    modbus.o(i.ForceMultipleCoils) refers to modbus.o(i.beginSend) for beginSend
    modbus.o(i.ForceMultipleCoils) refers to uart.o(.bss) for receBuf
    modbus.o(i.ForceMultipleCoils) refers to modbus.o(.data) for Coil
    modbus.o(i.ForceSingleCoil) refers to modbus.o(i.setCoilVal) for setCoilVal
    modbus.o(i.ForceSingleCoil) refers to modbus.o(i.beginSend) for beginSend
    modbus.o(i.ForceSingleCoil) refers to uart.o(.bss) for receBuf
    modbus.o(i.ForceSingleCoil) refers to modbus.o(.data) for Coil
    modbus.o(i.ForceSingleCoil) refers to uart.o(.data) for receCount
    modbus.o(i.ReceiveOver) refers to modbus.o(.data) for receTimeOut
    modbus.o(i.ReceiveOver) refers to uart.o(.data) for receCount
    modbus.o(i.SetCoilReg) refers to modbus.o(.bss) for RegData
    modbus.o(i.SetMultipleCoilVal) refers to modbus.o(.bss) for CoilData
    modbus.o(i.WritetSingleRegister) refers to modbus.o(i.SetCoilReg) for SetCoilReg
    modbus.o(i.WritetSingleRegister) refers to modbus.o(i.beginSend) for beginSend
    modbus.o(i.WritetSingleRegister) refers to uart.o(.bss) for receBuf
    modbus.o(i.WritetSingleRegister) refers to modbus.o(.data) for Rdis
    modbus.o(i.WritetSingleRegister) refers to uart.o(.data) for receCount
[...]
    i.OSTmr_InitTask                         0x08002910   Section        0  os_tmr.o(i.OSTmr_InitTask)
    OSTmr_InitTask                           0x08002911   Thumb Code    50  os_tmr.o(i.OSTmr_InitTask)
    i.OSTmr_Link                             0x08002960   Section        0  os_tmr.o(i.OSTmr_Link)
    OSTmr_Link                               0x08002961   Thumb Code   100  os_tmr.o(i.OSTmr_Link)
    i.OSTmr_Lock                             0x080029cc   Section        0  os_tmr.o(i.OSTmr_Lock)
    OSTmr_Lock                               0x080029cd   Thumb Code    16  os_tmr.o(i.OSTmr_Lock)
    i.OSTmr_Task                             0x080029e0   Section        0  os_tmr.o(i.OSTmr_Task)
    OSTmr_Task                               0x080029e1   Thumb Code   112  os_tmr.o(i.OSTmr_Task)
    i.OSTmr_Unlink                           0x08002a5c   Section        0  os_tmr.o(i.OSTmr_Unlink)
    OSTmr_Unlink                             0x08002a5d   Thumb Code    62  os_tmr.o(i.OSTmr_Unlink)
    i.OSTmr_Unlock                           0x08002aa0   Section        0  os_tmr.o(i.OSTmr_Unlock)
    OSTmr_Unlock                             0x08002aa1   Thumb Code    12  os_tmr.o(i.OSTmr_Unlock)
    i.OS_EventTaskRdy                        0x08002ab0   Section        0  os_core.o(i.OS_EventTaskRdy)
    i.OS_EventTaskRemove                     0x08002b40   Section        0  os_core.o(i.OS_EventTaskRemove)
    i.OS_EventTaskRemoveMulti                0x08002b6a   Section        0  os_core.o(i.OS_EventTaskRemoveMulti)
    i.OS_EventTaskWait                       0x08002ba4   Section        0  os_core.o(i.OS_EventTaskWait)
    i.OS_EventWaitListInit                   0x08002c20   Section        0  os_core.o(i.OS_EventWaitListInit)
    i.OS_FlagInit                            0x08002c3c   Section        0  os_flag.o(i.OS_FlagInit)
    i.OS_InitEventList                       0x08002c88   Section        0  os_core.o(i.OS_InitEventList)
    OS_InitEventList                         0x08002c89   Thumb Code    70  os_core.o(i.OS_InitEventList)
    i.OS_InitMisc                            0x08002cd8   Section        0  os_core.o(i.OS_InitMisc)
    OS_InitMisc                              0x08002cd9   Thumb Code    44  os_core.o(i.OS_InitMisc)
    i.OS_InitRdyList                         0x08002d2c   Section        0  os_core.o(i.OS_InitRdyList)
    OS_InitRdyList                           0x08002d2d   Thumb Code    46  os_core.o(i.OS_InitRdyList)
    i.OS_InitTCBList                         0x08002d74   Section        0  os_core.o(i.OS_InitTCBList)
    OS_InitTCBList                           0x08002d75   Thumb Code    86  os_core.o(i.OS_InitTCBList)
    i.OS_InitTaskIdle                        0x08002ddc   Section        0  os_core.o(i.OS_InitTaskIdle)
    OS_InitTaskIdle                          0x08002ddd   Thumb Code    50  os_core.o(i.OS_InitTaskIdle)
    i.OS_InitTaskStat                        0x08002e2c   Section        0  os_core.o(i.OS_InitTaskStat)
    OS_InitTaskStat                          0x08002e2d   Thumb Code    50  os_core.o(i.OS_InitTaskStat)
    i.OS_MemClr                              0x08002e7c   Section        0  os_core.o(i.OS_MemClr)
    i.OS_MemInit                             0x08002e90   Section        0  os_mem.o(i.OS_MemInit)
    i.OS_QInit                               0x08002edc   Section        0  os_q.o(i.OS_QInit)
    i.OS_Sched                               0x08002f14   Section        0  os_core.o(i.OS_Sched)
    i.OS_SchedNew                            0x08002f88   Section        0  os_core.o(i.OS_SchedNew)
    OS_SchedNew                              0x08002f89   Thumb Code    26  os_core.o(i.OS_SchedNew)
    i.OS_StrCopy                             0x08002fb4   Section        0  os_core.o(i.OS_StrCopy)
    i.OS_StrLen                              0x08002fd0   Section        0  os_core.o(i.OS_StrLen)
    i.OS_TCBInit                             0x08002fe4   Section        0  os_core.o(i.OS_TCBInit)
    i.OS_TaskIdle                            0x08003104   Section        0  os_core.o(i.OS_TaskIdle)
    i.OS_TaskStat                            0x08003128   Section        0  os_core.o(i.OS_TaskStat)
    i.OS_TaskStatStkChk                      0x080031b0   Section        0  os_core.o(i.OS_TaskStatStkChk)
    i.OS_TaskStkClr                          0x080031ec   Section        0  os_task.o(i.OS_TaskStkClr)
    i.RCC_APB1PeriphClockCmd                 0x08003208   Section        0  stm32f10x_rcc.o(i.RCC_APB1PeriphClockCmd)
    i.RCC_APB2PeriphClockCmd                 0x08003228   Section        0  stm32f10x_rcc.o(i.RCC_APB2PeriphClockCmd)
    i.RCC_Configuration                      0x08003248   Section        0  bsp.o(i.RCC_Configuration)
    i.RCC_GetClocksFreq                      0x08003250   Section        0  stm32f10x_rcc.o(i.RCC_GetClocksFreq)
    i.ReceiveOver                            0x08003324   Section        0  modbus.o(i.ReceiveOver)
    i.SVC_Handler                            0x08003368   Section        0  stm32f10x_it.o(i.SVC_Handler)
    i.SerPrintf                              0x0800336c   Section        0  uart.o(i.SerPrintf)
    i.SerWrStr                               0x08003394   Section        0  uart.o(i.SerWrStr)
    SerWrStr                                 0x08003395   Thumb Code    42  uart.o(i.SerWrStr)
    i.SetSysClock                            0x080033be   Section        0  system_stm32f10x.o(i.SetSysClock)
    SetSysClock                              0x080033bf   Thumb Code     8  system_stm32f10x.o(i.SetSysClock)
    i.SetSysClockTo72                        0x080033c8   Section        0  system_stm32f10x.o(i.SetSysClockTo72)
    SetSysClockTo72                          0x080033c9   Thumb Code   214  system_stm32f10x.o(i.SetSysClockTo72)
    i.SignalTask                             0x080034a8   Section        0  app.o(i.SignalTask)
    SignalTask                               0x080034a9   Thumb Code    26  app.o(i.SignalTask)
    i.SysTick_Handler                        0x080034c8   Section        0  stm32f10x_it.o(i.SysTick_Handler)
    i.SysTick_Init                           0x080034f4   Section        0  bsp.o(i.SysTick_Init)
    i.SystemInit                             0x08003558   Section        0  system_stm32f10x.o(i.SystemInit)
    i.UART4_IRQHandler                       0x080035b8   Section        0  stm32f10x_it.o(i.UART4_IRQHandler)
    i.USART1_Configuration                   0x080035d8   Section        0  uart.o(i.USART1_Configuration)
    i.USART1_IRQHandler                      0x08003688   Section        0  stm32f10x_it.o(i.USART1_IRQHandler)
    i.USART3_Configuration                   0x080036e0   Section        0  uart.o(i.USART3_Configuration)
    i.USART3_IRQHandler                      0x080037a8   Section        0  stm32f10x_it.o(i.USART3_IRQHandler)
    i.USART3_SendData                        0x080037c8   Section        0  uart.o(i.USART3_SendData)
    i.USART_ClearFlag                        0x080037f0   Section        0  stm32f10x_usart.o(i.USART_ClearFlag)
    i.USART_ClearITPendingBit                0x08003802   Section        0  stm32f10x_usart.o(i.USART_ClearITPendingBit)
    i.USART_Cmd                              0x08003820   Section        0  stm32f10x_usart.o(i.USART_Cmd)
    i.USART_GetFlagStatus                    0x08003838   Section        0  stm32f10x_usart.o(i.USART_GetFlagStatus)
    i.USART_GetITStatus                      0x08003852   Section        0  stm32f10x_usart.o(i.USART_GetITStatus)
    i.USART_ITConfig                         0x080038a6   Section        0  stm32f10x_usart.o(i.USART_ITConfig)
    i.USART_Init                             0x080038f0   Section        0  stm32f10x_usart.o(i.USART_Init)
    i.USART_ReceiveData                      0x080039c8   Section        0  stm32f10x_usart.o(i.USART_ReceiveData)
    i.USART_SendData                         0x080039d2   Section        0  stm32f10x_usart.o(i.USART_SendData)
    i.UsageFault_Handler                     0x080039da   Section        0  stm32f10x_it.o(i.UsageFault_Handler)
    i.__ARM_fpclassify                       0x080039de   Section        0  fpclassify.o(i.__ARM_fpclassify)
    i._is_digit                              0x08003a06   Section        0  __printf_wp.o(i._is_digit)
    i.main                                   0x08003a14   Section        0  app.o(i.main)
    locale$$code                             0x08003b20   Section       44  lc_numeric_c.o(locale$$code)
    locale$$code                             0x08003b4c   Section       44  lc_ctype_c.o(locale$$code)
    x$fpl$printf1                            0x08003b78   Section        4  printf1.o(x$fpl$printf1)
    .constdata                               0x08003b7c   Section       94  os_dbg.o(.constdata)
    x$fpl$usenofp                            0x08003b7c   Section        0  usenofp.o(x$fpl$usenofp)
    .constdata                               0x08003bda   Section      256  os_core.o(.constdata)
    .constdata                               0x08003cdc   Section        8  _printf_wctomb.o(.constdata)
    initial_mbstate                          0x08003cdc   Data           8  _printf_wctomb.o(.constdata)
    .constdata                               0x08003ce4   Section       40  _printf_hex_int_ll_ptr.o(.constdata)
    uc_hextab                                0x08003ce4   Data          20  _printf_hex_int_ll_ptr.o(.constdata)
    lc_hextab                                0x08003cf8   Data          20  _printf_hex_int_ll_ptr.o(.constdata)
    .constdata                               0x08003d0c   Section       17  __printf_flags_ss_wp.o(.constdata)
    maptable                                 0x08003d0c   Data          17  __printf_flags_ss_wp.o(.constdata)
    .constdata                               0x08003d20   Section      148  bigflt0.o(.constdata)
    tenpwrs_x                                0x08003d20   Data          60  bigflt0.o(.constdata)
    tenpwrs_i                                0x08003d5c   Data          64  bigflt0.o(.constdata)
    locale$$data                             0x08003dd4   Section       28  lc_numeric_c.o(locale$$data)
    __lcnum_c_name                           0x08003dd8   Data           2  lc_numeric_c.o(locale$$data)
    __lcnum_c_start                          0x08003de0   Data           0  lc_numeric_c.o(locale$$data)
    __lcnum_c_point                          0x08003dec   Data           0  lc_numeric_c.o(locale$$data)
    __lcnum_c_thousands                      0x08003dee   Data           0  lc_numeric_c.o(locale$$data)
    __lcnum_c_grouping                       0x08003def   Data           0  lc_numeric_c.o(locale$$data)
    locale$$data                             0x08003df0   Section      272  lc_ctype_c.o(locale$$data)
    __lcnum_c_end                            0x08003df0   Data           0  lc_numeric_c.o(locale$$data)
    __lcctype_c_name                         0x08003df4   Data           2  lc_ctype_c.o(locale$$data)
    __lcctype_c_start                        0x08003dfc   Data           0  lc_ctype_c.o(locale$$data)
    __lcctype_c_end                          0x08003f00   Data           0  lc_ctype_c.o(locale$$data)
    .data                                    0x20000000   Section        4  app.o(.data)
    .data                                    0x20000004   Section        1  stm32f10x_it.o(.data)
    .data                                    0x20000008   Section       21  modbus.o(.data)
    .data                                    0x2000001d   Section        4  dispose.o(.data)
    cmd_flag                                 0x2000001f   Data           1  dispose.o(.data)
    state                                    0x20000020   Data           1  dispose.o(.data)
    .data                                    0x20000022   Section        4  uart.o(.data)
    .data                                    0x20000026   Section       20  stm32f10x_rcc.o(.data)
    APBAHBPrescTable                         0x20000026   Data          16  stm32f10x_rcc.o(.data)
    ADCPrescTable                            0x20000036   Data           4  stm32f10x_rcc.o(.data)
    .data                                    0x2000003a   Section        2  os_cpu_c.o(.data)
    OSTmrCtr                                 0x2000003a   Data           2  os_cpu_c.o(.data)
    .data                                    0x2000003c   Section       92  os_core.o(.data)
    .bss                                     0x20000098   Section     3072  app.o(.bss)
    SignalTaskStk                            0x20000098   Data        1024  app.o(.bss)
    ModbusTaskStk                            0x20000498   Data        1024  app.o(.bss)
    MainTaskStk                              0x20000898   Data        1024  app.o(.bss)
    .bss                                     0x20000c98   Section     1021  uart.o(.bss)
    buffer                                   0x20000f96   Data         255  uart.o(.bss)
    .bss                                     0x20001098   Section     5320  os_core.o(.bss)
    .bss                                     0x20002560   Section       96  libspace.o(.bss)
    HEAP                                     0x200025c0   Section      512  startup_stm32f10x_hd.o(HEAP)
    Heap_Mem                                 0x200025c0   Data         512  startup_stm32f10x_hd.o(HEAP)
    STACK                                    0x200027c0   Section     1024  startup_stm32f10x_hd.o(STACK)
    Stack_Mem                                0x200027c0   Data        1024  startup_stm32f10x_hd.o(STACK)
    __initial_sp                             0x20002bc0   Data           0  startup_stm32f10x_hd.o(STACK)

    Global Symbols

    Symbol Name                              Value     Ov Type        Size  Object(Section)

    BuildAttributes$$THM_ISAv4$P$D$K$B$S$PE$A:L22UL41UL21$X:L11$S22US41US21$IEEE1$IW$USESV6$~STKCKD$USESV7$~SHL$OTIME$ROPI$IEEEJ$EBA8$UX$STANDARDLIB$REQ8$PRES8$EABIv2 0x00000000   Number         0  anon$$obj.o ABSOLUTE
    __ARM_use_no_argv                        0x00000000   Number         0  app.o ABSOLUTE
    _printf_flags                            0x00000000   Number         0  printf_stubs.o ABSOLUTE
    _printf_return_value                     0x00000000   Number         0  printf_stubs.o ABSOLUTE
    _printf_sizespec                         0x00000000   Number         0  printf_stubs.o ABSOLUTE
    _printf_widthprec                        0x00000000   Number         0  printf_stubs.o ABSOLUTE
    __ARM_exceptions_init                     - Undefined Weak Reference
    __alloca_initialize                       - Undefined Weak Reference
    __arm_preinit_                            - Undefined Weak Reference
    __cpp_initialize__aeabi_                  - Undefined Weak Reference
    __cxa_finalize                            - Undefined Weak Reference
    __sigvec_lookup                           - Undefined Weak Reference
    _atexit_init                              - Undefined Weak Reference
    _call_atexit_fns                          - Undefined Weak Reference
    _clock_init                               - Undefined Weak Reference
    _fp_trap_init                             - Undefined Weak Reference
    _fp_trap_shutdown                         - Undefined Weak Reference
    _get_lc_collate                           - Undefined Weak Reference
    _get_lc_monetary                          - Undefined Weak Reference
    _get_lc_time                              - Undefined Weak Reference
    _getenv_init                              - Undefined Weak Reference
    _handle_redirection                       - Undefined Weak Reference
    _init_alloc                               - Undefined Weak Reference
    _init_user_alloc                          - Undefined Weak Reference
    _initio                                   - Undefined Weak Reference
    _printf_fp_hex                            - Undefined Weak Reference
    _printf_mbtowc                            - Undefined Weak Reference
    _printf_wc                                - Undefined Weak Reference
    _rand_init                                - Undefined Weak Reference
    _signal_finish                            - Undefined Weak Reference
    _signal_init                              - Undefined Weak Reference
    _terminate_alloc                          - Undefined Weak Reference
    _terminate_user_alloc                     - Undefined Weak Reference
    _terminateio                              - Undefined Weak Reference
    __Vectors_Size                           0x00000130   Number         0  startup_stm32f10x_hd.o ABSOLUTE
    __Vectors                                0x08000000   Data           4  startup_stm32f10x_hd.o(RESET)
    __Vectors_End                            0x08000130   Data           0  startup_stm32f10x_hd.o(RESET)
    __main                                   0x08000131   Thumb Code     8  __main.o(!!!main)
    __scatterload                            0x08000139   Thumb Code     0  __scatter.o(!!!scatter)
    __scatterload_rt2                        0x08000139   Thumb Code    44  __scatter.o(!!!scatter)
    __scatterload_rt2_thumb_only             0x08000139   Thumb Code     0  __scatter.o(!!!scatter)
    __scatterload_null                       0x08000147   Thumb Code     0  __scatter.o(!!!scatter)
    __scatterload_copy                       0x0800016d   Thumb Code    26  __scatter_copy.o(!!handler_copy)
    __scatterload_zeroinit                   0x08000189   Thumb Code    28  __scatter_zi.o(!!handler_zi)
    _printf_n                                0x080001a5   Thumb Code     0  _printf_n.o(.ARM.Collect$$_printf_percent$$00000001)
    _printf_percent                          0x080001a5   Thumb Code     0  _printf_percent.o(.ARM.Collect$$_printf_percent$$00000000)
    _printf_p                                0x080001ab   Thumb Code     0  _printf_p.o(.ARM.Collect$$_printf_percent$$00000002)
    _printf_f                                0x080001b1   Thumb Code     0  _printf_f.o(.ARM.Collect$$_printf_percent$$00000003)
    _printf_e                                0x080001b7   Thumb Code     0  _printf_e.o(.ARM.Collect$$_printf_percent$$00000004)
    _printf_g                                0x080001bd   Thumb Code     0  _printf_g.o(.ARM.Collect$$_printf_percent$$00000005)
    _printf_a                                0x080001c3   Thumb Code     0  _printf_a.o(.ARM.Collect$$_printf_percent$$00000006)
    _printf_ll                               0x080001c9   Thumb Code     0  _printf_ll.o(.ARM.Collect$$_printf_percent$$00000007)
    _printf_i                                0x080001d3   Thumb Code     0  _printf_i.o(.ARM.Collect$$_printf_percent$$00000008)
    _printf_d                                0x080001d9   Thumb Code     0  _printf_d.o(.ARM.Collect$$_printf_percent$$00000009)
    _printf_u                                0x080001df   Thumb Code     0  _printf_u.o(.ARM.Collect$$_printf_percent$$0000000A)
    _printf_o                                0x080001e5   Thumb Code     0  _printf_o.o(.ARM.Collect$$_printf_percent$$0000000B)
    _printf_x                                0x080001eb   Thumb Code     0  _printf_x.o(.ARM.Collect$$_printf_percent$$0000000C)
    _printf_lli                              0x080001f1   Thumb Code     0  _printf_lli.o(.ARM.Collect$$_printf_percent$$0000000D)
    _printf_lld                              0x080001f7   Thumb Code     0  _printf_lld.o(.ARM.Collect$$_printf_percent$$0000000E)
    _printf_llu                              0x080001fd   Thumb Code     0  _printf_llu.o(.ARM.Collect$$_printf_percent$$0000000F)
    _printf_llo                              0x08000203   Thumb Code     0  _printf_llo.o(.ARM.Collect$$_printf_percent$$00000010)
    _printf_llx                              0x08000209   Thumb Code     0  _printf_llx.o(.ARM.Collect$$_printf_percent$$00000011)
    _printf_l                                0x0800020f   Thumb Code     0  _printf_l.o(.ARM.Collect$$_printf_percent$$00000012)
    _printf_c                                0x08000219   Thumb Code     0  _printf_c.o(.ARM.Collect$$_printf_percent$$00000013)
    _printf_s                                0x0800021f   Thumb Code     0  _printf_s.o(.ARM.Collect$$_printf_percent$$00000014)
    _printf_lc                               0x08000225   Thumb Code     0  _printf_lc.o(.ARM.Collect$$_printf_percent$$00000015)
    _printf_ls                               0x0800022b   Thumb Code     0  _printf_ls.o(.ARM.Collect$$_printf_percent$$00000016)
    _printf_percent_end                      0x08000231   Thumb Code     0  _printf_percent_end.o(.ARM.Collect$$_printf_percent$$00000017)
    __rt_lib_init                            0x08000235   Thumb Code     0  libinit.o(.ARM.Collect$$libinit$$00000000)
    __rt_lib_init_fp_1                       0x08000237   Thumb Code     0  libinit2.o(.ARM.Collect$$libinit$$00000002)
    __rt_lib_init_heap_1                     0x08000237   Thumb Code     0  libinit2.o(.ARM.Collect$$libinit$$0000000A)
    __rt_lib_init_lc_common                  0x08000237   Thumb Code     0  libinit2.o(.ARM.Collect$$libinit$$0000000F)
    __rt_lib_init_preinit_1                  0x08000237   Thumb Code     0  libinit2.o(.ARM.Collect$$libinit$$00000004)
    __rt_lib_init_rand_1                     0x08000237   Thumb Code     0  libinit2.o(.ARM.Collect$$libinit$$0000000E)
    __rt_lib_init_user_alloc_1               0x08000237   Thumb Code     0  libinit2.o(.ARM.Collect$$libinit$$0000000C)
    __rt_lib_init_lc_collate_1               0x0800023d   Thumb Code     0  libinit2.o(.ARM.Collect$$libinit$$00000011)
    __rt_lib_init_lc_ctype_2                 0x0800023d   Thumb Code     0  libinit2.o(.ARM.Collect$$libinit$$00000012)
    __rt_lib_init_lc_ctype_1                 0x08000249   Thumb Code     0  libinit2.o(.ARM.Collect$$libinit$$00000013)
    __rt_lib_init_lc_monetary_1              0x08000249   Thumb Code     0  libinit2.o(.ARM.Collect$$libinit$$00000015)
    __rt_lib_init_lc_numeric_2               0x08000249   Thumb Code     0  libinit2.o(.ARM.Collect$$libinit$$00000016)
    __rt_lib_init_alloca_1                   0x08000253   Thumb Code     0  libinit2.o(.ARM.Collect$$libinit$$0000002E)
    __rt_lib_init_argv_1                     0x08000253   Thumb Code     0  libinit2.o(.ARM.Collect$$libinit$$0000002C)
    __rt_lib_init_atexit_1                   0x08000253   Thumb Code     0  libinit2.o(.ARM.Collect$$libinit$$0000001B)
    __rt_lib_init_clock_1                    0x08000253   Thumb Code     0  libinit2.o(.ARM.Collect$$libinit$$00000021)
    __rt_lib_init_cpp_1                      0x08000253   Thumb Code     0  libinit2.o(.ARM.Collect$$libinit$$00000032)
    __rt_lib_init_exceptions_1               0x08000253   Thumb Code     0  libinit2.o(.ARM.Collect$$libinit$$00000030)
    __rt_lib_init_fp_trap_1                  0x08000253   Thumb Code     0  libinit2.o(.ARM.Collect$$libinit$$0000001F)
    __rt_lib_init_getenv_1                   0x08000253   Thumb Code     0  libinit2.o(.ARM.Collect$$libinit$$00000023)
    __rt_lib_init_lc_numeric_1               0x08000253   Thumb Code     0  libinit2.o(.ARM.Collect$$libinit$$00000017)
    __rt_lib_init_lc_time_1                  0x08000253   Thumb Code     0  libinit2.o(.ARM.Collect$$libinit$$00000019)
    __rt_lib_init_return                     0x08000253   Thumb Code     0  libinit2.o(.ARM.Collect$$libinit$$00000033)
    __rt_lib_init_signal_1                   0x08000253   Thumb Code     0  libinit2.o(.ARM.Collect$$libinit$$0000001D)
    __rt_lib_init_stdio_1                    0x08000253   Thumb Code     0  libinit2.o(.ARM.Collect$$libinit$$00000025)
    __rt_lib_shutdown                        0x08000255   Thumb Code     0  libshutdown.o(.ARM.Collect$$libshutdown$$00000000)
    __rt_lib_shutdown_cpp_1                  0x08000257   Thumb Code     0  libshutdown2.o(.ARM.Collect$$libshutdown$$00000002)
    __rt_lib_shutdown_fp_trap_1              0x08000257   Thumb Code     0  libshutdown2.o(.ARM.Collect$$libshutdown$$00000007)
    __rt_lib_shutdown_heap_1                 0x08000257   Thumb Code     0  libshutdown2.o(.ARM.Collect$$libshutdown$$0000000F)
    __rt_lib_shutdown_return                 0x08000257   Thumb Code     0  libshutdown2.o(.ARM.Collect$$libshutdown$$00000010)
    __rt_lib_shutdown_signal_1               0x08000257   Thumb Code     0  libshutdown2.o(.ARM.Collect$$libshutdown$$0000000A)
    __rt_lib_shutdown_stdio_1                0x08000257   Thumb Code     0  libshutdown2.o(.ARM.Collect$$libshutdown$$00000004)
    __rt_lib_shutdown_user_alloc_1           0x08000257   Thumb Code     0  libshutdown2.o(.ARM.Collect$$libshutdown$$0000000C)
    __rt_entry                               0x08000259   Thumb Code     0  __rtentry.o(.ARM.Collect$$rtentry$$00000000)
    __rt_entry_presh_1                       0x08000259   Thumb Code     0  __rtentry2.o(.ARM.Collect$$rtentry$$00000002)
    __rt_entry_sh                            0x08000259   Thumb Code     0  __rtentry4.o(.ARM.Collect$$rtentry$$00000004)
    __rt_entry_li                            0x0800025f   Thumb Code     0  __rtentry2.o(.ARM.Collect$$rtentry$$0000000A)
    __rt_entry_postsh_1                      0x0800025f   Thumb Code     0  __rtentry2.o(.ARM.Collect$$rtentry$$00000009)
    __rt_entry_main                          0x08000263   Thumb Code     0  __rtentry2.o(.ARM.Collect$$rtentry$$0000000D)
    __rt_entry_postli_1                      0x08000263   Thumb Code     0  __rtentry2.o(.ARM.Collect$$rtentry$$0000000C)
    __rt_exit                                0x0800026b   Thumb Code     0  rtexit.o(.ARM.Collect$$rtexit$$00000000)
    __rt_exit_ls                             0x0800026d   Thumb Code     0  rtexit2.o(.ARM.Collect$$rtexit$$00000003)
    __rt_exit_prels_1                        0x0800026d   Thumb Code     0  rtexit2.o(.ARM.Collect$$rtexit$$00000002)
    __rt_exit_exit                           0x08000271   Thumb Code     0  rtexit2.o(.ARM.Collect$$rtexit$$00000004)
    Reset_Handler                            0x08000279   Thumb Code     8  startup_stm32f10x_hd.o(.text)
    ADC1_2_IRQHandler                        0x08000293   Thumb Code     0  startup_stm32f10x_hd.o(.text)
    ADC3_IRQHandler                          0x08000293   Thumb Code     0  startup_stm32f10x_hd.o(.text)
    CAN1_RX1_IRQHandler                      0x08000293   Thumb Code     0  startup_stm32f10x_hd.o(.text)
    CAN1_SCE_IRQHandler                      0x08000293   Thumb Code     0  startup_stm32f10x_hd.o(.text)
    DMA1_Channel1_IRQHandler                 0x08000293   Thumb Code     0  startup_stm32f10x_hd.o(.text)
    DMA1_Channel2_IRQHandler                 0x08000293   Thumb Code     0  startup_stm32f10x_hd.o(.text)
    DMA1_Channel3_IRQHandler                 0x08000293   Thumb Code     0  startup_stm32f10x_hd.o(.text)
    DMA1_Channel4_IRQHandler                 0x08000293   Thumb Code     0  startup_stm32f10x_hd.o(.text)
    DMA1_Channel5_IRQHandler                 0x08000293   Thumb Code     0  startup_stm32f10x_hd.o(.text)
    DMA1_Channel6_IRQHandler                 0x08000293   Thumb Code     0  startup_stm32f10x_hd.o(.text)
    DMA1_Channel7_IRQHandler                 0x08000293   Thumb Code     0  startup_stm32f10x_hd.o(.text)
    DMA2_Channel1_IRQHandler                 0x08000293   Thumb Code     0  startup_stm32f10x_hd.o(.text)
    DMA2_Channel2_IRQHandler                 0x08000293   Thumb Code     0  startup_stm32f10x_hd.o(.text)
    DMA2_Channel3_IRQHandler                 0x08000293   Thumb Code     0  startup_stm32f10x_hd.o(.text)
    DMA2_Channel4_5_IRQHandler               0x08000293   Thumb Code     0  startup_stm32f10x_hd.o(.text)
    EXTI0_IRQHandler                         0x08000293   Thumb Code     0  startup_stm32f10x_hd.o(.text)
    EXTI15_10_IRQHandler                     0x08000293   Thumb Code     0  startup_stm32f10x_hd.o(.text)
    EXTI1_IRQHandler                         0x08000293   Thumb Code     0  startup_stm32f10x_hd.o(.text)
    EXTI2_IRQHandler                         0x08000293   Thumb Code     0  startup_stm32f10x_hd.o(.text)
    EXTI3_IRQHandler                         0x08000293   Thumb Code     0  startup_stm32f10x_hd.o(.text)
    EXTI4_IRQHandler                         0x08000293   Thumb Code     0  startup_stm32f10x_hd.o(.text)
    EXTI9_5_IRQHandler                       0x08000293   Thumb Code     0  startup_stm32f10x_hd.o(.text)
    FLASH_IRQHandler                         0x08000293   Thumb Code     0  startup_stm32f10x_hd.o(.text)
    FSMC_IRQHandler                          0x08000293   Thumb Code     0  startup_stm32f10x_hd.o(.text)
    I2C1_ER_IRQHandler                       0x08000293   Thumb Code     0  startup_stm32f10x_hd.o(.text)
    I2C1_EV_IRQHandler                       0x08000293   Thumb Code     0  startup_stm32f10x_hd.o(.text)
    I2C2_ER_IRQHandler                       0x08000293   Thumb Code     0  startup_stm32f10x_hd.o(.text)
    I2C2_EV_IRQHandler                       0x08000293   Thumb Code     0  startup_stm32f10x_hd.o(.text)
    PVD_IRQHandler                           0x08000293   Thumb Code     0  startup_stm32f10x_hd.o(.text)
    RCC_IRQHandler                           0x08000293   Thumb Code     0  startup_stm32f10x_hd.o(.text)
    RTCAlarm_IRQHandler                      0x08000293   Thumb Code     0  startup_stm32f10x_hd.o(.text)
    RTC_IRQHandler                           0x08000293   Thumb Code     0  startup_stm32f10x_hd.o(.text)
    SDIO_IRQHandler                          0x08000293   Thumb Code     0  startup_stm32f10x_hd.o(.text)
    SPI1_IRQHandler                          0x08000293   Thumb Code     0  startup_stm32f10x_hd.o(.text)
    SPI2_IRQHandler                          0x08000293   Thumb Code     0  startup_stm32f10x_hd.o(.text)
    SPI3_IRQHandler                          0x08000293   Thumb Code     0  startup_stm32f10x_hd.o(.text)
    TAMPER_IRQHandler                        0x08000293   Thumb Code     0  startup_stm32f10x_hd.o(.text)
    TIM1_BRK_IRQHandler                      0x08000293   Thumb Code     0  startup_stm32f10x_hd.o(.text)
    TIM1_CC_IRQHandler                       0x08000293   Thumb Code     0  startup_stm32f10x_hd.o(.text)
    TIM1_TRG_COM_IRQHandler                  0x08000293   Thumb Code     0  startup_stm32f10x_hd.o(.text)
    TIM1_UP_IRQHandler                       0x08000293   Thumb Code     0  startup_stm32f10x_hd.o(.text)
    TIM2_IRQHandler                          0x08000293   Thumb Code     0  startup_stm32f10x_hd.o(.text)
    TIM3_IRQHandler                          0x08000293   Thumb Code     0  startup_stm32f10x_hd.o(.text)
    TIM4_IRQHandler                          0x08000293   Thumb Code     0  startup_stm32f10x_hd.o(.text)
    TIM5_IRQHandler                          0x08000293   Thumb Code     0  startup_stm32f10x_hd.o(.text)
    TIM6_IRQHandler                          0x08000293   Thumb Code     0  startup_stm32f10x_hd.o(.text)
    TIM7_IRQHandler                          0x08000293   Thumb Code     0  startup_stm32f10x_hd.o(.text)
    TIM8_BRK_IRQHandler                      0x08000293   Thumb Code     0  startup_stm32f10x_hd.o(.text)
    TIM8_CC_IRQHandler                       0x08000293   Thumb Code     0  startup_stm32f10x_hd.o(.text)
    TIM8_TRG_COM_IRQHandler                  0x08000293   Thumb Code     0  startup_stm32f10x_hd.o(.text)
    TIM8_UP_IRQHandler                       0x08000293   Thumb Code     0  startup_stm32f10x_hd.o(.text)
    UART5_IRQHandler                         0x08000293   Thumb Code     0  startup_stm32f10x_hd.o(.text)
    USART2_IRQHandler                        0x08000293   Thumb Code     0  startup_stm32f10x_hd.o(.text)
    USBWakeUp_IRQHandler                     0x08000293   Thumb Code     0  startup_stm32f10x_hd.o(.text)
    USB_HP_CAN1_TX_IRQHandler                0x08000293   Thumb Code     0  startup_stm32f10x_hd.o(.text)
    USB_LP_CAN1_RX0_IRQHandler               0x08000293   Thumb Code     0  startup_stm32f10x_hd.o(.text)
    WWDG_IRQHandler                          0x08000293   Thumb Code     0  startup_stm32f10x_hd.o(.text)
    __user_initial_stackheap                 0x08000295   Thumb Code     0  startup_stm32f10x_hd.o(.text)
    CPU_IntDis                               0x080002b9   Thumb Code     0  cpu_a.o(.text)
    CPU_IntEn                                0x080002bd   Thumb Code     0  cpu_a.o(.text)
    CPU_SR_Save                              0x080002c1   Thumb Code     0  cpu_a.o(.text)
    CPU_SR_Restore                           0x080002c9   Thumb Code     0  cpu_a.o(.text)
    CPU_CntLeadZeros                         0x080002cf   Thumb Code     0  cpu_a.o(.text)
    CPU_RevBits                              0x080002d5   Thumb Code     0  cpu_a.o(.text)
    CPU_WaitForInt                           0x080002db   Thumb Code     0  cpu_a.o(.text)
    CPU_WaitForExcept                        0x080002df   Thumb Code     0  cpu_a.o(.text)
    OS_CPU_SR_Save                           0x080002e5   Thumb Code     0  os_cpu_a.o(.text)
    OS_CPU_SR_Restore                        0x080002ed   Thumb Code     0  os_cpu_a.o(.text)
    OSStartHighRdy                           0x080002f3   Thumb Code     0  os_cpu_a.o(.text)
    OSCtxSw                                  0x08000313   Thumb Code     0  os_cpu_a.o(.text)
    OSIntCtxSw                               0x0800031d   Thumb Code     0  os_cpu_a.o(.text)
    OS_CPU_PendSVHandler                     0x08000327   Thumb Code     0  os_cpu_a.o(.text)
    __c89vsprintf                            0x08000389   Thumb Code    32  c89vsprintf.o(.text)
    __use_two_region_memory                  0x080003ad   Thumb Code     2  heapauxi.o(.text)
    __rt_heap_escrow$2region                 0x080003af   Thumb Code     2  heapauxi.o(.text)
    __rt_heap_expand$2region                 0x080003b1   Thumb Code     2  heapauxi.o(.text)
    _printf_pre_padding                      0x080003b3   Thumb Code    44  _printf_pad.o(.text)
    _printf_post_padding                     0x080003df   Thumb Code    34  _printf_pad.o(.text)
    _printf_truncate_signed                  0x08000401   Thumb Code    18  _printf_truncate.o(.text)
    _printf_truncate_unsigned                0x08000413   Thumb Code    18  _printf_truncate.o(.text)
    _printf_str                              0x08000425   Thumb Code    82  _printf_str.o(.text)
    _printf_int_dec                          0x08000479   Thumb Code   104  _printf_dec.o(.text)
    _printf_charcount                        0x080004f1   Thumb Code    40  _printf_charcount.o(.text)
    _printf_char_common                      0x08000523   Thumb Code    32  _printf_char_common.o(.text)
    _sputc                                   0x08000549   Thumb Code    10  _sputc.o(.text)
    _printf_wctomb                           0x08000555   Thumb Code   182  _printf_wctomb.o(.text)
    _printf_longlong_dec                     0x08000611   Thumb Code   108  _printf_longlong_dec.o(.text)
    _printf_longlong_oct                     0x0800068d   Thumb Code    66  _printf_oct_int_ll.o(.text)
    _printf_int_oct                          0x080006cf   Thumb Code    24  _printf_oct_int_ll.o(.text)
    _printf_ll_oct                           0x080006e7   Thumb Code    12  _printf_oct_int_ll.o(.text)
    _printf_longlong_hex                     0x080006fd   Thumb Code    86  _printf_hex_int_ll_ptr.o(.text)
    _printf_int_hex                          0x08000753   Thumb Code    28  _printf_hex_int_ll_ptr.o(.text)
    _printf_ll_hex                           0x0800076f   Thumb Code    12  _printf_hex_int_ll_ptr.o(.text)
    _printf_hex_ptr                          0x0800077b   Thumb Code    18  _printf_hex_int_ll_ptr.o(.text)
    __printf                                 0x08000791   Thumb Code   388  __printf_flags_ss_wp.o(.text)
    _ll_udiv10                               0x08000919   Thumb Code   138  lludiv10.o(.text)
    _printf_int_common                       0x080009a3   Thumb Code   178  _printf_intcommon.o(.text)
    __lib_sel_fp_printf                      0x08000a55   Thumb Code     2  _printf_fp_dec.o(.text)
    _printf_fp_dec_real                      0x08000c03   Thumb Code   620  _printf_fp_dec.o(.text)
    _printf_cs_common                        0x08000e6f   Thumb Code    20  _printf_char.o(.text)
    _printf_char                             0x08000e83   Thumb Code    16  _printf_char.o(.text)
    _printf_string                           0x08000e93   Thumb Code     8  _printf_char.o(.text)
    _printf_lcs_common                       0x08000e9b   Thumb Code    20  _printf_wchar.o(.text)
    _printf_wchar                            0x08000eaf   Thumb Code    16  _printf_wchar.o(.text)
    _printf_wstring                          0x08000ebf   Thumb Code     8  _printf_wchar.o(.text)
    _wcrtomb                                 0x08000ec7   Thumb Code    64  _wcrtomb.o(.text)
    __user_setup_stackheap                   0x08000f07   Thumb Code    74  sys_stackheap_outer.o(.text)
    __rt_ctype_table                         0x08000f51   Thumb Code    16  rt_ctype_table.o(.text)
    __rt_locale                              0x08000f61   Thumb Code     8  rt_locale_intlibspace.o(.text)
    _printf_fp_infnan                        0x08000f69   Thumb Code   112  _printf_fp_infnan.o(.text)
    _btod_etento                             0x08000fe9   Thumb Code   216  bigflt0.o(.text)
    exit                                     0x080010c5   Thumb Code    18  exit.o(.text)
    __user_libspace                          0x080010d9   Thumb Code     8  libspace.o(.text)
    __user_perproc_libspace                  0x080010d9   Thumb Code     0  libspace.o(.text)
    __user_perthread_libspace                0x080010d9   Thumb Code     0  libspace.o(.text)
    strcmp                                   0x080010e1   Thumb Code   128  strcmpv7m.o(.text)
    _sys_exit                                0x08001161   Thumb Code     8  sys_exit.o(.text)
    __I$use$semihosting                      0x0800116d   Thumb Code     0  use_no_semi.o(.text)
    __use_no_semihosting_swi                 0x0800116d   Thumb Code     2  use_no_semi.o(.text)
    __semihosting_library_function           0x0800116f   Thumb Code     0  indicate_semi.o(.text)
    _btod_d2e                                0x0800116f   Thumb Code    62  btod.o(CL$$btod_d2e)
    _d2e_denorm_low                          0x080011ad   Thumb Code    70  btod.o(CL$$btod_d2e_denorm_low)
    _d2e_norm_op1                            0x080011f3   Thumb Code    96  btod.o(CL$$btod_d2e_norm_op1)
    __btod_div_common                        0x08001253   Thumb Code   696  btod.o(CL$$btod_div_common)
    _e2e                                     0x0800158b   Thumb Code   198  btod.o(CL$$btod_e2e)
    _btod_ediv                               0x08001651   Thumb Code    40  btod.o(CL$$btod_ediv)
    _btod_emul                               0x08001679   Thumb Code    40  btod.o(CL$$btod_emul)
    __btod_mult_common                       0x080016a1   Thumb Code   580  btod.o(CL$$btod_mult_common)
    BSP_Init                                 0x080018e5   Thumb Code    24  bsp.o(i.BSP_Init)
    BusFault_Handler                         0x080018fd   Thumb Code     4  stm32f10x_it.o(i.BusFault_Handler)
    CheckData                                0x08001901   Thumb Code    72  dispose.o(i.CheckData)
    DebugMon_Handler                         0x08001955   Thumb Code     2  stm32f10x_it.o(i.DebugMon_Handler)
    Dispose                                  0x08001959   Thumb Code   120  dispose.o(i.Dispose)
    FifoWriteOneByte                         0x080019e1   Thumb Code    78  uart.o(i.FifoWriteOneByte)
    GPIO_Init                                0x08001a3d   Thumb Code   278  stm32f10x_gpio.o(i.GPIO_Init)
    GPIO_PinRemapConfig                      0x08001b55   Thumb Code   138  stm32f10x_gpio.o(i.GPIO_PinRemapConfig)
    GpioCfg                                  0x08001be5   Thumb Code   284  gpio.o(i.GpioCfg)
    HardFault_Handler                        0x08001d15   Thumb Code     4  stm32f10x_it.o(i.HardFault_Handler)
    InquireUartRecvBuffer                    0x08001d19   Thumb Code    98  uart.o(i.InquireUartRecvBuffer)
    MemManage_Handler                        0x08001d99   Thumb Code     4  stm32f10x_it.o(i.MemManage_Handler)
    NMI_Handler                              0x08001dc1   Thumb Code     2  stm32f10x_it.o(i.NMI_Handler)
    NVIC_Init                                0x08001dc5   Thumb Code   100  misc.o(i.NVIC_Init)
    NVIC_PriorityGroupConfig                 0x08001e35   Thumb Code    10  misc.o(i.NVIC_PriorityGroupConfig)
    OSDebugInit                              0x08001e49   Thumb Code    94  os_dbg.o(i.OSDebugInit)
    OSEventNameSet                           0x08001f5d   Thumb Code   120  os_core.o(i.OSEventNameSet)
    OSInit                                   0x08001fd9   Thumb Code    56  os_core.o(i.OSInit)
    OSInitHookBegin                          0x08002011   Thumb Code     8  os_cpu_c.o(i.OSInitHookBegin)
    OSInitHookEnd                            0x0800201d   Thumb Code     2  os_cpu_c.o(i.OSInitHookEnd)
    OSIntExit                                0x08002021   Thumb Code   112  os_core.o(i.OSIntExit)
    OSSemCreate                              0x080020b1   Thumb Code    78  os_sem.o(i.OSSemCreate)
    OSSemPend                                0x08002109   Thumb Code   234  os_sem.o(i.OSSemPend)
    OSSemPost                                0x08002201   Thumb Code    88  os_sem.o(i.OSSemPost)
    OSStart                                  0x08002259   Thumb Code    48  os_core.o(i.OSStart)
    OSStatInit                               0x080022a1   Thumb Code    62  os_core.o(i.OSStatInit)
    OSTCBInitHook                            0x080022ed   Thumb Code     2  os_cpu_c.o(i.OSTCBInitHook)
    OSTaskCreateExt                          0x080022f1   Thumb Code   172  os_task.o(i.OSTaskCreateExt)
    OSTaskCreateHook                         0x080023a9   Thumb Code     2  os_cpu_c.o(i.OSTaskCreateHook)
    OSTaskIdleHook                           0x080023ab   Thumb Code     2  os_cpu_c.o(i.OSTaskIdleHook)
    OSTaskNameSet                            0x080023ad   Thumb Code   132  os_task.o(i.OSTaskNameSet)
    OSTaskStatHook                           0x0800243d   Thumb Code     2  os_cpu_c.o(i.OSTaskStatHook)
    OSTaskStkChk                             0x08002441   Thumb Code   132  os_task.o(i.OSTaskStkChk)
    OSTaskStkInit                            0x080024cd   Thumb Code   154  os_cpu_c.o(i.OSTaskStkInit)
    OSTaskSuspend                            0x08002569   Thumb Code   152  os_task.o(i.OSTaskSuspend)
    OSTaskSwHook                             0x08002611   Thumb Code     2  os_cpu_c.o(i.OSTaskSwHook)
    OSTimeDly                                0x08002615   Thumb Code    96  os_time.o(i.OSTimeDly)
    OSTimeDlyHMSM                            0x08002685   Thumb Code   108  os_time.o(i.OSTimeDlyHMSM)
    OSTimeSet                                0x080026f5   Thumb Code    24  os_time.o(i.OSTimeSet)
    OSTimeTick                               0x08002711   Thumb Code   210  os_core.o(i.OSTimeTick)
    OSTimeTickHook                           0x080027fd   Thumb Code    30  os_cpu_c.o(i.OSTimeTickHook)
    OSTmrSignal                              0x08002821   Thumb Code    16  os_tmr.o(i.OSTmrSignal)
    OSTmr_Init                               0x08002835   Thumb Code   162  os_tmr.o(i.OSTmr_Init)
    OS_EventTaskRdy                          0x08002ab1   Thumb Code   128  os_core.o(i.OS_EventTaskRdy)
    OS_EventTaskRemove                       0x08002b41   Thumb Code    42  os_core.o(i.OS_EventTaskRemove)
    OS_EventTaskRemoveMulti                  0x08002b6b   Thumb Code    58  os_core.o(i.OS_EventTaskRemoveMulti)
    OS_EventTaskWait                         0x08002ba5   Thumb Code   112  os_core.o(i.OS_EventTaskWait)
    OS_EventWaitListInit                     0x08002c21   Thumb Code    28  os_core.o(i.OS_EventWaitListInit)
    OS_FlagInit                              0x08002c3d   Thumb Code    68  os_flag.o(i.OS_FlagInit)
    OS_MemClr                                0x08002e7d   Thumb Code    18  os_core.o(i.OS_MemClr)
    OS_MemInit                               0x08002e91   Thumb Code    68  os_mem.o(i.OS_MemInit)
    OS_QInit                                 0x08002edd   Thumb Code    46  os_q.o(i.OS_QInit)
    OS_Sched                                 0x08002f15   Thumb Code    86  os_core.o(i.OS_Sched)
    OS_StrCopy                               0x08002fb5   Thumb Code    28  os_core.o(i.OS_StrCopy)
    OS_StrLen                                0x08002fd1   Thumb Code    20  os_core.o(i.OS_StrLen)
    OS_TCBInit                               0x08002fe5   Thumb Code   264  os_core.o(i.OS_TCBInit)
    OS_TaskIdle                              0x08003105   Thumb Code    32  os_core.o(i.OS_TaskIdle)
    OS_TaskStat                              0x08003129   Thumb Code   114  os_core.o(i.OS_TaskStat)
    OS_TaskStatStkChk                        0x080031b1   Thumb Code    54  os_core.o(i.OS_TaskStatStkChk)
    OS_TaskStkClr                            0x080031ed   Thumb Code    26  os_task.o(i.OS_TaskStkClr)
    RCC_APB1PeriphClockCmd                   0x08003209   Thumb Code    26  stm32f10x_rcc.o(i.RCC_APB1PeriphClockCmd)
    RCC_APB2PeriphClockCmd                   0x08003229   Thumb Code    26  stm32f10x_rcc.o(i.RCC_APB2PeriphClockCmd)
    RCC_Configuration                        0x08003249   Thumb Code     8  bsp.o(i.RCC_Configuration)
    RCC_GetClocksFreq                        0x08003251   Thumb Code   192  stm32f10x_rcc.o(i.RCC_GetClocksFreq)
    ReceiveOver                              0x08003325   Thumb Code    50  modbus.o(i.ReceiveOver)
    SVC_Handler                              0x08003369   Thumb Code     2  stm32f10x_it.o(i.SVC_Handler)
    SerPrintf                                0x0800336d   Thumb Code    34  uart.o(i.SerPrintf)
    SysTick_Handler                          0x080034c9   Thumb Code    38  stm32f10x_it.o(i.SysTick_Handler)
    SysTick_Init                             0x080034f5   Thumb Code    92  bsp.o(i.SysTick_Init)
    SystemInit                               0x08003559   Thumb Code    78  system_stm32f10x.o(i.SystemInit)
    UART4_IRQHandler                         0x080035b9   Thumb Code    26  stm32f10x_it.o(i.UART4_IRQHandler)
    USART1_Configuration                     0x080035d9   Thumb Code   168  uart.o(i.USART1_Configuration)
    USART1_IRQHandler                        0x08003689   Thumb Code    66  stm32f10x_it.o(i.USART1_IRQHandler)
    USART3_Configuration                     0x080036e1   Thumb Code   186  uart.o(i.USART3_Configuration)
    USART3_IRQHandler                        0x080037a9   Thumb Code    26  stm32f10x_it.o(i.USART3_IRQHandler)
    USART3_SendData                          0x080037c9   Thumb Code    36  uart.o(i.USART3_SendData)
    USART_ClearFlag                          0x080037f1   Thumb Code    18  stm32f10x_usart.o(i.USART_ClearFlag)
    USART_ClearITPendingBit                  0x08003803   Thumb Code    30  stm32f10x_usart.o(i.USART_ClearITPendingBit)
    USART_Cmd                                0x08003821   Thumb Code    24  stm32f10x_usart.o(i.USART_Cmd)
    USART_GetFlagStatus                      0x08003839   Thumb Code    26  stm32f10x_usart.o(i.USART_GetFlagStatus)
    USART_GetITStatus                        0x08003853   Thumb Code    84  stm32f10x_usart.o(i.USART_GetITStatus)
    USART_ITConfig                           0x080038a7   Thumb Code    74  stm32f10x_usart.o(i.USART_ITConfig)
    USART_Init                               0x080038f1   Thumb Code   210  stm32f10x_usart.o(i.USART_Init)
    USART_ReceiveData                        0x080039c9   Thumb Code    10  stm32f10x_usart.o(i.USART_ReceiveData)
    USART_SendData                           0x080039d3   Thumb Code     8  stm32f10x_usart.o(i.USART_SendData)
    UsageFault_Handler                       0x080039db   Thumb Code     4  stm32f10x_it.o(i.UsageFault_Handler)
    __ARM_fpclassify                         0x080039df   Thumb Code    40  fpclassify.o(i.__ARM_fpclassify)
    _is_digit                                0x08003a07   Thumb Code    14  __printf_wp.o(i._is_digit)
    main                                     0x08003a15   Thumb Code   178  app.o(i.main)
    _get_lc_numeric                          0x08003b21   Thumb Code    44  lc_numeric_c.o(locale$$code)
    _get_lc_ctype                            0x08003b4d   Thumb Code    44  lc_ctype_c.o(locale$$code)
    _printf_fp_dec                           0x08003b79   Thumb Code     4  printf1.o(x$fpl$printf1)
    OSDebugEn                                0x08003b7c   Data           2  os_dbg.o(.constdata)
    __I$use$fp                               0x08003b7c   Number         0  usenofp.o(x$fpl$usenofp)
    OSEndiannessTest                         0x08003b80   Data           4  os_dbg.o(.constdata)
    OSEventMax                               0x08003b84   Data           2  os_dbg.o(.constdata)
    OSEventNameSize                          0x08003b86   Data           2  os_dbg.o(.constdata)
    OSEventEn                                0x08003b88   Data           2  os_dbg.o(.constdata)
    OSEventSize                              0x08003b8a   Data           2  os_dbg.o(.constdata)
    OSEventTblSize                           0x08003b8c   Data           2  os_dbg.o(.constdata)
    OSFlagEn                                 0x08003b8e   Data           2  os_dbg.o(.constdata)
    OSFlagGrpSize                            0x08003b90   Data           2  os_dbg.o(.constdata)
    OSFlagNodeSize                           0x08003b92   Data           2  os_dbg.o(.constdata)
    OSFlagWidth                              0x08003b94   Data           2  os_dbg.o(.constdata)
    OSFlagMax                                0x08003b96   Data           2  os_dbg.o(.constdata)
    OSFlagNameSize                           0x08003b98   Data           2  os_dbg.o(.constdata)
    OSLowestPrio                             0x08003b9a   Data           2  os_dbg.o(.constdata)
    OSMboxEn                                 0x08003b9c   Data           2  os_dbg.o(.constdata)
    OSMemEn                                  0x08003b9e   Data           2  os_dbg.o(.constdata)
    OSMemMax                                 0x08003ba0   Data           2  os_dbg.o(.constdata)
    OSMemNameSize                            0x08003ba2   Data           2  os_dbg.o(.constdata)
    OSMemSize                                0x08003ba4   Data           2  os_dbg.o(.constdata)
    OSMemTblSize                             0x08003ba6   Data           2  os_dbg.o(.constdata)
    OSMutexEn                                0x08003ba8   Data           2  os_dbg.o(.constdata)
    OSPtrSize                                0x08003baa   Data           2  os_dbg.o(.constdata)
    OSQEn                                    0x08003bac   Data           2  os_dbg.o(.constdata)
    OSQMax                                   0x08003bae   Data           2  os_dbg.o(.constdata)
    OSQSize                                  0x08003bb0   Data           2  os_dbg.o(.constdata)
    OSRdyTblSize                             0x08003bb2   Data           2  os_dbg.o(.constdata)
    OSSemEn                                  0x08003bb4   Data           2  os_dbg.o(.constdata)
    OSStkWidth                               0x08003bb6   Data           2  os_dbg.o(.constdata)
    OSTaskCreateEn                           0x08003bb8   Data           2  os_dbg.o(.constdata)
    OSTaskCreateExtEn                        0x08003bba   Data           2  os_dbg.o(.constdata)
    OSTaskDelEn                              0x08003bbc   Data           2  os_dbg.o(.constdata)
    OSTaskIdleStkSize                        0x08003bbe   Data           2  os_dbg.o(.constdata)
    OSTaskProfileEn                          0x08003bc0   Data           2  os_dbg.o(.constdata)
    OSTaskMax                                0x08003bc2   Data           2  os_dbg.o(.constdata)
    OSTaskNameSize                           0x08003bc4   Data           2  os_dbg.o(.constdata)
    OSTaskStatEn                             0x08003bc6   Data           2  os_dbg.o(.constdata)
    OSTaskStatStkSize                        0x08003bc8   Data           2  os_dbg.o(.constdata)
    OSTaskStatStkChkEn                       0x08003bca   Data           2  os_dbg.o(.constdata)
    OSTaskSwHookEn                           0x08003bcc   Data           2  os_dbg.o(.constdata)
    OSTCBPrioTblMax                          0x08003bce   Data           2  os_dbg.o(.constdata)
    OSTCBSize                                0x08003bd0   Data           2  os_dbg.o(.constdata)
    OSTicksPerSec                            0x08003bd2   Data           2  os_dbg.o(.constdata)
    OSTimeTickHookEn                         0x08003bd4   Data           2  os_dbg.o(.constdata)
    OSVersionNbr                             0x08003bd6   Data           2  os_dbg.o(.constdata)
    OSDataSize                               0x08003bd8   Data           2  os_dbg.o(.constdata)
    OSUnMapTbl                               0x08003bda   Data         256  os_core.o(.constdata)
    Region$$Table$$Base                      0x08003db4   Number         0  anon$$obj.o(Region$$Table)
    Region$$Table$$Limit                     0x08003dd4   Number         0  anon$$obj.o(Region$$Table)
    __ctype                                  0x08003dfd   Data           0  lc_ctype_c.o(locale$$data)
    RecF                                     0x20000000   Data           4  app.o(.data)
    TempByte                                 0x20000004   Data           1  stm32f10x_it.o(.data)
    receTimeOut                              0x20000008   Data           1  modbus.o(.data)
    checkoutError                            0x20000009   Data           1  modbus.o(.data)
    localAddr                                0x2000000a   Data           1  modbus.o(.data)
    Coil                                     0x2000000c   Data           8  modbus.o(.data)
    Rdis                                     0x20000014   Data           8  modbus.o(.data)
    disposeFlag                              0x2000001c   Data           1  modbus.o(.data)
    g_ComData                                0x2000001d   Data           2  dispose.o(.data)
    FifoHead                                 0x20000022   Data           1  uart.o(.data)
    FifoTail                                 0x20000023   Data           1  uart.o(.data)
    receCount                                0x20000024   Data           2  uart.o(.data)
    OSCtxSwCtr                               0x2000003c   Data           4  os_core.o(.data)
    OSEventFreeList                          0x20000040   Data           4  os_core.o(.data)
    OSFlagFreeList                           0x20000044   Data           4  os_core.o(.data)
    OSCPUUsage                               0x20000048   Data           1  os_core.o(.data)
    OSIdleCtrMax                             0x2000004c   Data           4  os_core.o(.data)
    OSIdleCtrRun                             0x20000050   Data           4  os_core.o(.data)
    OSStatRdy                                0x20000054   Data           1  os_core.o(.data)
    OSIntNesting                             0x20000055   Data           1  os_core.o(.data)
    OSLockNesting                            0x20000056   Data           1  os_core.o(.data)
    OSPrioCur                                0x20000057   Data           1  os_core.o(.data)
    OSPrioHighRdy                            0x20000058   Data           1  os_core.o(.data)
    OSRdyGrp                                 0x20000059   Data           1  os_core.o(.data)
    OSRdyTbl                                 0x2000005a   Data           4  os_core.o(.data)
    OSRunning                                0x2000005e   Data           1  os_core.o(.data)
    OSTaskCtr                                0x2000005f   Data           1  os_core.o(.data)
    OSIdleCtr                                0x20000060   Data           4  os_core.o(.data)
    OSTCBCur                                 0x20000064   Data           4  os_core.o(.data)
    OSTCBFreeList                            0x20000068   Data           4  os_core.o(.data)
    OSTCBHighRdy                             0x2000006c   Data           4  os_core.o(.data)
    OSTCBList                                0x20000070   Data           4  os_core.o(.data)
    OSTickStepState                          0x20000074   Data           1  os_core.o(.data)
    OSMemFreeList                            0x20000078   Data           4  os_core.o(.data)
    OSQFreeList                              0x2000007c   Data           4  os_core.o(.data)
    OSTime                                   0x20000080   Data           4  os_core.o(.data)
    OSTmrFree                                0x20000084   Data           2  os_core.o(.data)
    OSTmrUsed                                0x20000086   Data           2  os_core.o(.data)
    OSTmrTime                                0x20000088   Data           4  os_core.o(.data)
    OSTmrSem                                 0x2000008c   Data           4  os_core.o(.data)
    OSTmrSemSignal                           0x20000090   Data           4  os_core.o(.data)
    OSTmrFreeList                            0x20000094   Data           4  os_core.o(.data)
    FifoBuff                                 0x20000c98   Data         256  uart.o(.bss)
    receBuf                                  0x20000d98   Data         255  uart.o(.bss)
    sendBuf                                  0x20000e97   Data         255  uart.o(.bss)
    OSEventTbl                               0x20001098   Data         320  os_core.o(.bss)
    OSFlagTbl                                0x200011d8   Data         140  os_core.o(.bss)
    OSTaskStatStk                            0x20001264   Data         512  os_core.o(.bss)
    OSTaskIdleStk                            0x20001464   Data         512  os_core.o(.bss)
    OSTCBPrioTbl                             0x20001664   Data         128  os_core.o(.bss)
    OSTCBTbl                                 0x200016e4   Data        2024  os_core.o(.bss)
    OSMemTbl                                 0x20001ecc   Data         180  os_core.o(.bss)
    OSQTbl                                   0x20001f80   Data          96  os_core.o(.bss)
    OSTmrTbl                                 0x20001fe0   Data         832  os_core.o(.bss)
    OSTmrTaskStk                             0x20002320   Data         512  os_core.o(.bss)
    OSTmrWheelTbl                            0x20002520   Data          64  os_core.o(.bss)
    __libspace_start                         0x20002560   Data          96  libspace.o(.bss)
    __temporary_stack_top$libspace           0x200025c0   Data           0  libspace.o(.bss)



==============================================================================

Memory Map of the image

  Image Entry point : 0x08000131

  Load Region LR_IROM1 (Base: 0x08000000, Size: 0x00003f98, Max: 0x00080000, ABSOLUTE)

    Execution Region ER_IROM1 (Base: 0x08000000, Size: 0x00003f00, Max: 0x00080000, ABSOLUTE)

    Base Addr    Size         Type   Attr      Idx    E Section Name        Object

    0x08000000   0x00000130   Data   RO         2749    RESET               startup_stm32f10x_hd.o
    0x08000130   0x00000008   Code   RO         3855  * !!!main             c_w.l(__main.o)
    0x08000138   0x00000034   Code   RO         4167    !!!scatter          c_w.l(__scatter.o)
    0x0800016c   0x0000001a   Code   RO         4169    !!handler_copy      c_w.l(__scatter_copy.o)
    0x08000186   0x00000002   PAD
    0x08000188   0x0000001c   Code   RO         4171    !!handler_zi        c_w.l(__scatter_zi.o)
    0x080001a4   0x00000000   Code   RO         3939    .ARM.Collect$$_printf_percent$$00000000  c_w.l(_printf_percent.o)
    0x080001a4   0x00000006   Code   RO         3928    .ARM.Collect$$_printf_percent$$00000001  c_w.l(_printf_n.o)
    0x080001aa   0x00000006   Code   RO         3930    .ARM.Collect$$_printf_percent$$00000002  c_w.l(_printf_p.o)
    0x080001b0   0x00000006   Code   RO         3935    .ARM.Collect$$_printf_percent$$00000003  c_w.l(_printf_f.o)
    0x080001b6   0x00000006   Code   RO         3936    .ARM.Collect$$_printf_percent$$00000004  c_w.l(_printf_e.o)
    0x080001bc   0x00000006   Code   RO         3937    .ARM.Collect$$_printf_percent$$00000005  c_w.l(_printf_g.o)
    0x080001c2   0x00000006   Code   RO         3938    .ARM.Collect$$_printf_percent$$00000006  c_w.l(_printf_a.o)
    0x080001c8   0x0000000a   Code   RO         3943    .ARM.Collect$$_printf_percent$$00000007  c_w.l(_printf_ll.o)
    0x080001d2   0x00000006   Code   RO         3932    .ARM.Collect$$_printf_percent$$00000008  c_w.l(_printf_i.o)
    0x080001d8   0x00000006   Code   RO         3933    .ARM.Collect$$_printf_percent$$00000009  c_w.l(_printf_d.o)
    0x080001de   0x00000006   Code   RO         3934    .ARM.Collect$$_printf_percent$$0000000A  c_w.l(_printf_u.o)
    0x080001e4   0x00000006   Code   RO         3931    .ARM.Collect$$_printf_percent$$0000000B  c_w.l(_printf_o.o)
    0x080001ea   0x00000006   Code   RO         3929    .ARM.Collect$$_printf_percent$$0000000C  c_w.l(_printf_x.o)
    0x080001f0   0x00000006   Code   RO         3940    .ARM.Collect$$_printf_percent$$0000000D  c_w.l(_printf_lli.o)
    0x080001f6   0x00000006   Code   RO         3941    .ARM.Collect$$_printf_percent$$0000000E  c_w.l(_printf_lld.o)
    0x080001fc   0x00000006   Code   RO         3942    .ARM.Collect$$_printf_percent$$0000000F  c_w.l(_printf_llu.o)
    0x08000202   0x00000006   Code   RO         3947    .ARM.Collect$$_printf_percent$$00000010  c_w.l(_printf_llo.o)
    0x08000208   0x00000006   Code   RO         3948    .ARM.Collect$$_printf_percent$$00000011  c_w.l(_printf_llx.o)
    0x0800020e   0x0000000a   Code   RO         3944    .ARM.Collect$$_printf_percent$$00000012  c_w.l(_printf_l.o)
    0x08000218   0x00000006   Code   RO         3926    .ARM.Collect$$_printf_percent$$00000013  c_w.l(_printf_c.o)
    0x0800021e   0x00000006   Code   RO         3927    .ARM.Collect$$_printf_percent$$00000014  c_w.l(_printf_s.o)
    0x08000224   0x00000006   Code   RO         3945    .ARM.Collect$$_printf_percent$$00000015  c_w.l(_printf_lc.o)
    0x0800022a   0x00000006   Code   RO         3946    .ARM.Collect$$_printf_percent$$00000016  c_w.l(_printf_ls.o)
    0x08000230   0x00000004   Code   RO         3978    .ARM.Collect$$_printf_percent$$00000017  c_w.l(_printf_percent_end.o)
    0x08000234   0x00000002   Code   RO         4027    .ARM.Collect$$libinit$$00000000  c_w.l(libinit.o)
    0x08000236   0x00000000   Code   RO         4044    .ARM.Collect$$libinit$$00000002  c_w.l(libinit2.o)
    0x08000236   0x00000000   Code   RO         4046    .ARM.Collect$$libinit$$00000004  c_w.l(libinit2.o)
    0x08000236   0x00000000   Code   RO         4049    .ARM.Collect$$libinit$$0000000A  c_w.l(libinit2.o)
    0x08000236   0x00000000   Code   RO         4051    .ARM.Collect$$libinit$$0000000C  c_w.l(libinit2.o)
    0x08000236   0x00000000   Code   RO         4053    .ARM.Collect$$libinit$$0000000E  c_w.l(libinit2.o)
    0x08000236   0x00000006   Code   RO         4054    .ARM.Collect$$libinit$$0000000F  c_w.l(libinit2.o)
    0x0800023c   0x00000000   Code   RO         4056    .ARM.Collect$$libinit$$00000011  c_w.l(libinit2.o)
    0x0800023c   0x0000000c   Code   RO         4057    .ARM.Collect$$libinit$$00000012  c_w.l(libinit2.o)
    0x08000248   0x00000000   Code   RO         4058    .ARM.Collect$$libinit$$00000013  c_w.l(libinit2.o)
    0x08000248   0x00000000   Code   RO         4060    .ARM.Collect$$libinit$$00000015  c_w.l(libinit2.o)
    0x08000248   0x0000000a   Code   RO         4061    .ARM.Collect$$libinit$$00000016  c_w.l(libinit2.o)
    0x08000252   0x00000000   Code   RO         4062    .ARM.Collect$$libinit$$00000017  c_w.l(libinit2.o)
    0x08000252   0x00000000   Code   RO         4064    .ARM.Collect$$libinit$$00000019  c_w.l(libinit2.o)
    0x08000252   0x00000000   Code   RO         4066    .ARM.Collect$$libinit$$0000001B  c_w.l(libinit2.o)
    0x08000252   0x00000000   Code   RO         4068    .ARM.Collect$$libinit$$0000001D  c_w.l(libinit2.o)
    0x08000252   0x00000000   Code   RO         4070    .ARM.Collect$$libinit$$0000001F  c_w.l(libinit2.o)
    0x08000252   0x00000000   Code   RO         4072    .ARM.Collect$$libinit$$00000021  c_w.l(libinit2.o)
    0x08000252   0x00000000   Code   RO         4074    .ARM.Collect$$libinit$$00000023  c_w.l(libinit2.o)
    0x08000252   0x00000000   Code   RO         4076    .ARM.Collect$$libinit$$00000025  c_w.l(libinit2.o)
    0x08000252   0x00000000   Code   RO         4080    .ARM.Collect$$libinit$$0000002C  c_w.l(libinit2.o)
    0x08000252   0x00000000   Code   RO         4082    .ARM.Collect$$libinit$$0000002E  c_w.l(libinit2.o)
    0x08000252   0x00000000   Code   RO         4084    .ARM.Collect$$libinit$$00000030  c_w.l(libinit2.o)
    0x08000252   0x00000000   Code   RO         4086    .ARM.Collect$$libinit$$00000032  c_w.l(libinit2.o)
    0x08000252   0x00000002   Code   RO         4087    .ARM.Collect$$libinit$$00000033  c_w.l(libinit2.o)
    0x08000254   0x00000002   Code   RO         4107    .ARM.Collect$$libshutdown$$00000000  c_w.l(libshutdown.o)
    0x08000256   0x00000000   Code   RO         4120    .ARM.Collect$$libshutdown$$00000002  c_w.l(libshutdown2.o)
    0x08000256   0x00000000   Code   RO         4122    .ARM.Collect$$libshutdown$$00000004  c_w.l(libshutdown2.o)
    0x08000256   0x00000000   Code   RO         4125    .ARM.Collect$$libshutdown$$00000007  c_w.l(libshutdown2.o)
    0x08000256   0x00000000   Code   RO         4128    .ARM.Collect$$libshutdown$$0000000A  c_w.l(libshutdown2.o)
    0x08000256   0x00000000   Code   RO         4130    .ARM.Collect$$libshutdown$$0000000C  c_w.l(libshutdown2.o)
    0x08000256   0x00000000   Code   RO         4133    .ARM.Collect$$libshutdown$$0000000F  c_w.l(libshutdown2.o)
    0x08000256   0x00000002   Code   RO         4134    .ARM.Collect$$libshutdown$$00000010  c_w.l(libshutdown2.o)
    0x08000258   0x00000000   Code   RO         3857    .ARM.Collect$$rtentry$$00000000  c_w.l(__rtentry.o)
    0x08000258   0x00000000   Code   RO         3952    .ARM.Collect$$rtentry$$00000002  c_w.l(__rtentry2.o)
    0x08000258   0x00000006   Code   RO         3964    .ARM.Collect$$rtentry$$00000004  c_w.l(__rtentry4.o)
    0x0800025e   0x00000000   Code   RO         3954    .ARM.Collect$$rtentry$$00000009  c_w.l(__rtentry2.o)
    0x0800025e   0x00000004   Code   RO         3955    .ARM.Collect$$rtentry$$0000000A  c_w.l(__rtentry2.o)
    0x08000262   0x00000000   Code   RO         3957    .ARM.Collect$$rtentry$$0000000C  c_w.l(__rtentry2.o)
    0x08000262   0x00000008   Code   RO         3958    .ARM.Collect$$rtentry$$0000000D  c_w.l(__rtentry2.o)
    0x0800026a   0x00000002   Code   RO         4036    .ARM.Collect$$rtexit$$00000000  c_w.l(rtexit.o)
    0x0800026c   0x00000000   Code   RO         4089    .ARM.Collect$$rtexit$$00000002  c_w.l(rtexit2.o)
    0x0800026c   0x00000004   Code   RO         4090    .ARM.Collect$$rtexit$$00000003  c_w.l(rtexit2.o)
    0x08000270   0x00000006   Code   RO         4091    .ARM.Collect$$rtexit$$00000004  c_w.l(rtexit2.o)
    0x08000276   0x00000002   PAD
    0x08000278   0x00000040   Code   RO         2750    .text               startup_stm32f10x_hd.o
    0x080002b8   0x0000002a   Code   RO         2754    .text               cpu_a.o
    0x080002e2   0x00000002   PAD
    0x080002e4   0x000000a4   Code   RO         2802    .text               os_cpu_a.o
    0x08000388   0x00000024   Code   RO         3851    .text               c_w.l(c89vsprintf.o)
    0x080003ac   0x00000006   Code   RO         3853    .text               c_w.l(heapauxi.o)
    0x080003b2   0x0000004e   Code   RO         3860    .text               c_w.l(_printf_pad.o)
    0x08000400   0x00000024   Code   RO         3862    .text               c_w.l(_printf_truncate.o)
    0x08000424   0x00000052   Code   RO         3864    .text               c_w.l(_printf_str.o)
    0x08000476   0x00000002   PAD
    0x08000478   0x00000078   Code   RO         3866    .text               c_w.l(_printf_dec.o)
    0x080004f0   0x00000028   Code   RO         3868    .text               c_w.l(_printf_charcount.o)
    0x08000518   0x00000030   Code   RO         3870    .text               c_w.l(_printf_char_common.o)
    0x08000548   0x0000000a   Code   RO         3872    .text               c_w.l(_sputc.o)
    0x08000552   0x00000002   PAD
    0x08000554   0x000000bc   Code   RO         3874    .text               c_w.l(_printf_wctomb.o)
    0x08000610   0x0000007c   Code   RO         3877    .text               c_w.l(_printf_longlong_dec.o)
    0x0800068c   0x00000070   Code   RO         3883    .text               c_w.l(_printf_oct_int_ll.o)
    0x080006fc   0x00000094   Code   RO         3903    .text               c_w.l(_printf_hex_int_ll_ptr.o)
    0x08000790   0x00000188   Code   RO         3923    .text               c_w.l(__printf_flags_ss_wp.o)
    0x08000918   0x0000008a   Code   RO         3966    .text               c_w.l(lludiv10.o)
    0x080009a2   0x000000b2   Code   RO         3968    .text               c_w.l(_printf_intcommon.o)
    0x08000a54   0x0000041a   Code   RO         3970    .text               c_w.l(_printf_fp_dec.o)
    0x08000e6e   0x0000002c   Code   RO         3974    .text               c_w.l(_printf_char.o)
    0x08000e9a   0x0000002c   Code   RO         3976    .text               c_w.l(_printf_wchar.o)
    0x08000ec6   0x00000040   Code   RO         3979    .text               c_w.l(_wcrtomb.o)
    0x08000f06   0x0000004a   Code   RO         3981    .text               c_w.l(sys_stackheap_outer.o)
    0x08000f50   0x00000010   Code   RO         3983    .text               c_w.l(rt_ctype_table.o)
    0x08000f60   0x00000008   Code   RO         3988    .text               c_w.l(rt_locale_intlibspace.o)
    0x08000f68   0x00000080   Code   RO         3990    .text               c_w.l(_printf_fp_infnan.o)
    0x08000fe8   0x000000dc   Code   RO         3992    .text               c_w.l(bigflt0.o)
    0x080010c4   0x00000012   Code   RO         4020    .text               c_w.l(exit.o)
    0x080010d6   0x00000002   PAD
    0x080010d8   0x00000008   Code   RO         4033    .text               c_w.l(libspace.o)
    0x080010e0   0x00000080   Code   RO         4041    .text               c_w.l(strcmpv7m.o)
    0x08001160   0x0000000c   Code   RO         4099    .text               c_w.l(sys_exit.o)
    0x0800116c   0x00000002   Code   RO         4110    .text               c_w.l(use_no_semi.o)
    0x0800116e   0x00000000   Code   RO         4112    .text               c_w.l(indicate_semi.o)
    0x0800116e   0x0000003e   Code   RO         3995    CL$$btod_d2e        c_w.l(btod.o)
    0x080011ac   0x00000046   Code   RO         3997    CL$$btod_d2e_denorm_low  c_w.l(btod.o)
    0x080011f2   0x00000060   Code   RO         3996    CL$$btod_d2e_norm_op1  c_w.l(btod.o)
    0x08001252   0x00000338   Code   RO         4005    CL$$btod_div_common  c_w.l(btod.o)
    0x0800158a   0x000000c6   Code   RO         4002    CL$$btod_e2e        c_w.l(btod.o)
    0x08001650   0x00000028   Code   RO         3999    CL$$btod_ediv       c_w.l(btod.o)
    0x08001678   0x00000028   Code   RO         3998    CL$$btod_emul       c_w.l(btod.o)
    0x080016a0   0x00000244   Code   RO         4004    CL$$btod_mult_common  c_w.l(btod.o)
    0x080018e4   0x00000018   Code   RO          591    i.BSP_Init          bsp.o
    0x080018fc   0x00000004   Code   RO          192    i.BusFault_Handler  stm32f10x_it.o
    0x08001900   0x00000054   Code   RO          530    i.CheckData         dispose.o
    0x08001954   0x00000002   Code   RO          193    i.DebugMon_Handler  stm32f10x_it.o
    0x08001956   0x00000002   PAD
    0x08001958   0x00000088   Code   RO          531    i.Dispose           dispose.o
    0x080019e0   0x0000005c   Code   RO          681    i.FifoWriteOneByte  uart.o
    0x08001a3c   0x00000116   Code   RO         1215    i.GPIO_Init         stm32f10x_gpio.o
    0x08001b52   0x00000002   PAD
    0x08001b54   0x00000090   Code   RO         1217    i.GPIO_PinRemapConfig  stm32f10x_gpio.o
    0x08001be4   0x00000130   Code   RO          654    i.GpioCfg           gpio.o
    0x08001d14   0x00000004   Code   RO          194    i.HardFault_Handler  stm32f10x_it.o
    0x08001d18   0x00000070   Code   RO          682    i.InquireUartRecvBuffer  uart.o
    0x08001d88   0x00000010   Code   RO            4    i.MainTask          app.o
    0x08001d98   0x00000004   Code   RO          195    i.MemManage_Handler  stm32f10x_it.o
    0x08001d9c   0x00000024   Code   RO            5    i.ModbusTask        app.o
    0x08001dc0   0x00000002   Code   RO          196    i.NMI_Handler       stm32f10x_it.o
    0x08001dc2   0x00000002   PAD
    0x08001dc4   0x00000070   Code   RO         1335    i.NVIC_Init         misc.o
    0x08001e34   0x00000014   Code   RO         1336    i.NVIC_PriorityGroupConfig  misc.o
    0x08001e48   0x00000114   Code   RO         2910    i.OSDebugInit       os_dbg.o
    0x08001f5c   0x0000007c   Code   RO         2945    i.OSEventNameSet    os_core.o
    0x08001fd8   0x00000038   Code   RO         2947    i.OSInit            os_core.o
    0x08002010   0x0000000c   Code   RO         2808    i.OSInitHookBegin   os_cpu_c.o
    0x0800201c   0x00000002   Code   RO         2809    i.OSInitHookEnd     os_cpu_c.o
    0x0800201e   0x00000002   PAD
    0x08002020   0x00000090   Code   RO         2949    i.OSIntExit         os_core.o
    0x080020b0   0x00000058   Code   RO         3537    i.OSSemCreate       os_sem.o
    0x08002108   0x000000f8   Code   RO         3539    i.OSSemPend         os_sem.o
    0x08002200   0x00000058   Code   RO         3541    i.OSSemPost         os_sem.o
    0x08002258   0x00000048   Code   RO         2952    i.OSStart           os_core.o
    0x080022a0   0x0000004c   Code   RO         2953    i.OSStatInit        os_core.o
    0x080022ec   0x00000002   Code   RO         2810    i.OSTCBInitHook     os_cpu_c.o
    0x080022ee   0x00000002   PAD
    0x080022f0   0x000000b8   Code   RO         3604    i.OSTaskCreateExt   os_task.o
    0x080023a8   0x00000002   Code   RO         2811    i.OSTaskCreateHook  os_cpu_c.o
    0x080023aa   0x00000002   Code   RO         2813    i.OSTaskIdleHook    os_cpu_c.o
    0x080023ac   0x00000090   Code   RO         3608    i.OSTaskNameSet     os_task.o
    0x0800243c   0x00000002   Code   RO         2814    i.OSTaskStatHook    os_cpu_c.o
    0x0800243e   0x00000002   PAD
    0x08002440   0x0000008c   Code   RO         3611    i.OSTaskStkChk      os_task.o
    0x080024cc   0x0000009a   Code   RO         2815    i.OSTaskStkInit     os_cpu_c.o
    0x08002566   0x00000002   PAD
    0x08002568   0x000000a8   Code   RO         3612    i.OSTaskSuspend     os_task.o
    0x08002610   0x00000002   Code   RO         2816    i.OSTaskSwHook      os_cpu_c.o
    0x08002612   0x00000002   PAD
    0x08002614   0x00000070   Code   RO         3692    i.OSTimeDly         os_time.o
    0x08002684   0x00000070   Code   RO         3693    i.OSTimeDlyHMSM     os_time.o
    0x080026f4   0x0000001c   Code   RO         3696    i.OSTimeSet         os_time.o
    0x08002710   0x000000ec   Code   RO         2954    i.OSTimeTick        os_core.o
    0x080027fc   0x00000024   Code   RO         2817    i.OSTimeTickHook    os_cpu_c.o
    0x08002820   0x00000014   Code   RO         3744    i.OSTmrSignal       os_tmr.o
    0x08002834   0x000000dc   Code   RO         3750    i.OSTmr_Init        os_tmr.o
    0x08002910   0x00000050   Code   RO         3751    i.OSTmr_InitTask    os_tmr.o
    0x08002960   0x0000006c   Code   RO         3752    i.OSTmr_Link        os_tmr.o
    0x080029cc   0x00000014   Code   RO         3753    i.OSTmr_Lock        os_tmr.o
    0x080029e0   0x0000007c   Code   RO         3754    i.OSTmr_Task        os_tmr.o
    0x08002a5c   0x00000044   Code   RO         3755    i.OSTmr_Unlink      os_tmr.o
    0x08002aa0   0x00000010   Code   RO         3756    i.OSTmr_Unlock      os_tmr.o
    0x08002ab0   0x00000090   Code   RO         2957    i.OS_EventTaskRdy   os_core.o
    0x08002b40   0x0000002a   Code   RO         2958    i.OS_EventTaskRemove  os_core.o
    0x08002b6a   0x0000003a   Code   RO         2959    i.OS_EventTaskRemoveMulti  os_core.o
    0x08002ba4   0x0000007c   Code   RO         2960    i.OS_EventTaskWait  os_core.o
    0x08002c20   0x0000001c   Code   RO         2962    i.OS_EventWaitListInit  os_core.o
    0x08002c3c   0x0000004c   Code   RO         3183    i.OS_FlagInit       os_flag.o
    0x08002c88   0x00000050   Code   RO         2963    i.OS_InitEventList  os_core.o
    0x08002cd8   0x00000054   Code   RO         2964    i.OS_InitMisc       os_core.o
    0x08002d2c   0x00000048   Code   RO         2965    i.OS_InitRdyList    os_core.o
    0x08002d74   0x00000068   Code   RO         2966    i.OS_InitTCBList    os_core.o
    0x08002ddc   0x00000050   Code   RO         2967    i.OS_InitTaskIdle   os_core.o
    0x08002e2c   0x00000050   Code   RO         2968    i.OS_InitTaskStat   os_core.o
    0x08002e7c   0x00000012   Code   RO         2969    i.OS_MemClr         os_core.o
    0x08002e8e   0x00000002   PAD
    0x08002e90   0x0000004c   Code   RO         3339    i.OS_MemInit        os_mem.o
    0x08002edc   0x00000038   Code   RO         3462    i.OS_QInit          os_q.o
    0x08002f14   0x00000074   Code   RO         2971    i.OS_Sched          os_core.o
    0x08002f88   0x0000002c   Code   RO         2972    i.OS_SchedNew       os_core.o
    0x08002fb4   0x0000001c   Code   RO         2973    i.OS_StrCopy        os_core.o
    0x08002fd0   0x00000014   Code   RO         2974    i.OS_StrLen         os_core.o
    0x08002fe4   0x00000120   Code   RO         2975    i.OS_TCBInit        os_core.o
    0x08003104   0x00000024   Code   RO         2976    i.OS_TaskIdle       os_core.o
    0x08003128   0x00000088   Code   RO         2977    i.OS_TaskStat       os_core.o
    0x080031b0   0x0000003c   Code   RO         2978    i.OS_TaskStatStkChk  os_core.o
    0x080031ec   0x0000001a   Code   RO         3613    i.OS_TaskStkClr     os_task.o
    0x08003206   0x00000002   PAD
    0x08003208   0x00000020   Code   RO          999    i.RCC_APB1PeriphClockCmd  stm32f10x_rcc.o
    0x08003228   0x00000020   Code   RO         1001    i.RCC_APB2PeriphClockCmd  stm32f10x_rcc.o
    0x08003248   0x00000008   Code   RO          593    i.RCC_Configuration  bsp.o
    0x08003250   0x000000d4   Code   RO         1009    i.RCC_GetClocksFreq  stm32f10x_rcc.o
    0x08003324   0x00000044   Code   RO          341    i.ReceiveOver       modbus.o
    0x08003368   0x00000002   Code   RO          198    i.SVC_Handler       stm32f10x_it.o
    0x0800336a   0x00000002   PAD
    0x0800336c   0x00000028   Code   RO          683    i.SerPrintf         uart.o
    0x08003394   0x0000002a   Code   RO          684    i.SerWrStr          uart.o
    0x080033be   0x00000008   Code   RO          293    i.SetSysClock       system_stm32f10x.o
    0x080033c6   0x00000002   PAD
    0x080033c8   0x000000e0   Code   RO          294    i.SetSysClockTo72   system_stm32f10x.o
    0x080034a8   0x00000020   Code   RO            6    i.SignalTask        app.o
    0x080034c8   0x0000002c   Code   RO          199    i.SysTick_Handler   stm32f10x_it.o
    0x080034f4   0x00000064   Code   RO          594    i.SysTick_Init      bsp.o
    0x08003558   0x00000060   Code   RO          296    i.SystemInit        system_stm32f10x.o
    0x080035b8   0x00000020   Code   RO          200    i.UART4_IRQHandler  stm32f10x_it.o
    0x080035d8   0x000000b0   Code   RO          685    i.USART1_Configuration  uart.o
    0x08003688   0x00000058   Code   RO          201    i.USART1_IRQHandler  stm32f10x_it.o
    0x080036e0   0x000000c8   Code   RO          688    i.USART3_Configuration  uart.o
    0x080037a8   0x00000020   Code   RO          202    i.USART3_IRQHandler  stm32f10x_it.o
    0x080037c8   0x00000028   Code   RO          689    i.USART3_SendData   uart.o
    0x080037f0   0x00000012   Code   RO         1386    i.USART_ClearFlag   stm32f10x_usart.o
    0x08003802   0x0000001e   Code   RO         1387    i.USART_ClearITPendingBit  stm32f10x_usart.o
    0x08003820   0x00000018   Code   RO         1390    i.USART_Cmd         stm32f10x_usart.o
    0x08003838   0x0000001a   Code   RO         1393    i.USART_GetFlagStatus  stm32f10x_usart.o
    0x08003852   0x00000054   Code   RO         1394    i.USART_GetITStatus  stm32f10x_usart.o
    0x080038a6   0x0000004a   Code   RO         1396    i.USART_ITConfig    stm32f10x_usart.o
    0x080038f0   0x000000d8   Code   RO         1397    i.USART_Init        stm32f10x_usart.o
    0x080039c8   0x0000000a   Code   RO         1404    i.USART_ReceiveData  stm32f10x_usart.o
    0x080039d2   0x00000008   Code   RO         1407    i.USART_SendData    stm32f10x_usart.o
    0x080039da   0x00000004   Code   RO          203    i.UsageFault_Handler  stm32f10x_it.o
    0x080039de   0x00000028   Code   RO         4031    i.__ARM_fpclassify  m_ws.l(fpclassify.o)
    0x08003a06   0x0000000e   Code   RO         3916    i._is_digit         c_w.l(__printf_wp.o)
    0x08003a14   0x0000010c   Code   RO            7    i.main              app.o
    0x08003b20   0x0000002c   Code   RO         4018    locale$$code        c_w.l(lc_numeric_c.o)
    0x08003b4c   0x0000002c   Code   RO         4039    locale$$code        c_w.l(lc_ctype_c.o)
    0x08003b78   0x00000004   Code   RO         3949    x$fpl$printf1       fz_ws.l(printf1.o)
    0x08003b7c   0x00000000   Code   RO         4030    x$fpl$usenofp       fz_ws.l(usenofp.o)
    0x08003b7c   0x0000005e   Data   RO         2911    .constdata          os_dbg.o
    0x08003bda   0x00000100   Data   RO         2980    .constdata          os_core.o
    0x08003cda   0x00000002   PAD
    0x08003cdc   0x00000008   Data   RO         3875    .constdata          c_w.l(_printf_wctomb.o)
    0x08003ce4   0x00000028   Data   RO         3904    .constdata          c_w.l(_printf_hex_int_ll_ptr.o)
    0x08003d0c   0x00000011   Data   RO         3924    .constdata          c_w.l(__printf_flags_ss_wp.o)
    0x08003d1d   0x00000003   PAD
    0x08003d20   0x00000094   Data   RO         3993    .constdata          c_w.l(bigflt0.o)
    0x08003db4   0x00000020   Data   RO         4165    Region$$Table       anon$$obj.o
    0x08003dd4   0x0000001c   Data   RO         4017    locale$$data        c_w.l(lc_numeric_c.o)
    0x08003df0   0x00000110   Data   RO         4038    locale$$data        c_w.l(lc_ctype_c.o)


    Execution Region RW_IRAM1 (Base: 0x20000000, Size: 0x00002bc0, Max: 0x00010000, ABSOLUTE)

    Base Addr    Size         Type   Attr      Idx    E Section Name        Object

    0x20000000   0x00000004   Data   RW            9    .data               app.o
    0x20000004   0x00000001   Data   RW          204    .data               stm32f10x_it.o
    0x20000005   0x00000003   PAD
    0x20000008   0x00000015   Data   RW          357    .data               modbus.o
    0x2000001d   0x00000004   Data   RW          532    .data               dispose.o
    0x20000021   0x00000001   PAD
    0x20000022   0x00000004   Data   RW          695    .data               uart.o
    0x20000026   0x00000014   Data   RW         1029    .data               stm32f10x_rcc.o
    0x2000003a   0x00000002   Data   RW         2820    .data               os_cpu_c.o
    0x2000003c   0x0000005c   Data   RW         2981    .data               os_core.o
    0x20000098   0x00000c00   Zero   RW            8    .bss                app.o
    0x20000c98   0x000003fd   Zero   RW          694    .bss                uart.o
    0x20001095   0x00000003   PAD
    0x20001098   0x000014c8   Zero   RW         2979    .bss                os_core.o
    0x20002560   0x00000060   Zero   RW         4034    .bss                c_w.l(libspace.o)
    0x200025c0   0x00000200   Zero   RW         2748    HEAP                startup_stm32f10x_hd.o
    0x200027c0   0x00000400   Zero   RW         2747    STACK               startup_stm32f10x_hd.o


==============================================================================

Image component sizes


      Code (inc. data)   RO Data    RW Data    ZI Data      Debug   Object Name

       352        102          0          4       3072     221491   app.o
       132          8          0          0          0      34721   bsp.o
        42          0          0          0          0        284   cpu_a.o
       220         38          0          4          0       1374   dispose.o
       304         20          0          0          0       9042   gpio.o
       132         22          0          0          0       3227   misc.o
        68         18          0         21          0      26591   modbus.o
      2350        386        256         92       5320      26109   os_core.o
       164         32          0          0          0        324   os_cpu_a.o
       214         10          0          2          0      16298   os_cpu_c.o
       276        182         94          0          0      13892   os_dbg.o
        76          8          0          0          0        574   os_flag.o
        76          8          0          0          0        545   os_mem.o
        56         10          0          0          0        535   os_q.o
       424         24          0          0          0       2474   os_sem.o
       662         48          0          0          0       4617   os_task.o
       252         24          0          0          0       2008   os_time.o
       656        126          0          0          0       4771   os_tmr.o
        64         26        304          0       1536        824   startup_stm32f10x_hd.o
       422          6          0          0          0       2774   stm32f10x_gpio.o
       218         40          0          1          0       5147   stm32f10x_it.o
       276         32          0         20          0       4418   stm32f10x_rcc.o
       490          6          0          0          0       7309   stm32f10x_usart.o
       328         28          0          0          0       1885   system_stm32f10x.o
       702         60          0          4       1021       5342   uart.o

    ----------------------------------------------------------------------
      8982       1264        688        152      10952     396576   Object Totals
         0          0         32          0          0          0   (incl. Generated)
        26          0          2          4          3          0   (incl. Padding)

    ----------------------------------------------------------------------

      Code (inc. data)   RO Data    RW Data    ZI Data      Debug   Library Member Name

         8          0          0          0          0         68   __main.o
       392          4         17          0          0         92   __printf_flags_ss_wp.o
        14          0          0          0          0         68   __printf_wp.o
         0          0          0          0          0          0   __rtentry.o
        12          0          0          0          0          0   __rtentry2.o
         6          0          0          0          0          0   __rtentry4.o
        52          8          0          0          0          0   __scatter.o
        26          0          0          0          0          0   __scatter_copy.o
        28          0          0          0          0          0   __scatter_zi.o
         6          0          0          0          0          0   _printf_a.o
         6          0          0          0          0          0   _printf_c.o
        44          0          0          0          0        108   _printf_char.o
        48          6          0          0          0         96   _printf_char_common.o
        40          0          0          0          0         68   _printf_charcount.o
         6          0          0          0          0          0   _printf_d.o
       120         16          0          0          0         92   _printf_dec.o
         6          0          0          0          0          0   _printf_e.o
         6          0          0          0          0          0   _printf_f.o
      1050          0          0          0          0        216   _printf_fp_dec.o
       128         16          0          0          0         84   _printf_fp_infnan.o
         6          0          0          0          0          0   _printf_g.o
       148          4         40          0          0        160   _printf_hex_int_ll_ptr.o
         6          0          0          0          0          0   _printf_i.o
       178          0          0          0          0         88   _printf_intcommon.o
        10          0          0          0          0          0   _printf_l.o
         6          0          0          0          0          0   _printf_lc.o
        10          0          0          0          0          0   _printf_ll.o
         6          0          0          0          0          0   _printf_lld.o
         6          0          0          0          0          0   _printf_lli.o
         6          0          0          0          0          0   _printf_llo.o
         6          0          0          0          0          0   _printf_llu.o
         6          0          0          0          0          0   _printf_llx.o
       124         16          0          0          0         92   _printf_longlong_dec.o
         6          0          0          0          0          0   _printf_ls.o
         6          0          0          0          0          0   _printf_n.o
         6          0          0          0          0          0   _printf_o.o
       112         10          0          0          0        124   _printf_oct_int_ll.o
         6          0          0          0          0          0   _printf_p.o
        78          0          0          0          0        108   _printf_pad.o
         0          0          0          0          0          0   _printf_percent.o
         4          0          0          0          0          0   _printf_percent_end.o
         6          0          0          0          0          0   _printf_s.o
        82          0          0          0          0         80   _printf_str.o
        36          0          0          0          0         84   _printf_truncate.o
         6          0          0          0          0          0   _printf_u.o
        44          0          0          0          0        108   _printf_wchar.o
       188          6          8          0          0         92   _printf_wctomb.o
         6          0          0          0          0          0   _printf_x.o
        10          0          0          0          0         68   _sputc.o
        64          0          0          0          0         92   _wcrtomb.o
       220          4        148          0          0         96   bigflt0.o
      1910        128          0          0          0        672   btod.o
        36          4          0          0          0         76   c89vsprintf.o
        18          0          0          0          0         80   exit.o
         6          0          0          0          0        152   heapauxi.o
         0          0          0          0          0          0   indicate_semi.o
        44         10        272          0          0         76   lc_ctype_c.o
        44         10         28          0          0         76   lc_numeric_c.o
         2          0          0          0          0          0   libinit.o
        30          0          0          0          0          0   libinit2.o
         2          0          0          0          0          0   libshutdown.o
         2          0          0          0          0          0   libshutdown2.o
         8          4          0          0         96         68   libspace.o
       138          0          0          0          0         80   lludiv10.o
        16          4          0          0          0         76   rt_ctype_table.o
         8          4          0          0          0         68   rt_locale_intlibspace.o
         2          0          0          0          0          0   rtexit.o
        10          0          0          0          0          0   rtexit2.o
       128          0          0          0          0         68   strcmpv7m.o
        12          4          0          0          0         68   sys_exit.o
        74          0          0          0          0         80   sys_stackheap_outer.o
         2          0          0          0          0         68   use_no_semi.o
         4          0          0          0          0         68   printf1.o
         0          0          0          0          0          0   usenofp.o
        40          0          0          0          0         68   fpclassify.o

    ----------------------------------------------------------------------
      5942        258        516          0         96       3928   Library Totals
        10          0          3          0          0          0   (incl. Padding)

    ----------------------------------------------------------------------

      Code (inc. data)   RO Data    RW Data    ZI Data      Debug   Library Name

      5888        258        513          0         96       3792   c_w.l
         4          0          0          0          0         68   fz_ws.l
        40          0          0          0          0         68   m_ws.l

    ----------------------------------------------------------------------
      5942        258        516          0         96       3928   Library Totals

    ----------------------------------------------------------------------

==============================================================================


      Code (inc. data)   RO Data    RW Data    ZI Data      Debug   

     14924       1522       1204        152      11048     393116   Grand Totals
     14924       1522       1204        152      11048     393116   ELF Image Totals
     14924       1522       1204        152          0          0   ROM Totals

==============================================================================

    Total RO  Size (Code + RO Data)                16128 (  15.75kB)
    Total RW  Size (RW Data + ZI Data)             11200 (  10.94kB)
    Total ROM Size (Code + RO Data + RW Data)      16280 (  15.90kB)

==============================================================================

